Archive member included to satisfy reference by file (symbol)

/Applications/STM32CubeIDE.app/Contents/Eclipse/plugins/com.st.stm32cube.ide.mcu.externaltools.gnu-tools-for-stm32.11.3.rel1.macos64_1.1.100.202310310803/tools/bin/../lib/gcc/arm-none-eabi/11.3.1/../../../../arm-none-eabi/lib/thumb/v7e-m+fp/hard/libc_nano.a(libc_a-exit.o)
                              /Applications/STM32CubeIDE.app/Contents/Eclipse/plugins/com.st.stm32cube.ide.mcu.externaltools.gnu-tools-for-stm32.11.3.rel1.macos64_1.1.100.202310310803/tools/bin/../lib/gcc/arm-none-eabi/11.3.1/../../../../arm-none-eabi/lib/thumb/v7e-m+fp/hard/crt0.o (exit)
/Applications/STM32CubeIDE.app/Contents/Eclipse/plugins/com.st.stm32cube.ide.mcu.externaltools.gnu-tools-for-stm32.11.3.rel1.macos64_1.1.100.202310310803/tools/bin/../lib/gcc/arm-none-eabi/11.3.1/../../../../arm-none-eabi/lib/thumb/v7e-m+fp/hard/libc_nano.a(libc_a-findfp.o)
                              /Applications/STM32CubeIDE.app/Contents/Eclipse/plugins/com.st.stm32cube.ide.mcu.externaltools.gnu-tools-for-stm32.11.3.rel1.macos64_1.1.100.202310310803/tools/bin/../lib/gcc/arm-none-eabi/11.3.1/../../../../arm-none-eabi/lib/thumb/v7e-m+fp/hard/libc_nano.a(libc_a-exit.o) (__stdio_exit_handler)
/Applications/STM32CubeIDE.app/Contents/Eclipse/plugins/com.st.stm32cube.ide.mcu.externaltools.gnu-tools-for-stm32.11.3.rel1.macos64_1.1.100.202310310803/tools/bin/../lib/gcc/arm-none-eabi/11.3.1/../../../../arm-none-eabi/lib/thumb/v7e-m+fp/hard/libc_nano.a(libc_a-fwalk.o)
                              /Applications/STM32CubeIDE.app/Contents/Eclipse/plugins/com.st.stm32cube.ide.mcu.externaltools.gnu-tools-for-stm32.11.3.rel1.macos64_1.1.100.202310310803/tools/bin/../lib/gcc/arm-none-eabi/11.3.1/../../../../arm-none-eabi/lib/thumb/v7e-m+fp/hard/libc_nano.a(libc_a-findfp.o) (_fwalk_sglue)
/Applications/STM32CubeIDE.app/Contents/Eclipse/plugins/com.st.stm32cube.ide.mcu.externaltools.gnu-tools-for-stm32.11.3.rel1.macos64_1.1.100.202310310803/tools/bin/../lib/gcc/arm-none-eabi/11.3.1/../../../../arm-none-eabi/lib/thumb/v7e-m+fp/hard/libc_nano.a(libc_a-memcmp.o)
                              ./common/third_party/SEGGER/OS/SEGGER_SYSVIEW_FreeRTOS.o (memcmp)
/Applications/STM32CubeIDE.app/Contents/Eclipse/plugins/com.st.stm32cube.ide.mcu.externaltools.gnu-tools-for-stm32.11.3.rel1.macos64_1.1.100.202310310803/tools/bin/../lib/gcc/arm-none-eabi/11.3.1/../../../../arm-none-eabi/lib/thumb/v7e-m+fp/hard/libc_nano.a(libc_a-memset.o)
                              /Applications/STM32CubeIDE.app/Contents/Eclipse/plugins/com.st.stm32cube.ide.mcu.externaltools.gnu-tools-for-stm32.11.3.rel1.macos64_1.1.100.202310310803/tools/bin/../lib/gcc/arm-none-eabi/11.3.1/../../../../arm-none-eabi/lib/thumb/v7e-m+fp/hard/crt0.o (memset)
/Applications/STM32CubeIDE.app/Contents/Eclipse/plugins/com.st.stm32cube.ide.mcu.externaltools.gnu-tools-for-stm32.11.3.rel1.macos64_1.1.100.202310310803/tools/bin/../lib/gcc/arm-none-eabi/11.3.1/../../../../arm-none-eabi/lib/thumb/v7e-m+fp/hard/libc_nano.a(libc_a-impure.o)
                              /Applications/STM32CubeIDE.app/Contents/Eclipse/plugins/com.st.stm32cube.ide.mcu.externaltools.gnu-tools-for-stm32.11.3.rel1.macos64_1.1.100.202310310803/tools/bin/../lib/gcc/arm-none-eabi/11.3.1/../../../../arm-none-eabi/lib/thumb/v7e-m+fp/hard/libc_nano.a(libc_a-findfp.o) (_impure_data)
/Applications/STM32CubeIDE.app/Contents/Eclipse/plugins/com.st.stm32cube.ide.mcu.externaltools.gnu-tools-for-stm32.11.3.rel1.macos64_1.1.100.202310310803/tools/bin/../lib/gcc/arm-none-eabi/11.3.1/../../../../arm-none-eabi/lib/thumb/v7e-m+fp/hard/libc_nano.a(libc_a-errno.o)
                              ./Core/Src/syscalls.o (__errno)
/Applications/STM32CubeIDE.app/Contents/Eclipse/plugins/com.st.stm32cube.ide.mcu.externaltools.gnu-tools-for-stm32.11.3.rel1.macos64_1.1.100.202310310803/tools/bin/../lib/gcc/arm-none-eabi/11.3.1/../../../../arm-none-eabi/lib/thumb/v7e-m+fp/hard/libc_nano.a(libc_a-init.o)
                              /Applications/STM32CubeIDE.app/Contents/Eclipse/plugins/com.st.stm32cube.ide.mcu.externaltools.gnu-tools-for-stm32.11.3.rel1.macos64_1.1.100.202310310803/tools/bin/../lib/gcc/arm-none-eabi/11.3.1/../../../../arm-none-eabi/lib/thumb/v7e-m+fp/hard/crt0.o (__libc_init_array)
/Applications/STM32CubeIDE.app/Contents/Eclipse/plugins/com.st.stm32cube.ide.mcu.externaltools.gnu-tools-for-stm32.11.3.rel1.macos64_1.1.100.202310310803/tools/bin/../lib/gcc/arm-none-eabi/11.3.1/../../../../arm-none-eabi/lib/thumb/v7e-m+fp/hard/libc_nano.a(libc_a-lock.o)
                              /Applications/STM32CubeIDE.app/Contents/Eclipse/plugins/com.st.stm32cube.ide.mcu.externaltools.gnu-tools-for-stm32.11.3.rel1.macos64_1.1.100.202310310803/tools/bin/../lib/gcc/arm-none-eabi/11.3.1/../../../../arm-none-eabi/lib/thumb/v7e-m+fp/hard/libc_nano.a(libc_a-findfp.o) (__retarget_lock_init_recursive)
[...]
Memory Configuration

Name             Origin             Length             Attributes
RAM              0x0000000020000000 0x0000000000020000 xrw
FLASH            0x0000000008000000 0x0000000000080000 xr
*default*        0x0000000000000000 0xffffffffffffffff

Linker script and memory map

LOAD /Applications/STM32CubeIDE.app/Contents/Eclipse/plugins/com.st.stm32cube.ide.mcu.externaltools.gnu-tools-for-stm32.11.3.rel1.macos64_1.1.100.202310310803/tools/bin/../lib/gcc/arm-none-eabi/11.3.1/thumb/v7e-m+fp/hard/crti.o
LOAD /Applications/STM32CubeIDE.app/Contents/Eclipse/plugins/com.st.stm32cube.ide.mcu.externaltools.gnu-tools-for-stm32.11.3.rel1.macos64_1.1.100.202310310803/tools/bin/../lib/gcc/arm-none-eabi/11.3.1/thumb/v7e-m+fp/hard/crtbegin.o
LOAD /Applications/STM32CubeIDE.app/Contents/Eclipse/plugins/com.st.stm32cube.ide.mcu.externaltools.gnu-tools-for-stm32.11.3.rel1.macos64_1.1.100.202310310803/tools/bin/../lib/gcc/arm-none-eabi/11.3.1/../../../../arm-none-eabi/lib/thumb/v7e-m+fp/hard/crt0.o
LOAD ./Core/Src/main.o
LOAD ./Core/Src/stm32f4xx_hal_msp.o
LOAD ./Core/Src/stm32f4xx_hal_timebase_tim.o
LOAD ./Core/Src/stm32f4xx_it.o
LOAD ./Core/Src/syscalls.o
LOAD ./Core/Src/sysmem.o
LOAD ./Core/Src/system_stm32f4xx.o
LOAD ./Core/Startup/startup_stm32f411retx.o
LOAD ./Drivers/STM32F4xx_HAL_Driver/Src/stm32f4xx_hal.o
LOAD ./Drivers/STM32F4xx_HAL_Driver/Src/stm32f4xx_hal_cortex.o
LOAD ./Drivers/STM32F4xx_HAL_Driver/Src/stm32f4xx_hal_dma.o
LOAD ./Drivers/STM32F4xx_HAL_Driver/Src/stm32f4xx_hal_dma_ex.o
LOAD ./Drivers/STM32F4xx_HAL_Driver/Src/stm32f4xx_hal_exti.o
LOAD ./Drivers/STM32F4xx_HAL_Driver/Src/stm32f4xx_hal_flash.o
LOAD ./Drivers/STM32F4xx_HAL_Driver/Src/stm32f4xx_hal_flash_ex.o
LOAD ./Drivers/STM32F4xx_HAL_Driver/Src/stm32f4xx_hal_flash_ramfunc.o
LOAD ./Drivers/STM32F4xx_HAL_Driver/Src/stm32f4xx_hal_gpio.o
LOAD ./Drivers/STM32F4xx_HAL_Driver/Src/stm32f4xx_hal_pwr.o
LOAD ./Drivers/STM32F4xx_HAL_Driver/Src/stm32f4xx_hal_pwr_ex.o
LOAD ./Drivers/STM32F4xx_HAL_Driver/Src/stm32f4xx_hal_rcc.o
LOAD ./Drivers/STM32F4xx_HAL_Driver/Src/stm32f4xx_hal_rcc_ex.o
LOAD ./Drivers/STM32F4xx_HAL_Driver/Src/stm32f4xx_hal_tim.o
LOAD ./Drivers/STM32F4xx_HAL_Driver/Src/stm32f4xx_hal_tim_ex.o
LOAD ./common/third_party/FreeRTOS/croutine.o
LOAD ./common/third_party/FreeRTOS/event_groups.o
LOAD ./common/third_party/FreeRTOS/list.o
LOAD ./common/third_party/FreeRTOS/queue.o
LOAD ./common/third_party/FreeRTOS/stream_buffer.o
LOAD ./common/third_party/FreeRTOS/tasks.o
LOAD ./common/third_party/FreeRTOS/timers.o
LOAD ./common/third_party/FreeRTOS/portable/GCC/ARM_CM4F/port.o
LOAD ./common/third_party/FreeRTOS/portable/MemMang/heap_4.o
LOAD ./common/third_party/SEGGER/OS/SEGGER_SYSVIEW_FreeRTOS.o
LOAD ./common/third_party/SEGGER/Rec/segger_uart.o
LOAD ./common/third_party/SEGGER/SEGGER/SEGGER_RTT.o
LOAD ./common/third_party/SEGGER/SEGGER/SEGGER_RTT_ASM_ARMv7M.o
LOAD ./common/third_party/SEGGER/SEGGER/SEGGER_RTT_printf.o
LOAD ./common/third_party/SEGGER/SEGGER/SEGGER_SYSVIEW.o
LOAD ./common/third_party/SEGGER/SEGGER/Syscalls/SEGGER_RTT_Syscalls_GCC.o
LOAD ./common/third_party/SEGGER/config/SEGGER_SYSVIEW_Config_FreeRTOS.o
START GROUP
LOAD /Applications/STM32CubeIDE.app/Contents/Eclipse/plugins/com.st.stm32cube.ide.mcu.externaltools.gnu-tools-for-stm32.11.3.rel1.macos64_1.1.100.202310310803/tools/bin/../lib/gcc/arm-none-eabi/11.3.1/../../../../arm-none-eabi/lib/thumb/v7e-m+fp/hard/libc_nano.a
LOAD /Applications/STM32CubeIDE.app/Contents/Eclipse/plugins/com.st.stm32cube.ide.mcu.externaltools.gnu-tools-for-stm32.11.3.rel1.macos64_1.1.100.202310310803/tools/bin/../lib/gcc/arm-none-eabi/11.3.1/../../../../arm-none-eabi/lib/thumb/v7e-m+fp/hard/libm.a
END GROUP
START GROUP
LOAD /Applications/STM32CubeIDE.app/Contents/Eclipse/plugins/com.st.stm32cube.ide.mcu.externaltools.gnu-tools-for-stm32.11.3.rel1.macos64_1.1.100.202310310803/tools/bin/../lib/gcc/arm-none-eabi/11.3.1/thumb/v7e-m+fp/hard/libgcc.a
LOAD /Applications/STM32CubeIDE.app/Contents/Eclipse/plugins/com.st.stm32cube.ide.mcu.externaltools.gnu-tools-for-stm32.11.3.rel1.macos64_1.1.100.202310310803/tools/bin/../lib/gcc/arm-none-eabi/11.3.1/../../../../arm-none-eabi/lib/thumb/v7e-m+fp/hard/libc_nano.a
END GROUP
START GROUP
LOAD /Applications/STM32CubeIDE.app/Contents/Eclipse/plugins/com.st.stm32cube.ide.mcu.externaltools.gnu-tools-for-stm32.11.3.rel1.macos64_1.1.100.202310310803/tools/bin/../lib/gcc/arm-none-eabi/11.3.1/thumb/v7e-m+fp/hard/libgcc.a
LOAD /Applications/STM32CubeIDE.app/Contents/Eclipse/plugins/com.st.stm32cube.ide.mcu.externaltools.gnu-tools-for-stm32.11.3.rel1.macos64_1.1.100.202310310803/tools/bin/../lib/gcc/arm-none-eabi/11.3.1/../../../../arm-none-eabi/lib/thumb/v7e-m+fp/hard/libc_nano.a
LOAD /Applications/STM32CubeIDE.app/Contents/Eclipse/plugins/com.st.stm32cube.ide.mcu.externaltools.gnu-tools-for-stm32.11.3.rel1.macos64_1.1.100.202310310803/tools/bin/../lib/gcc/arm-none-eabi/11.3.1/../../../../arm-none-eabi/lib/thumb/v7e-m+fp/hard/libnosys.a
END GROUP
START GROUP
LOAD /Applications/STM32CubeIDE.app/Contents/Eclipse/plugins/com.st.stm32cube.ide.mcu.externaltools.gnu-tools-for-stm32.11.3.rel1.macos64_1.1.100.202310310803/tools/bin/../lib/gcc/arm-none-eabi/11.3.1/thumb/v7e-m+fp/hard/libgcc.a
LOAD /Applications/STM32CubeIDE.app/Contents/Eclipse/plugins/com.st.stm32cube.ide.mcu.externaltools.gnu-tools-for-stm32.11.3.rel1.macos64_1.1.100.202310310803/tools/bin/../lib/gcc/arm-none-eabi/11.3.1/../../../../arm-none-eabi/lib/thumb/v7e-m+fp/hard/libc_nano.a
LOAD /Applications/STM32CubeIDE.app/Contents/Eclipse/plugins/com.st.stm32cube.ide.mcu.externaltools.gnu-tools-for-stm32.11.3.rel1.macos64_1.1.100.202310310803/tools/bin/../lib/gcc/arm-none-eabi/11.3.1/../../../../arm-none-eabi/lib/thumb/v7e-m+fp/hard/libnosys.a
END GROUP
LOAD /Applications/STM32CubeIDE.app/Contents/Eclipse/plugins/com.st.stm32cube.ide.mcu.externaltools.gnu-tools-for-stm32.11.3.rel1.macos64_1.1.100.202310310803/tools/bin/../lib/gcc/arm-none-eabi/11.3.1/thumb/v7e-m+fp/hard/crtend.o
LOAD /Applications/STM32CubeIDE.app/Contents/Eclipse/plugins/com.st.stm32cube.ide.mcu.externaltools.gnu-tools-for-stm32.11.3.rel1.macos64_1.1.100.202310310803/tools/bin/../lib/gcc/arm-none-eabi/11.3.1/thumb/v7e-m+fp/hard/crtn.o
                0x0000000020020000                _estack = (ORIGIN (RAM) + LENGTH (RAM))
                0x0000000000000200                _Min_Heap_Size = 0x200
                0x0000000000000400                _Min_Stack_Size = 0x400

.isr_vector     0x0000000008000000      0x198
                0x0000000008000000                . = ALIGN (0x4)
 *(.isr_vector)
 .isr_vector    0x0000000008000000      0x198 ./Core/Startup/startup_stm32f411retx.o
                0x0000000008000000                g_pfnVectors
                0x0000000008000198                . = ALIGN (0x4)

.text           0x00000000080001a0     0x7390
                0x00000000080001a0                . = ALIGN (0x4)
 *(.text)
 .text          0x00000000080001a0       0x40 /Applications/STM32CubeIDE.app/Contents/Eclipse/plugins/com.st.stm32cube.ide.mcu.externaltools.gnu-tools-for-stm32.11.3.rel1.macos64_1.1.100.202310310803/tools/bin/../lib/gcc/arm-none-eabi/11.3.1/thumb/v7e-m+fp/hard/crtbegin.o
 .text          0x00000000080001e0       0x94 ./common/third_party/SEGGER/SEGGER/SEGGER_RTT_ASM_ARMv7M.o
                0x00000000080001e0                SEGGER_RTT_ASM_WriteSkipNoLock
 .text          0x0000000008000274       0x30 /Applications/STM32CubeIDE.app/Contents/Eclipse/plugins/com.st.stm32cube.ide.mcu.externaltools.gnu-tools-for-stm32.11.3.rel1.macos64_1.1.100.202310310803/tools/bin/../lib/gcc/arm-none-eabi/11.3.1/thumb/v7e-m+fp/hard/libgcc.a(_aeabi_uldivmod.o)
                0x0000000008000274                __aeabi_uldivmod
 .text          0x00000000080002a4      0x2c8 /Applications/STM32CubeIDE.app/Contents/Eclipse/plugins/com.st.stm32cube.ide.mcu.externaltools.gnu-tools-for-stm32.11.3.rel1.macos64_1.1.100.202310310803/tools/bin/../lib/gcc/arm-none-eabi/11.3.1/thumb/v7e-m+fp/hard/libgcc.a(_udivmoddi4.o)
                0x00000000080002a4                __udivmoddi4
 .text          0x000000000800056c        0x4 /Applications/STM32CubeIDE.app/Contents/Eclipse/plugins/com.st.stm32cube.ide.mcu.externaltools.gnu-tools-for-stm32.11.3.rel1.macos64_1.1.100.202310310803/tools/bin/../lib/gcc/arm-none-eabi/11.3.1/thumb/v7e-m+fp/hard/libgcc.a(_dvmd_tls.o)
                0x000000000800056c                __aeabi_ldiv0
                0x000000000800056c                __aeabi_idiv0
 *(.text*)
 .text.main     0x0000000008000570      0x148 ./Core/Src/main.o
                0x0000000008000570                main
 .text.SystemClock_Config
                0x00000000080006b8       0xd0 ./Core/Src/main.o
                0x00000000080006b8                SystemClock_Config
 .text.MX_GPIO_Init
                0x0000000008000788       0xc4 ./Core/Src/main.o
 .text.task1_handler
                0x000000000800084c       0x4c ./Core/Src/main.o
 .text.task2_handler
                0x0000000008000898       0x4c ./Core/Src/main.o
 .text.task3_handler
                0x00000000080008e4       0x4c ./Core/Src/main.o
 .text.btn_handler
                0x0000000008000930       0xbc ./Core/Src/main.o
 .text.HAL_TIM_PeriodElapsedCallback
                0x00000000080009ec       0x24 ./Core/Src/main.o
                0x00000000080009ec                HAL_TIM_PeriodElapsedCallback
 .text.Error_Handler
                0x0000000008000a10        0xa ./Core/Src/main.o
                0x0000000008000a10                Error_Handler
 *fill*         0x0000000008000a1a        0x2 
 .text.HAL_MspInit
                0x0000000008000a1c       0x50 ./Core/Src/stm32f4xx_hal_msp.o
                0x0000000008000a1c                HAL_MspInit
 .text.HAL_InitTick
                0x0000000008000a6c       0xf8 ./Core/Src/stm32f4xx_hal_timebase_tim.o
                0x0000000008000a6c                HAL_InitTick
 .text.NMI_Handler
                0x0000000008000b64        0x6 ./Core/Src/stm32f4xx_it.o
                0x0000000008000b64                NMI_Handler
 .text.HardFault_Handler
                0x0000000008000b6a        0x6 ./Core/Src/stm32f4xx_it.o
                0x0000000008000b6a                HardFault_Handler
 .text.MemManage_Handler
                0x0000000008000b70        0x6 ./Core/Src/stm32f4xx_it.o
                0x0000000008000b70                MemManage_Handler
 .text.BusFault_Handler
                0x0000000008000b76        0x6 ./Core/Src/stm32f4xx_it.o
                0x0000000008000b76                BusFault_Handler
 .text.UsageFault_Handler
                0x0000000008000b7c        0x6 ./Core/Src/stm32f4xx_it.o
                0x0000000008000b7c                UsageFault_Handler
 .text.DebugMon_Handler
                0x0000000008000b82        0xe ./Core/Src/stm32f4xx_it.o
                0x0000000008000b82                DebugMon_Handler
 .text.TIM4_IRQHandler
                0x0000000008000b90       0x14 ./Core/Src/stm32f4xx_it.o
                0x0000000008000b90                TIM4_IRQHandler
 .text.SystemInit
                0x0000000008000ba4       0x24 ./Core/Src/system_stm32f4xx.o
                0x0000000008000ba4                SystemInit
 .text.Reset_Handler
                0x0000000008000bc8       0x50 ./Core/Startup/startup_stm32f411retx.o
                0x0000000008000bc8                Reset_Handler
 .text.Default_Handler
                0x0000000008000c18        0x2 ./Core/Startup/startup_stm32f411retx.o
                0x0000000008000c18                DMA1_Stream3_IRQHandler
                0x0000000008000c18                EXTI2_IRQHandler
                0x0000000008000c18                SPI4_IRQHandler
                0x0000000008000c18                TIM1_CC_IRQHandler
                0x0000000008000c18                DMA2_Stream5_IRQHandler
                0x0000000008000c18                DMA1_Stream5_IRQHandler
                0x0000000008000c18                PVD_IRQHandler
                0x0000000008000c18                SDIO_IRQHandler
                0x0000000008000c18                TAMP_STAMP_IRQHandler
                0x0000000008000c18                EXTI3_IRQHandler
                0x0000000008000c18                TIM1_UP_TIM10_IRQHandler
                0x0000000008000c18                I2C3_ER_IRQHandler
                0x0000000008000c18                EXTI0_IRQHandler
                0x0000000008000c18                I2C2_EV_IRQHandler
                0x0000000008000c18                DMA1_Stream2_IRQHandler
                0x0000000008000c18                FPU_IRQHandler
                0x0000000008000c18                DMA2_Stream2_IRQHandler
                0x0000000008000c18                SPI1_IRQHandler
                0x0000000008000c18                TIM1_BRK_TIM9_IRQHandler
                0x0000000008000c18                DMA2_Stream3_IRQHandler
                0x0000000008000c18                USART6_IRQHandler
                0x0000000008000c18                DMA2_Stream0_IRQHandler
                0x0000000008000c18                I2C1_EV_IRQHandler
                0x0000000008000c18                DMA1_Stream6_IRQHandler
                0x0000000008000c18                DMA1_Stream1_IRQHandler
                0x0000000008000c18                TIM3_IRQHandler
                0x0000000008000c18                RCC_IRQHandler
                0x0000000008000c18                Default_Handler
                0x0000000008000c18                EXTI15_10_IRQHandler
                0x0000000008000c18                ADC_IRQHandler
                0x0000000008000c18                DMA1_Stream7_IRQHandler
                0x0000000008000c18                SPI5_IRQHandler
                0x0000000008000c18                TIM5_IRQHandler
                0x0000000008000c18                DMA2_Stream7_IRQHandler
                0x0000000008000c18                I2C3_EV_IRQHandler
                0x0000000008000c18                EXTI9_5_IRQHandler
                0x0000000008000c18                RTC_WKUP_IRQHandler
                0x0000000008000c18                SPI2_IRQHandler
                0x0000000008000c18                DMA1_Stream0_IRQHandler
                0x0000000008000c18                EXTI4_IRQHandler
                0x0000000008000c18                WWDG_IRQHandler
                0x0000000008000c18                TIM2_IRQHandler
                0x0000000008000c18                OTG_FS_WKUP_IRQHandler
                0x0000000008000c18                TIM1_TRG_COM_TIM11_IRQHandler
                0x0000000008000c18                EXTI1_IRQHandler
                0x0000000008000c18                I2C2_ER_IRQHandler
                0x0000000008000c18                DMA2_Stream1_IRQHandler
                0x0000000008000c18                FLASH_IRQHandler
                0x0000000008000c18                DMA2_Stream4_IRQHandler
                0x0000000008000c18                USART1_IRQHandler
                0x0000000008000c18                OTG_FS_IRQHandler
                0x0000000008000c18                SPI3_IRQHandler
                0x0000000008000c18                DMA1_Stream4_IRQHandler
                0x0000000008000c18                I2C1_ER_IRQHandler
                0x0000000008000c18                DMA2_Stream6_IRQHandler
                0x0000000008000c18                RTC_Alarm_IRQHandler
 *fill*         0x0000000008000c1a        0x2 
 .text.HAL_Init
                0x0000000008000c1c       0x44 ./Drivers/STM32F4xx_HAL_Driver/Src/stm32f4xx_hal.o
                0x0000000008000c1c                HAL_Init
 .text.HAL_IncTick
                0x0000000008000c60       0x28 ./Drivers/STM32F4xx_HAL_Driver/Src/stm32f4xx_hal.o
                0x0000000008000c60                HAL_IncTick
 .text.HAL_GetTick
                0x0000000008000c88       0x18 ./Drivers/STM32F4xx_HAL_Driver/Src/stm32f4xx_hal.o
                0x0000000008000c88                HAL_GetTick
 .text.__NVIC_SetPriorityGrouping
                0x0000000008000ca0       0x48 ./Drivers/STM32F4xx_HAL_Driver/Src/stm32f4xx_hal_cortex.o
 .text.__NVIC_GetPriorityGrouping
                0x0000000008000ce8       0x1c ./Drivers/STM32F4xx_HAL_Driver/Src/stm32f4xx_hal_cortex.o
 .text.__NVIC_EnableIRQ
                0x0000000008000d04       0x3c ./Drivers/STM32F4xx_HAL_Driver/Src/stm32f4xx_hal_cortex.o
 .text.__NVIC_SetPriority
                0x0000000008000d40       0x54 ./Drivers/STM32F4xx_HAL_Driver/Src/stm32f4xx_hal_cortex.o
 .text.NVIC_EncodePriority
                0x0000000008000d94       0x66 ./Drivers/STM32F4xx_HAL_Driver/Src/stm32f4xx_hal_cortex.o
 .text.HAL_NVIC_SetPriorityGrouping
                0x0000000008000dfa       0x16 ./Drivers/STM32F4xx_HAL_Driver/Src/stm32f4xx_hal_cortex.o
                0x0000000008000dfa                HAL_NVIC_SetPriorityGrouping
 .text.HAL_NVIC_SetPriority
                0x0000000008000e10       0x38 ./Drivers/STM32F4xx_HAL_Driver/Src/stm32f4xx_hal_cortex.o
                0x0000000008000e10                HAL_NVIC_SetPriority
 .text.HAL_NVIC_EnableIRQ
                0x0000000008000e48       0x1c ./Drivers/STM32F4xx_HAL_Driver/Src/stm32f4xx_hal_cortex.o
                0x0000000008000e48                HAL_NVIC_EnableIRQ
 .text.HAL_GPIO_Init
                0x0000000008000e64      0x308 ./Drivers/STM32F4xx_HAL_Driver/Src/stm32f4xx_hal_gpio.o
                0x0000000008000e64                HAL_GPIO_Init
 .text.HAL_GPIO_ReadPin
                0x000000000800116c       0x30 ./Drivers/STM32F4xx_HAL_Driver/Src/stm32f4xx_hal_gpio.o
                0x000000000800116c                HAL_GPIO_ReadPin
 .text.HAL_GPIO_WritePin
                0x000000000800119c       0x32 ./Drivers/STM32F4xx_HAL_Driver/Src/stm32f4xx_hal_gpio.o
                0x000000000800119c                HAL_GPIO_WritePin
 *fill*         0x00000000080011ce        0x2 
 .text.HAL_RCC_OscConfig
                0x00000000080011d0      0x4f0 ./Drivers/STM32F4xx_HAL_Driver/Src/stm32f4xx_hal_rcc.o
                0x00000000080011d0                HAL_RCC_OscConfig
 .text.HAL_RCC_ClockConfig
                0x00000000080016c0      0x1cc ./Drivers/STM32F4xx_HAL_Driver/Src/stm32f4xx_hal_rcc.o
                0x00000000080016c0                HAL_RCC_ClockConfig
 .text.HAL_RCC_GetSysClockFreq
                0x000000000800188c      0x18c ./Drivers/STM32F4xx_HAL_Driver/Src/stm32f4xx_hal_rcc.o
                0x000000000800188c                HAL_RCC_GetSysClockFreq
 .text.HAL_RCC_GetHCLKFreq
                0x0000000008001a18       0x18 ./Drivers/STM32F4xx_HAL_Driver/Src/stm32f4xx_hal_rcc.o
                0x0000000008001a18                HAL_RCC_GetHCLKFreq
 .text.HAL_RCC_GetPCLK1Freq
                0x0000000008001a30       0x28 ./Drivers/STM32F4xx_HAL_Driver/Src/stm32f4xx_hal_rcc.o
                0x0000000008001a30                HAL_RCC_GetPCLK1Freq
 .text.HAL_RCC_GetClockConfig
                0x0000000008001a58       0x64 ./Drivers/STM32F4xx_HAL_Driver/Src/stm32f4xx_hal_rcc.o
                0x0000000008001a58                HAL_RCC_GetClockConfig
 .text.HAL_TIM_Base_Init
                0x0000000008001abc       0x9e ./Drivers/STM32F4xx_HAL_Driver/Src/stm32f4xx_hal_tim.o
                0x0000000008001abc                HAL_TIM_Base_Init
 .text.HAL_TIM_Base_MspInit
                0x0000000008001b5a       0x14 ./Drivers/STM32F4xx_HAL_Driver/Src/stm32f4xx_hal_tim.o
                0x0000000008001b5a                HAL_TIM_Base_MspInit
 *fill*         0x0000000008001b6e        0x2 
 .text.HAL_TIM_Base_Start_IT
                0x0000000008001b70       0xc4 ./Drivers/STM32F4xx_HAL_Driver/Src/stm32f4xx_hal_tim.o
                0x0000000008001b70                HAL_TIM_Base_Start_IT
 .text.HAL_TIM_IRQHandler
                0x0000000008001c34      0x1e0 ./Drivers/STM32F4xx_HAL_Driver/Src/stm32f4xx_hal_tim.o
                0x0000000008001c34                HAL_TIM_IRQHandler
 .text.HAL_TIM_OC_DelayElapsedCallback
                0x0000000008001e14       0x14 ./Drivers/STM32F4xx_HAL_Driver/Src/stm32f4xx_hal_tim.o
                0x0000000008001e14                HAL_TIM_OC_DelayElapsedCallback
 .text.HAL_TIM_IC_CaptureCallback
                0x0000000008001e28       0x14 ./Drivers/STM32F4xx_HAL_Driver/Src/stm32f4xx_hal_tim.o
                0x0000000008001e28                HAL_TIM_IC_CaptureCallback
 .text.HAL_TIM_PWM_PulseFinishedCallback
                0x0000000008001e3c       0x14 ./Drivers/STM32F4xx_HAL_Driver/Src/stm32f4xx_hal_tim.o
                0x0000000008001e3c                HAL_TIM_PWM_PulseFinishedCallback
 .text.HAL_TIM_TriggerCallback
                0x0000000008001e50       0x14 ./Drivers/STM32F4xx_HAL_Driver/Src/stm32f4xx_hal_tim.o
                0x0000000008001e50                HAL_TIM_TriggerCallback
 .text.TIM_Base_SetConfig
                0x0000000008001e64      0x118 ./Drivers/STM32F4xx_HAL_Driver/Src/stm32f4xx_hal_tim.o
                0x0000000008001e64                TIM_Base_SetConfig
 .text.HAL_TIMEx_CommutCallback
                0x0000000008001f7c       0x14 ./Drivers/STM32F4xx_HAL_Driver/Src/stm32f4xx_hal_tim_ex.o
                0x0000000008001f7c                HAL_TIMEx_CommutCallback
 .text.HAL_TIMEx_BreakCallback
                0x0000000008001f90       0x14 ./Drivers/STM32F4xx_HAL_Driver/Src/stm32f4xx_hal_tim_ex.o
                0x0000000008001f90                HAL_TIMEx_BreakCallback
 .text.vListInitialise
                0x0000000008001fa4       0x40 ./common/third_party/FreeRTOS/list.o
                0x0000000008001fa4                vListInitialise
 .text.vListInitialiseItem
                0x0000000008001fe4       0x1a ./common/third_party/FreeRTOS/list.o
                0x0000000008001fe4                vListInitialiseItem
 .text.vListInsertEnd
                0x0000000008001ffe       0x48 ./common/third_party/FreeRTOS/list.o
                0x0000000008001ffe                vListInsertEnd
 .text.vListInsert
                0x0000000008002046       0x72 ./common/third_party/FreeRTOS/list.o
                0x0000000008002046                vListInsert
 .text.uxListRemove
                0x00000000080020b8       0x54 ./common/third_party/FreeRTOS/list.o
                0x00000000080020b8                uxListRemove
 .text.xQueueGenericReset
                0x000000000800210c      0x120 ./common/third_party/FreeRTOS/queue.o
                0x000000000800210c                xQueueGenericReset
 .text.xQueueGenericCreate
                0x000000000800222c       0x9c ./common/third_party/FreeRTOS/queue.o
                0x000000000800222c                xQueueGenericCreate
 .text.prvInitialiseNewQueue
                0x00000000080022c8       0x52 ./common/third_party/FreeRTOS/queue.o
 *fill*         0x000000000800231a        0x2 
 .text.xQueueReceive
                0x000000000800231c      0x220 ./common/third_party/FreeRTOS/queue.o
                0x000000000800231c                xQueueReceive
 .text.prvCopyDataFromQueue
                0x000000000800253c       0x4c ./common/third_party/FreeRTOS/queue.o
 .text.prvUnlockQueue
                0x0000000008002588       0xa4 ./common/third_party/FreeRTOS/queue.o
 .text.prvIsQueueEmpty
                0x000000000800262c       0x2c ./common/third_party/FreeRTOS/queue.o
 .text.vQueueAddToRegistry
                0x0000000008002658       0xac ./common/third_party/FreeRTOS/queue.o
                0x0000000008002658                vQueueAddToRegistry
 .text.vQueueWaitForMessageRestricted
                0x0000000008002704       0x68 ./common/third_party/FreeRTOS/queue.o
                0x0000000008002704                vQueueWaitForMessageRestricted
 .text.xTaskCreate
                0x000000000800276c       0x8c ./common/third_party/FreeRTOS/tasks.o
                0x000000000800276c                xTaskCreate
 .text.prvInitialiseNewTask
                0x00000000080027f8      0x11c ./common/third_party/FreeRTOS/tasks.o
 .text.prvAddNewTaskToReadyList
                0x0000000008002914      0x168 ./common/third_party/FreeRTOS/tasks.o
 .text.vTaskDelay
                0x0000000008002a7c       0x70 ./common/third_party/FreeRTOS/tasks.o
                0x0000000008002a7c                vTaskDelay
 .text.vTaskSuspend
                0x0000000008002aec      0x15c ./common/third_party/FreeRTOS/tasks.o
                0x0000000008002aec                vTaskSuspend
 .text.prvTaskIsTaskSuspended
                0x0000000008002c48       0x64 ./common/third_party/FreeRTOS/tasks.o
 .text.vTaskResume
                0x0000000008002cac      0x124 ./common/third_party/FreeRTOS/tasks.o
                0x0000000008002cac                vTaskResume
 .text.vTaskStartScheduler
                0x0000000008002dd0       0xc4 ./common/third_party/FreeRTOS/tasks.o
                0x0000000008002dd0                vTaskStartScheduler
 .text.vTaskSuspendAll
                0x0000000008002e94       0x1c ./common/third_party/FreeRTOS/tasks.o
                0x0000000008002e94                vTaskSuspendAll
 .text.xTaskResumeAll
                0x0000000008002eb0      0x200 ./common/third_party/FreeRTOS/tasks.o
                0x0000000008002eb0                xTaskResumeAll
 .text.xTaskGetTickCount
                0x00000000080030b0       0x20 ./common/third_party/FreeRTOS/tasks.o
                0x00000000080030b0                xTaskGetTickCount
 .text.xTaskGetTickCountFromISR
                0x00000000080030d0       0x24 ./common/third_party/FreeRTOS/tasks.o
                0x00000000080030d0                xTaskGetTickCountFromISR
 .text.xTaskIncrementTick
                0x00000000080030f4      0x234 ./common/third_party/FreeRTOS/tasks.o
                0x00000000080030f4                xTaskIncrementTick
 .text.vTaskSwitchContext
                0x0000000008003328       0xd4 ./common/third_party/FreeRTOS/tasks.o
                0x0000000008003328                vTaskSwitchContext
 .text.vTaskPlaceOnEventList
                0x00000000080033fc       0x48 ./common/third_party/FreeRTOS/tasks.o
                0x00000000080033fc                vTaskPlaceOnEventList
 .text.vTaskPlaceOnEventListRestricted
                0x0000000008003444       0x90 ./common/third_party/FreeRTOS/tasks.o
                0x0000000008003444                vTaskPlaceOnEventListRestricted
 .text.xTaskRemoveFromEventList
                0x00000000080034d4      0x1b0 ./common/third_party/FreeRTOS/tasks.o
                0x00000000080034d4                xTaskRemoveFromEventList
 .text.vTaskInternalSetTimeOutState
                0x0000000008003684       0x2c ./common/third_party/FreeRTOS/tasks.o
                0x0000000008003684                vTaskInternalSetTimeOutState
 .text.xTaskCheckForTimeOut
                0x00000000080036b0       0xcc ./common/third_party/FreeRTOS/tasks.o
                0x00000000080036b0                xTaskCheckForTimeOut
 .text.vTaskMissedYield
                0x000000000800377c       0x18 ./common/third_party/FreeRTOS/tasks.o
                0x000000000800377c                vTaskMissedYield
 .text.prvIdleTask
                0x0000000008003794       0x30 ./common/third_party/FreeRTOS/tasks.o
 .text.prvInitialiseTaskLists
                0x00000000080037c4       0x80 ./common/third_party/FreeRTOS/tasks.o
 .text.prvCheckTasksWaitingTermination
                0x0000000008003844       0x5c ./common/third_party/FreeRTOS/tasks.o
 .text.prvDeleteTCB
                0x00000000080038a0       0x20 ./common/third_party/FreeRTOS/tasks.o
 .text.prvResetNextTaskUnblockTime
                0x00000000080038c0       0x38 ./common/third_party/FreeRTOS/tasks.o
 .text.xTaskGetSchedulerState
                0x00000000080038f8       0x3c ./common/third_party/FreeRTOS/tasks.o
                0x00000000080038f8                xTaskGetSchedulerState
 .text.xTaskGenericNotifyWait
                0x0000000008003934      0x110 ./common/third_party/FreeRTOS/tasks.o
                0x0000000008003934                xTaskGenericNotifyWait
 .text.xTaskGenericNotify
                0x0000000008003a44      0x268 ./common/third_party/FreeRTOS/tasks.o
                0x0000000008003a44                xTaskGenericNotify
 .text.prvAddCurrentTaskToDelayedList
                0x0000000008003cac      0x100 ./common/third_party/FreeRTOS/tasks.o
 .text.xTimerCreateTimerTask
                0x0000000008003dac       0x64 ./common/third_party/FreeRTOS/timers.o
                0x0000000008003dac                xTimerCreateTimerTask
 .text.prvReloadTimer
                0x0000000008003e10       0x42 ./common/third_party/FreeRTOS/timers.o
 *fill*         0x0000000008003e52        0x2 
 .text.prvProcessExpiredTimer
                0x0000000008003e54       0x60 ./common/third_party/FreeRTOS/timers.o
 .text.prvTimerTask
                0x0000000008003eb4       0x24 ./common/third_party/FreeRTOS/timers.o
 .text.prvProcessTimerOrBlockTask
                0x0000000008003ed8       0x9c ./common/third_party/FreeRTOS/timers.o
 .text.prvGetNextExpireTime
                0x0000000008003f74       0x48 ./common/third_party/FreeRTOS/timers.o
 .text.prvSampleTimeNow
                0x0000000008003fbc       0x40 ./common/third_party/FreeRTOS/timers.o
 .text.prvInsertTimerInActiveList
                0x0000000008003ffc       0x84 ./common/third_party/FreeRTOS/timers.o
 .text.prvProcessReceivedCommands
                0x0000000008004080      0x17c ./common/third_party/FreeRTOS/timers.o
 .text.prvSwitchTimerLists
                0x00000000080041fc       0x4c ./common/third_party/FreeRTOS/timers.o
 .text.prvCheckForValidListAndQueue
                0x0000000008004248       0x6c ./common/third_party/FreeRTOS/timers.o
 .text.pxPortInitialiseStack
                0x00000000080042b4       0x68 ./common/third_party/FreeRTOS/portable/GCC/ARM_CM4F/port.o
                0x00000000080042b4                pxPortInitialiseStack
 .text.prvTaskExitError
                0x000000000800431c       0x58 ./common/third_party/FreeRTOS/portable/GCC/ARM_CM4F/port.o
 *fill*         0x0000000008004374        0xc 
 .text.SVC_Handler
                0x0000000008004380       0x28 ./common/third_party/FreeRTOS/portable/GCC/ARM_CM4F/port.o
                0x0000000008004380                SVC_Handler
 .text.prvPortStartFirstTask
                0x00000000080043a8       0x2c ./common/third_party/FreeRTOS/portable/GCC/ARM_CM4F/port.o
 .text.xPortStartScheduler
                0x00000000080043d4      0x144 ./common/third_party/FreeRTOS/portable/GCC/ARM_CM4F/port.o
                0x00000000080043d4                xPortStartScheduler
 .text.vInitPrioGroupValue
                0x0000000008004518       0xfc ./common/third_party/FreeRTOS/portable/GCC/ARM_CM4F/port.o
                0x0000000008004518                vInitPrioGroupValue
 .text.vPortEnterCritical
                0x0000000008004614       0x60 ./common/third_party/FreeRTOS/portable/GCC/ARM_CM4F/port.o
                0x0000000008004614                vPortEnterCritical
 .text.vPortExitCritical
                0x0000000008004674       0x54 ./common/third_party/FreeRTOS/portable/GCC/ARM_CM4F/port.o
                0x0000000008004674                vPortExitCritical
 *fill*         0x00000000080046c8        0x8 
 .text.PendSV_Handler
                0x00000000080046d0       0x68 ./common/third_party/FreeRTOS/portable/GCC/ARM_CM4F/port.o
                0x00000000080046d0                PendSV_Handler
 .text.SysTick_Handler
                0x0000000008004738       0x54 ./common/third_party/FreeRTOS/portable/GCC/ARM_CM4F/port.o
                0x0000000008004738                SysTick_Handler
 .text.vPortSetupTimerInterrupt
                0x000000000800478c       0x48 ./common/third_party/FreeRTOS/portable/GCC/ARM_CM4F/port.o
                0x000000000800478c                vPortSetupTimerInterrupt
 .text.vPortEnableVFP
                0x00000000080047d4       0x18 ./common/third_party/FreeRTOS/portable/GCC/ARM_CM4F/port.o
 .text.vPortValidateInterruptPriority
                0x00000000080047ec       0x80 ./common/third_party/FreeRTOS/portable/GCC/ARM_CM4F/port.o
                0x00000000080047ec                vPortValidateInterruptPriority
 .text.pvPortMalloc
                0x000000000800486c      0x174 ./common/third_party/FreeRTOS/portable/MemMang/heap_4.o
                0x000000000800486c                pvPortMalloc
 .text.vPortFree
                0x00000000080049e0       0xb8 ./common/third_party/FreeRTOS/portable/MemMang/heap_4.o
                0x00000000080049e0                vPortFree
 .text.prvHeapInit
                0x0000000008004a98       0xb8 ./common/third_party/FreeRTOS/portable/MemMang/heap_4.o
 .text.prvInsertBlockIntoFreeList
                0x0000000008004b50       0xb4 ./common/third_party/FreeRTOS/portable/MemMang/heap_4.o
 .text._cbSendTaskList
                0x0000000008004c04       0x90 ./common/third_party/SEGGER/OS/SEGGER_SYSVIEW_FreeRTOS.o
 .text._cbGetTime
                0x0000000008004c94       0x86 ./common/third_party/SEGGER/OS/SEGGER_SYSVIEW_FreeRTOS.o
 *fill*         0x0000000008004d1a        0x2 
 .text.SYSVIEW_AddTask
                0x0000000008004d1c       0xd0 ./common/third_party/SEGGER/OS/SEGGER_SYSVIEW_FreeRTOS.o
                0x0000000008004d1c                SYSVIEW_AddTask
 .text.SYSVIEW_SendTaskInfo
                0x0000000008004dec       0x42 ./common/third_party/SEGGER/OS/SEGGER_SYSVIEW_FreeRTOS.o
                0x0000000008004dec                SYSVIEW_SendTaskInfo
 *fill*         0x0000000008004e2e        0x2 
 .text.__NVIC_EnableIRQ
                0x0000000008004e30       0x3c ./common/third_party/SEGGER/Rec/segger_uart.o
 .text.__NVIC_SetPriority
                0x0000000008004e6c       0x54 ./common/third_party/SEGGER/Rec/segger_uart.o
 .text._StartSysView
                0x0000000008004ec0       0x1e ./common/third_party/SEGGER/Rec/segger_uart.o
 *fill*         0x0000000008004ede        0x2 
 .text._cbOnUARTRx
                0x0000000008004ee0       0x40 ./common/third_party/SEGGER/Rec/segger_uart.o
 .text._cbOnUARTTx
                0x0000000008004f20       0x64 ./common/third_party/SEGGER/Rec/segger_uart.o
 .text.SEGGER_UART_init
                0x0000000008004f84       0x24 ./common/third_party/SEGGER/Rec/segger_uart.o
                0x0000000008004f84                SEGGER_UART_init
 .text.USART2_IRQHandler
                0x0000000008004fa8       0x94 ./common/third_party/SEGGER/Rec/segger_uart.o
                0x0000000008004fa8                USART2_IRQHandler
 .text.HIF_UART_EnableTXEInterrupt
                0x000000000800503c       0x20 ./common/third_party/SEGGER/Rec/segger_uart.o
                0x000000000800503c                HIF_UART_EnableTXEInterrupt
 .text.HIF_UART_Init
                0x000000000800505c       0xf4 ./common/third_party/SEGGER/Rec/segger_uart.o
                0x000000000800505c                HIF_UART_Init
 .text._DoInit  0x0000000008005150       0xb0 ./common/third_party/SEGGER/SEGGER/SEGGER_RTT.o
 .text._WriteBlocking
                0x0000000008005200       0xba ./common/third_party/SEGGER/SEGGER/SEGGER_RTT.o
 .text._WriteNoCheck
                0x00000000080052ba       0x90 ./common/third_party/SEGGER/SEGGER/SEGGER_RTT.o
 .text._GetAvailWriteSpace
                0x000000000800534a       0x46 ./common/third_party/SEGGER/SEGGER/SEGGER_RTT.o
 .text.SEGGER_RTT_ReadUpBufferNoLock
                0x0000000008005390      0x10c ./common/third_party/SEGGER/SEGGER/SEGGER_RTT.o
                0x0000000008005390                SEGGER_RTT_ReadUpBufferNoLock
 .text.SEGGER_RTT_ReadNoLock
                0x000000000800549c      0x10c ./common/third_party/SEGGER/SEGGER/SEGGER_RTT.o
                0x000000000800549c                SEGGER_RTT_ReadNoLock
 .text.SEGGER_RTT_WriteDownBufferNoLock
                0x00000000080055a8       0xa0 ./common/third_party/SEGGER/SEGGER/SEGGER_RTT.o
                0x00000000080055a8                SEGGER_RTT_WriteDownBufferNoLock
 .text.SEGGER_RTT_WriteDownBuffer
                0x0000000008005648       0x4c ./common/third_party/SEGGER/SEGGER/SEGGER_RTT.o
                0x0000000008005648                SEGGER_RTT_WriteDownBuffer
 .text.SEGGER_RTT_AllocUpBuffer
                0x0000000008005694      0x108 ./common/third_party/SEGGER/SEGGER/SEGGER_RTT.o
                0x0000000008005694                SEGGER_RTT_AllocUpBuffer
 .text.SEGGER_RTT_ConfigDownBuffer
                0x000000000800579c       0xe0 ./common/third_party/SEGGER/SEGGER/SEGGER_RTT.o
                0x000000000800579c                SEGGER_RTT_ConfigDownBuffer
 .text._EncodeStr
                0x000000000800587c       0x9a ./common/third_party/SEGGER/SEGGER/SEGGER_SYSVIEW.o
 .text._PreparePacket
                0x0000000008005916       0x18 ./common/third_party/SEGGER/SEGGER/SEGGER_SYSVIEW.o
 *fill*         0x000000000800592e        0x2 
 .text._HandleIncomingPacket
                0x0000000008005930       0xe0 ./common/third_party/SEGGER/SEGGER/SEGGER_SYSVIEW.o
 .text._TrySendOverflowPacket
                0x0000000008005a10       0xe8 ./common/third_party/SEGGER/SEGGER/SEGGER_SYSVIEW.o
 .text._SendPacket
                0x0000000008005af8      0x1d0 ./common/third_party/SEGGER/SEGGER/SEGGER_SYSVIEW.o
 .text._StoreChar
                0x0000000008005cc8       0xf6 ./common/third_party/SEGGER/SEGGER/SEGGER_SYSVIEW.o
 *fill*         0x0000000008005dbe        0x2 
 .text._PrintUnsigned
                0x0000000008005dc0      0x12c ./common/third_party/SEGGER/SEGGER/SEGGER_SYSVIEW.o
 .text._PrintInt
                0x0000000008005eec      0x11e ./common/third_party/SEGGER/SEGGER/SEGGER_SYSVIEW.o
 *fill*         0x000000000800600a        0x2 
 .text._VPrintTarget
                0x000000000800600c      0x3f0 ./common/third_party/SEGGER/SEGGER/SEGGER_SYSVIEW.o
 .text.SEGGER_SYSVIEW_Init
                0x00000000080063fc       0x88 ./common/third_party/SEGGER/SEGGER/SEGGER_SYSVIEW.o
                0x00000000080063fc                SEGGER_SYSVIEW_Init
 .text.SEGGER_SYSVIEW_SetRAMBase
                0x0000000008006484       0x20 ./common/third_party/SEGGER/SEGGER/SEGGER_SYSVIEW.o
                0x0000000008006484                SEGGER_SYSVIEW_SetRAMBase
 .text.SEGGER_SYSVIEW_RecordVoid
                0x00000000080064a4       0x3c ./common/third_party/SEGGER/SEGGER/SEGGER_SYSVIEW.o
                0x00000000080064a4                SEGGER_SYSVIEW_RecordVoid
 .text.SEGGER_SYSVIEW_RecordU32
                0x00000000080064e0       0x78 ./common/third_party/SEGGER/SEGGER/SEGGER_SYSVIEW.o
                0x00000000080064e0                SEGGER_SYSVIEW_RecordU32
 .text.SEGGER_SYSVIEW_RecordU32x2
                0x0000000008006558       0xb4 ./common/third_party/SEGGER/SEGGER/SEGGER_SYSVIEW.o
                0x0000000008006558                SEGGER_SYSVIEW_RecordU32x2
 .text.SEGGER_SYSVIEW_RecordU32x3
                0x000000000800660c       0xec ./common/third_party/SEGGER/SEGGER/SEGGER_SYSVIEW.o
                0x000000000800660c                SEGGER_SYSVIEW_RecordU32x3
 .text.SEGGER_SYSVIEW_RecordU32x4
                0x00000000080066f8      0x124 ./common/third_party/SEGGER/SEGGER/SEGGER_SYSVIEW.o
                0x00000000080066f8                SEGGER_SYSVIEW_RecordU32x4
 .text.SEGGER_SYSVIEW_Start
                0x000000000800681c      0x178 ./common/third_party/SEGGER/SEGGER/SEGGER_SYSVIEW.o
                0x000000000800681c                SEGGER_SYSVIEW_Start
 .text.SEGGER_SYSVIEW_Stop
                0x0000000008006994       0x4c ./common/third_party/SEGGER/SEGGER/SEGGER_SYSVIEW.o
                0x0000000008006994                SEGGER_SYSVIEW_Stop
 .text.SEGGER_SYSVIEW_GetSysDesc
                0x00000000080069e0      0x134 ./common/third_party/SEGGER/SEGGER/SEGGER_SYSVIEW.o
                0x00000000080069e0                SEGGER_SYSVIEW_GetSysDesc
 .text.SEGGER_SYSVIEW_SendTaskInfo
                0x0000000008006b14      0x1c8 ./common/third_party/SEGGER/SEGGER/SEGGER_SYSVIEW.o
                0x0000000008006b14                SEGGER_SYSVIEW_SendTaskInfo
 .text.SEGGER_SYSVIEW_SendTaskList
                0x0000000008006cdc       0x28 ./common/third_party/SEGGER/SEGGER/SEGGER_SYSVIEW.o
                0x0000000008006cdc                SEGGER_SYSVIEW_SendTaskList
 .text.SEGGER_SYSVIEW_SendSysDesc
                0x0000000008006d04       0x48 ./common/third_party/SEGGER/SEGGER/SEGGER_SYSVIEW.o
                0x0000000008006d04                SEGGER_SYSVIEW_SendSysDesc
 .text.SEGGER_SYSVIEW_RecordSystime
                0x0000000008006d4c       0x64 ./common/third_party/SEGGER/SEGGER/SEGGER_SYSVIEW.o
                0x0000000008006d4c                SEGGER_SYSVIEW_RecordSystime
 .text.SEGGER_SYSVIEW_RecordEnterISR
                0x0000000008006db0       0x84 ./common/third_party/SEGGER/SEGGER/SEGGER_SYSVIEW.o
                0x0000000008006db0                SEGGER_SYSVIEW_RecordEnterISR
 .text.SEGGER_SYSVIEW_RecordExitISR
                0x0000000008006e34       0x38 ./common/third_party/SEGGER/SEGGER/SEGGER_SYSVIEW.o
                0x0000000008006e34                SEGGER_SYSVIEW_RecordExitISR
 .text.SEGGER_SYSVIEW_RecordExitISRToScheduler
                0x0000000008006e6c       0x38 ./common/third_party/SEGGER/SEGGER/SEGGER_SYSVIEW.o
                0x0000000008006e6c                SEGGER_SYSVIEW_RecordExitISRToScheduler
 .text.SEGGER_SYSVIEW_OnIdle
                0x0000000008006ea4       0x38 ./common/third_party/SEGGER/SEGGER/SEGGER_SYSVIEW.o
                0x0000000008006ea4                SEGGER_SYSVIEW_OnIdle
 .text.SEGGER_SYSVIEW_OnTaskCreate
                0x0000000008006edc       0x84 ./common/third_party/SEGGER/SEGGER/SEGGER_SYSVIEW.o
                0x0000000008006edc                SEGGER_SYSVIEW_OnTaskCreate
 .text.SEGGER_SYSVIEW_OnTaskStartExec
                0x0000000008006f60       0x84 ./common/third_party/SEGGER/SEGGER/SEGGER_SYSVIEW.o
                0x0000000008006f60                SEGGER_SYSVIEW_OnTaskStartExec
 .text.SEGGER_SYSVIEW_OnTaskStartReady
                0x0000000008006fe4       0x84 ./common/third_party/SEGGER/SEGGER/SEGGER_SYSVIEW.o
                0x0000000008006fe4                SEGGER_SYSVIEW_OnTaskStartReady
 .text.SEGGER_SYSVIEW_OnTaskStopReady
                0x0000000008007068       0xc0 ./common/third_party/SEGGER/SEGGER/SEGGER_SYSVIEW.o
                0x0000000008007068                SEGGER_SYSVIEW_OnTaskStopReady
 .text.SEGGER_SYSVIEW_ShrinkId
                0x0000000008007128       0x20 ./common/third_party/SEGGER/SEGGER/SEGGER_SYSVIEW.o
                0x0000000008007128                SEGGER_SYSVIEW_ShrinkId
 .text.SEGGER_SYSVIEW_SendModule
                0x0000000008007148      0x100 ./common/third_party/SEGGER/SEGGER/SEGGER_SYSVIEW.o
                0x0000000008007148                SEGGER_SYSVIEW_SendModule
 .text.SEGGER_SYSVIEW_SendModuleDescription
                0x0000000008007248       0x3c ./common/third_party/SEGGER/SEGGER/SEGGER_SYSVIEW.o
                0x0000000008007248                SEGGER_SYSVIEW_SendModuleDescription
 .text.SEGGER_SYSVIEW_SendNumModules
                0x0000000008007284       0x7c ./common/third_party/SEGGER/SEGGER/SEGGER_SYSVIEW.o
                0x0000000008007284                SEGGER_SYSVIEW_SendNumModules
 .text.SEGGER_SYSVIEW_PrintfTarget
                0x0000000008007300       0x28 ./common/third_party/SEGGER/SEGGER/SEGGER_SYSVIEW.o
                0x0000000008007300                SEGGER_SYSVIEW_PrintfTarget
 .text.SEGGER_SYSVIEW_Warn
                0x0000000008007328       0xb8 ./common/third_party/SEGGER/SEGGER/SEGGER_SYSVIEW.o
                0x0000000008007328                SEGGER_SYSVIEW_Warn
 .text.SEGGER_SYSVIEW_IsStarted
                0x00000000080073e0       0x5c ./common/third_party/SEGGER/SEGGER/SEGGER_SYSVIEW.o
                0x00000000080073e0                SEGGER_SYSVIEW_IsStarted
 .text._cbSendSystemDesc
                0x000000000800743c       0x1c ./common/third_party/SEGGER/config/SEGGER_SYSVIEW_Config_FreeRTOS.o
 .text.SEGGER_SYSVIEW_Conf
                0x0000000008007458       0x2c ./common/third_party/SEGGER/config/SEGGER_SYSVIEW_Config_FreeRTOS.o
                0x0000000008007458                SEGGER_SYSVIEW_Conf
 .text.memcmp   0x0000000008007484       0x20 /Applications/STM32CubeIDE.app/Contents/Eclipse/plugins/com.st.stm32cube.ide.mcu.externaltools.gnu-tools-for-stm32.11.3.rel1.macos64_1.1.100.202310310803/tools/bin/../lib/gcc/arm-none-eabi/11.3.1/../../../../arm-none-eabi/lib/thumb/v7e-m+fp/hard/libc_nano.a(libc_a-memcmp.o)
                0x0000000008007484                memcmp
 .text.memset   0x00000000080074a4       0x10 /Applications/STM32CubeIDE.app/Contents/Eclipse/plugins/com.st.stm32cube.ide.mcu.externaltools.gnu-tools-for-stm32.11.3.rel1.macos64_1.1.100.202310310803/tools/bin/../lib/gcc/arm-none-eabi/11.3.1/../../../../arm-none-eabi/lib/thumb/v7e-m+fp/hard/libc_nano.a(libc_a-memset.o)
                0x00000000080074a4                memset
 .text.__libc_init_array
                0x00000000080074b4       0x48 /Applications/STM32CubeIDE.app/Contents/Eclipse/plugins/com.st.stm32cube.ide.mcu.externaltools.gnu-tools-for-stm32.11.3.rel1.macos64_1.1.100.202310310803/tools/bin/../lib/gcc/arm-none-eabi/11.3.1/../../../../arm-none-eabi/lib/thumb/v7e-m+fp/hard/libc_nano.a(libc_a-init.o)
                0x00000000080074b4                __libc_init_array
 .text.memcpy   0x00000000080074fc       0x1c /Applications/STM32CubeIDE.app/Contents/Eclipse/plugins/com.st.stm32cube.ide.mcu.externaltools.gnu-tools-for-stm32.11.3.rel1.macos64_1.1.100.202310310803/tools/bin/../lib/gcc/arm-none-eabi/11.3.1/../../../../arm-none-eabi/lib/thumb/v7e-m+fp/hard/libc_nano.a(libc_a-memcpy-stub.o)
                0x00000000080074fc                memcpy
 *(.glue_7)
 .glue_7        0x0000000008007518        0x0 linker stubs
 *(.glue_7t)
 .glue_7t       0x0000000008007518        0x0 linker stubs
 *(.eh_frame)
 .eh_frame      0x0000000008007518        0x0 /Applications/STM32CubeIDE.app/Contents/Eclipse/plugins/com.st.stm32cube.ide.mcu.externaltools.gnu-tools-for-stm32.11.3.rel1.macos64_1.1.100.202310310803/tools/bin/../lib/gcc/arm-none-eabi/11.3.1/thumb/v7e-m+fp/hard/crtbegin.o
 *(.init)
 .init          0x0000000008007518        0x4 /Applications/STM32CubeIDE.app/Contents/Eclipse/plugins/com.st.stm32cube.ide.mcu.externaltools.gnu-tools-for-stm32.11.3.rel1.macos64_1.1.100.202310310803/tools/bin/../lib/gcc/arm-none-eabi/11.3.1/thumb/v7e-m+fp/hard/crti.o
                0x0000000008007518                _init
 .init          0x000000000800751c        0x8 /Applications/STM32CubeIDE.app/Contents/Eclipse/plugins/com.st.stm32cube.ide.mcu.externaltools.gnu-tools-for-stm32.11.3.rel1.macos64_1.1.100.202310310803/tools/bin/../lib/gcc/arm-none-eabi/11.3.1/thumb/v7e-m+fp/hard/crtn.o
 *(.fini)
 .fini          0x0000000008007524        0x4 /Applications/STM32CubeIDE.app/Contents/Eclipse/plugins/com.st.stm32cube.ide.mcu.externaltools.gnu-tools-for-stm32.11.3.rel1.macos64_1.1.100.202310310803/tools/bin/../lib/gcc/arm-none-eabi/11.3.1/thumb/v7e-m+fp/hard/crti.o
                0x0000000008007524                _fini
 .fini          0x0000000008007528        0x8 /Applications/STM32CubeIDE.app/Contents/Eclipse/plugins/com.st.stm32cube.ide.mcu.externaltools.gnu-tools-for-stm32.11.3.rel1.macos64_1.1.100.202310310803/tools/bin/../lib/gcc/arm-none-eabi/11.3.1/thumb/v7e-m+fp/hard/crtn.o
                0x0000000008007530                . = ALIGN (0x4)
                0x0000000008007530                _etext = .

.vfp11_veneer   0x0000000008007530        0x0
 .vfp11_veneer  0x0000000008007530        0x0 linker stubs

.v4_bx          0x0000000008007530        0x0
 .v4_bx         0x0000000008007530        0x0 linker stubs

.iplt           0x0000000008007530        0x0
 .iplt          0x0000000008007530        0x0 /Applications/STM32CubeIDE.app/Contents/Eclipse/plugins/com.st.stm32cube.ide.mcu.externaltools.gnu-tools-for-stm32.11.3.rel1.macos64_1.1.100.202310310803/tools/bin/../lib/gcc/arm-none-eabi/11.3.1/thumb/v7e-m+fp/hard/crtbegin.o

.rodata         0x0000000008007530      0x1cc
                0x0000000008007530                . = ALIGN (0x4)
 *(.rodata)
 .rodata        0x0000000008007530       0xb6 ./Core/Src/main.o
 *fill*         0x00000000080075e6        0x2 
 .rodata        0x00000000080075e8        0x5 ./common/third_party/FreeRTOS/tasks.o
 *fill*         0x00000000080075ed        0x3 
 .rodata        0x00000000080075f0        0xd ./common/third_party/FreeRTOS/timers.o
 *fill*         0x00000000080075fd        0x3 
 .rodata        0x0000000008007600       0x58 ./common/third_party/SEGGER/OS/SEGGER_SYSVIEW_FreeRTOS.o
 .rodata        0x0000000008007658       0x17 ./common/third_party/SEGGER/SEGGER/SEGGER_RTT.o
 *fill*         0x000000000800766f        0x1 
 .rodata        0x0000000008007670        0x8 ./common/third_party/SEGGER/SEGGER/SEGGER_SYSVIEW.o
 .rodata        0x0000000008007678       0x41 ./common/third_party/SEGGER/config/SEGGER_SYSVIEW_Config_FreeRTOS.o
 *(.rodata*)
 *fill*         0x00000000080076b9        0x3 
 .rodata.AHBPrescTable
                0x00000000080076bc       0x10 ./Core/Src/system_stm32f4xx.o
                0x00000000080076bc                AHBPrescTable
 .rodata.APBPrescTable
                0x00000000080076cc        0x8 ./Core/Src/system_stm32f4xx.o
                0x00000000080076cc                APBPrescTable
 .rodata.SYSVIEW_X_OS_TraceAPI
                0x00000000080076d4        0x8 ./common/third_party/SEGGER/OS/SEGGER_SYSVIEW_FreeRTOS.o
                0x00000000080076d4                SYSVIEW_X_OS_TraceAPI
 .rodata._abHelloMsg
                0x00000000080076dc        0x4 ./common/third_party/SEGGER/Rec/segger_uart.o
 .rodata._abSync
                0x00000000080076e0        0xa ./common/third_party/SEGGER/SEGGER/SEGGER_SYSVIEW.o
 *fill*         0x00000000080076ea        0x2 
 .rodata._aV2C.0
                0x00000000080076ec       0x10 ./common/third_party/SEGGER/SEGGER/SEGGER_SYSVIEW.o
                0x00000000080076fc                . = ALIGN (0x4)

.ARM.extab      0x00000000080076fc        0x0
                0x00000000080076fc                . = ALIGN (0x4)
 *(.ARM.extab* .gnu.linkonce.armextab.*)
                0x00000000080076fc                . = ALIGN (0x4)

.ARM            0x00000000080076fc        0x8
                0x00000000080076fc                . = ALIGN (0x4)
                0x00000000080076fc                __exidx_start = .
 *(.ARM.exidx*)
 .ARM.exidx     0x00000000080076fc        0x8 /Applications/STM32CubeIDE.app/Contents/Eclipse/plugins/com.st.stm32cube.ide.mcu.externaltools.gnu-tools-for-stm32.11.3.rel1.macos64_1.1.100.202310310803/tools/bin/../lib/gcc/arm-none-eabi/11.3.1/thumb/v7e-m+fp/hard/libgcc.a(_udivmoddi4.o)
                0x0000000008007704                __exidx_end = .
                0x0000000008007704                . = ALIGN (0x4)

.rel.dyn        0x0000000008007704        0x0
 .rel.iplt      0x0000000008007704        0x0 /Applications/STM32CubeIDE.app/Contents/Eclipse/plugins/com.st.stm32cube.ide.mcu.externaltools.gnu-tools-for-stm32.11.3.rel1.macos64_1.1.100.202310310803/tools/bin/../lib/gcc/arm-none-eabi/11.3.1/thumb/v7e-m+fp/hard/crtbegin.o

.preinit_array  0x0000000008007704        0x0
                0x0000000008007704                . = ALIGN (0x4)
                0x0000000008007704                PROVIDE (__preinit_array_start = .)
 *(.preinit_array*)
                0x0000000008007704                PROVIDE (__preinit_array_end = .)
                0x0000000008007704                . = ALIGN (0x4)

.init_array     0x0000000008007704        0x4
                0x0000000008007704                . = ALIGN (0x4)
                0x0000000008007704                PROVIDE (__init_array_start = .)
 *(SORT_BY_NAME(.init_array.*))
 *(.init_array*)
 .init_array    0x0000000008007704        0x4 /Applications/STM32CubeIDE.app/Contents/Eclipse/plugins/com.st.stm32cube.ide.mcu.externaltools.gnu-tools-for-stm32.11.3.rel1.macos64_1.1.100.202310310803/tools/bin/../lib/gcc/arm-none-eabi/11.3.1/thumb/v7e-m+fp/hard/crtbegin.o
                0x0000000008007708                PROVIDE (__init_array_end = .)
                0x0000000008007708                . = ALIGN (0x4)

.fini_array     0x0000000008007708        0x4
                0x0000000008007708                . = ALIGN (0x4)
                [!provide]                        PROVIDE (__fini_array_start = .)
 *(SORT_BY_NAME(.fini_array.*))
 *(.fini_array*)
 .fini_array    0x0000000008007708        0x4 /Applications/STM32CubeIDE.app/Contents/Eclipse/plugins/com.st.stm32cube.ide.mcu.externaltools.gnu-tools-for-stm32.11.3.rel1.macos64_1.1.100.202310310803/tools/bin/../lib/gcc/arm-none-eabi/11.3.1/thumb/v7e-m+fp/hard/crtbegin.o
                [!provide]                        PROVIDE (__fini_array_end = .)
                0x000000000800770c                . = ALIGN (0x4)
                0x000000000800770c                _sidata = LOADADDR (.data)

.data           0x0000000020000000       0x1c load address 0x000000000800770c
                0x0000000020000000                . = ALIGN (0x4)
                0x0000000020000000                _sdata = .
 *(.data)
 *(.data*)
 .data.SystemCoreClock
                0x0000000020000000        0x4 ./Core/Src/system_stm32f4xx.o
                0x0000000020000000                SystemCoreClock
 .data.uwTickPrio
                0x0000000020000004        0x4 ./Drivers/STM32F4xx_HAL_Driver/Src/stm32f4xx_hal.o
                0x0000000020000004                uwTickPrio
 .data.uwTickFreq
                0x0000000020000008        0x1 ./Drivers/STM32F4xx_HAL_Driver/Src/stm32f4xx_hal.o
                0x0000000020000008                uwTickFreq
 *fill*         0x0000000020000009        0x3 
 .data.uxTopUsedPriority
                0x000000002000000c        0x4 ./common/third_party/FreeRTOS/tasks.o
                0x000000002000000c                uxTopUsedPriority
 .data.uxCriticalNesting
                0x0000000020000010        0x4 ./common/third_party/FreeRTOS/portable/GCC/ARM_CM4F/port.o
 .data._SVInfo  0x0000000020000014        0x8 ./common/third_party/SEGGER/Rec/segger_uart.o
 *(.RamFunc)
 *(.RamFunc*)
                0x000000002000001c                . = ALIGN (0x4)
                0x000000002000001c                _edata = .

.igot.plt       0x000000002000001c        0x0 load address 0x0000000008007728
 .igot.plt      0x000000002000001c        0x0 /Applications/STM32CubeIDE.app/Contents/Eclipse/plugins/com.st.stm32cube.ide.mcu.externaltools.gnu-tools-for-stm32.11.3.rel1.macos64_1.1.100.202310310803/tools/bin/../lib/gcc/arm-none-eabi/11.3.1/thumb/v7e-m+fp/hard/crtbegin.o
                0x000000002000001c                . = ALIGN (0x4)

.bss            0x000000002000001c    0x144a0 load address 0x0000000008007728
                0x000000002000001c                _sbss = .
                0x000000002000001c                __bss_start__ = _sbss
 *(.bss)
 .bss           0x000000002000001c       0x1c /Applications/STM32CubeIDE.app/Contents/Eclipse/plugins/com.st.stm32cube.ide.mcu.externaltools.gnu-tools-for-stm32.11.3.rel1.macos64_1.1.100.202310310803/tools/bin/../lib/gcc/arm-none-eabi/11.3.1/thumb/v7e-m+fp/hard/crtbegin.o
 *(.bss*)
 .bss.task1_handle
                0x0000000020000038        0x4 ./Core/Src/main.o
                0x0000000020000038                task1_handle
 .bss.task2_handle
                0x000000002000003c        0x4 ./Core/Src/main.o
                0x000000002000003c                task2_handle
 .bss.task3_handle
                0x0000000020000040        0x4 ./Core/Src/main.o
                0x0000000020000040                task3_handle
 .bss.btn_handle
                0x0000000020000044        0x4 ./Core/Src/main.o
                0x0000000020000044                btn_handle
 .bss.nxt_del_handle
                0x0000000020000048        0x4 ./Core/Src/main.o
                0x0000000020000048                nxt_del_handle
 .bss.htim4     0x000000002000004c       0x48 ./Core/Src/stm32f4xx_hal_timebase_tim.o
                0x000000002000004c                htim4
 .bss.uwTick    0x0000000020000094        0x4 ./Drivers/STM32F4xx_HAL_Driver/Src/stm32f4xx_hal.o
                0x0000000020000094                uwTick
 .bss.xQueueRegistry
                0x0000000020000098       0x40 ./common/third_party/FreeRTOS/queue.o
                0x0000000020000098                xQueueRegistry
 .bss.pxCurrentTCB
                0x00000000200000d8        0x4 ./common/third_party/FreeRTOS/tasks.o
                0x00000000200000d8                pxCurrentTCB
 .bss.pxReadyTasksLists
                0x00000000200000dc       0x64 ./common/third_party/FreeRTOS/tasks.o
 .bss.xDelayedTaskList1
                0x0000000020000140       0x14 ./common/third_party/FreeRTOS/tasks.o
 .bss.xDelayedTaskList2
                0x0000000020000154       0x14 ./common/third_party/FreeRTOS/tasks.o
 .bss.pxDelayedTaskList
                0x0000000020000168        0x4 ./common/third_party/FreeRTOS/tasks.o
 .bss.pxOverflowDelayedTaskList
                0x000000002000016c        0x4 ./common/third_party/FreeRTOS/tasks.o
 .bss.xPendingReadyList
                0x0000000020000170       0x14 ./common/third_party/FreeRTOS/tasks.o
 .bss.xTasksWaitingTermination
                0x0000000020000184       0x14 ./common/third_party/FreeRTOS/tasks.o
 .bss.uxDeletedTasksWaitingCleanUp
                0x0000000020000198        0x4 ./common/third_party/FreeRTOS/tasks.o
 .bss.xSuspendedTaskList
                0x000000002000019c       0x14 ./common/third_party/FreeRTOS/tasks.o
 .bss.uxCurrentNumberOfTasks
                0x00000000200001b0        0x4 ./common/third_party/FreeRTOS/tasks.o
 .bss.xTickCount
                0x00000000200001b4        0x4 ./common/third_party/FreeRTOS/tasks.o
 .bss.uxTopReadyPriority
                0x00000000200001b8        0x4 ./common/third_party/FreeRTOS/tasks.o
 .bss.xSchedulerRunning
                0x00000000200001bc        0x4 ./common/third_party/FreeRTOS/tasks.o
 .bss.xPendedTicks
                0x00000000200001c0        0x4 ./common/third_party/FreeRTOS/tasks.o
 .bss.xYieldPending
                0x00000000200001c4        0x4 ./common/third_party/FreeRTOS/tasks.o
 .bss.xNumOfOverflows
                0x00000000200001c8        0x4 ./common/third_party/FreeRTOS/tasks.o
 .bss.uxTaskNumber
                0x00000000200001cc        0x4 ./common/third_party/FreeRTOS/tasks.o
 .bss.xNextTaskUnblockTime
                0x00000000200001d0        0x4 ./common/third_party/FreeRTOS/tasks.o
 .bss.xIdleTaskHandle
                0x00000000200001d4        0x4 ./common/third_party/FreeRTOS/tasks.o
 .bss.uxSchedulerSuspended
                0x00000000200001d8        0x4 ./common/third_party/FreeRTOS/tasks.o
 .bss.xActiveTimerList1
                0x00000000200001dc       0x14 ./common/third_party/FreeRTOS/timers.o
 .bss.xActiveTimerList2
                0x00000000200001f0       0x14 ./common/third_party/FreeRTOS/timers.o
 .bss.pxCurrentTimerList
                0x0000000020000204        0x4 ./common/third_party/FreeRTOS/timers.o
 .bss.pxOverflowTimerList
                0x0000000020000208        0x4 ./common/third_party/FreeRTOS/timers.o
 .bss.xTimerQueue
                0x000000002000020c        0x4 ./common/third_party/FreeRTOS/timers.o
 .bss.xTimerTaskHandle
                0x0000000020000210        0x4 ./common/third_party/FreeRTOS/timers.o
 .bss.xLastTime.0
                0x0000000020000214        0x4 ./common/third_party/FreeRTOS/timers.o
 .bss.ucMaxSysCallPriority
                0x0000000020000218        0x1 ./common/third_party/FreeRTOS/portable/GCC/ARM_CM4F/port.o
 *fill*         0x0000000020000219        0x3 
 .bss.ulMaxPRIGROUPValue
                0x000000002000021c        0x4 ./common/third_party/FreeRTOS/portable/GCC/ARM_CM4F/port.o
 .bss.ucHeap    0x0000000020000220    0x12c00 ./common/third_party/FreeRTOS/portable/MemMang/heap_4.o
 .bss.xStart    0x0000000020012e20        0x8 ./common/third_party/FreeRTOS/portable/MemMang/heap_4.o
 .bss.pxEnd     0x0000000020012e28        0x4 ./common/third_party/FreeRTOS/portable/MemMang/heap_4.o
 .bss.xFreeBytesRemaining
                0x0000000020012e2c        0x4 ./common/third_party/FreeRTOS/portable/MemMang/heap_4.o
 .bss.xMinimumEverFreeBytesRemaining
                0x0000000020012e30        0x4 ./common/third_party/FreeRTOS/portable/MemMang/heap_4.o
 .bss.xNumberOfSuccessfulAllocations
                0x0000000020012e34        0x4 ./common/third_party/FreeRTOS/portable/MemMang/heap_4.o
 .bss.xNumberOfSuccessfulFrees
                0x0000000020012e38        0x4 ./common/third_party/FreeRTOS/portable/MemMang/heap_4.o
 .bss._aTasks   0x0000000020012e3c       0xa0 ./common/third_party/SEGGER/OS/SEGGER_SYSVIEW_FreeRTOS.o
 .bss._NumTasks
                0x0000000020012edc        0x4 ./common/third_party/SEGGER/OS/SEGGER_SYSVIEW_FreeRTOS.o
 .bss._cbOnRx   0x0000000020012ee0        0x4 ./common/third_party/SEGGER/Rec/segger_uart.o
 .bss._cbOnTx   0x0000000020012ee4        0x4 ./common/third_party/SEGGER/Rec/segger_uart.o
 .bss._SEGGER_RTT
                0x0000000020012ee8       0xa8 ./common/third_party/SEGGER/SEGGER/SEGGER_RTT.o
                0x0000000020012ee8                _SEGGER_RTT
 .bss._acUpBuffer
                0x0000000020012f90      0x400 ./common/third_party/SEGGER/SEGGER/SEGGER_RTT.o
 .bss._acDownBuffer
                0x0000000020013390       0x10 ./common/third_party/SEGGER/SEGGER/SEGGER_RTT.o
 .bss._UpBuffer
                0x00000000200133a0     0x1000 ./common/third_party/SEGGER/SEGGER/SEGGER_SYSVIEW.o
 .bss._DownBuffer
                0x00000000200143a0        0x8 ./common/third_party/SEGGER/SEGGER/SEGGER_SYSVIEW.o
 .bss._SYSVIEW_Globals
                0x00000000200143a8       0x28 ./common/third_party/SEGGER/SEGGER/SEGGER_SYSVIEW.o
 .bss._pFirstModule
                0x00000000200143d0        0x4 ./common/third_party/SEGGER/SEGGER/SEGGER_SYSVIEW.o
 .bss._NumModules
                0x00000000200143d4        0x1 ./common/third_party/SEGGER/SEGGER/SEGGER_SYSVIEW.o
 *fill*         0x00000000200143d5        0x3 
 .bss._aPacket  0x00000000200143d8       0xe3 ./common/third_party/SEGGER/SEGGER/SEGGER_SYSVIEW.o
 *(COMMON)
                0x00000000200144bc                . = ALIGN (0x4)
 *fill*         0x00000000200144bb        0x1 
                0x00000000200144bc                _ebss = .
                0x00000000200144bc                __bss_end__ = _ebss

._user_heap_stack
                0x00000000200144bc      0x604 load address 0x0000000008007728
                0x00000000200144c0                . = ALIGN (0x8)
 *fill*         0x00000000200144bc        0x4 
                [!provide]                        PROVIDE (end = .)
                0x00000000200144c0                PROVIDE (_end = .)
                0x00000000200146c0                . = (. + _Min_Heap_Size)
 *fill*         0x00000000200144c0      0x200 
                0x0000000020014ac0                . = (. + _Min_Stack_Size)
 *fill*         0x00000000200146c0      0x400 
                0x0000000020014ac0                . = ALIGN (0x8)

/DISCARD/
 libc.a(*)
 libm.a(*)
 libgcc.a(*)

.ARM.attributes
                0x0000000000000000       0x30
 *(.ARM.attributes)
 .ARM.attributes
                0x0000000000000000       0x1e /Applications/STM32CubeIDE.app/Contents/Eclipse/plugins/com.st.stm32cube.ide.mcu.externaltools.gnu-tools-for-stm32.11.3.rel1.macos64_1.1.100.202310310803/tools/bin/../lib/gcc/arm-none-eabi/11.3.1/thumb/v7e-m+fp/hard/crti.o
 .ARM.attributes
                0x000000000000001e       0x34 /Applications/STM32CubeIDE.app/Contents/Eclipse/plugins/com.st.stm32cube.ide.mcu.externaltools.gnu-tools-for-stm32.11.3.rel1.macos64_1.1.100.202310310803/tools/bin/../lib/gcc/arm-none-eabi/11.3.1/thumb/v7e-m+fp/hard/crtbegin.o
 .ARM.attributes
                0x0000000000000052       0x34 ./Core/Src/main.o
 .ARM.attributes
                0x0000000000000086       0x34 ./Core/Src/stm32f4xx_hal_msp.o
 .ARM.attributes
                0x00000000000000ba       0x34 ./Core/Src/stm32f4xx_hal_timebase_tim.o
 .ARM.attributes
                0x00000000000000ee       0x34 ./Core/Src/stm32f4xx_it.o
 .ARM.attributes
                0x0000000000000122       0x34 ./Core/Src/system_stm32f4xx.o
 .ARM.attributes
                0x0000000000000156       0x21 ./Core/Startup/startup_stm32f411retx.o
 .ARM.attributes
                0x0000000000000177       0x34 ./Drivers/STM32F4xx_HAL_Driver/Src/stm32f4xx_hal.o
 .ARM.attributes
                0x00000000000001ab       0x34 ./Drivers/STM32F4xx_HAL_Driver/Src/stm32f4xx_hal_cortex.o
 .ARM.attributes
                0x00000000000001df       0x34 ./Drivers/STM32F4xx_HAL_Driver/Src/stm32f4xx_hal_gpio.o
 .ARM.attributes
                0x0000000000000213       0x34 ./Drivers/STM32F4xx_HAL_Driver/Src/stm32f4xx_hal_rcc.o
 .ARM.attributes
                0x0000000000000247       0x34 ./Drivers/STM32F4xx_HAL_Driver/Src/stm32f4xx_hal_tim.o
 .ARM.attributes
                0x000000000000027b       0x34 ./Drivers/STM32F4xx_HAL_Driver/Src/stm32f4xx_hal_tim_ex.o
 .ARM.attributes
                0x00000000000002af       0x34 ./common/third_party/FreeRTOS/list.o
 .ARM.attributes
                0x00000000000002e3       0x34 ./common/third_party/FreeRTOS/queue.o
 .ARM.attributes
                0x0000000000000317       0x34 ./common/third_party/FreeRTOS/tasks.o
 .ARM.attributes
                0x000000000000034b       0x34 ./common/third_party/FreeRTOS/timers.o
 .ARM.attributes
                0x000000000000037f       0x34 ./common/third_party/FreeRTOS/portable/GCC/ARM_CM4F/port.o
 .ARM.attributes
                0x00000000000003b3       0x34 ./common/third_party/FreeRTOS/portable/MemMang/heap_4.o
 .ARM.attributes
                0x00000000000003e7       0x34 ./common/third_party/SEGGER/OS/SEGGER_SYSVIEW_FreeRTOS.o
 .ARM.attributes
                0x000000000000041b       0x34 ./common/third_party/SEGGER/Rec/segger_uart.o
 .ARM.attributes
                0x000000000000044f       0x34 ./common/third_party/SEGGER/SEGGER/SEGGER_RTT.o
 .ARM.attributes
                0x0000000000000483       0x20 ./common/third_party/SEGGER/SEGGER/SEGGER_RTT_ASM_ARMv7M.o
 .ARM.attributes
                0x00000000000004a3       0x34 ./common/third_party/SEGGER/SEGGER/SEGGER_SYSVIEW.o
 .ARM.attributes
                0x00000000000004d7       0x34 ./common/third_party/SEGGER/config/SEGGER_SYSVIEW_Config_FreeRTOS.o
 .ARM.attributes
                0x000000000000050b       0x34 /Applications/STM32CubeIDE.app/Contents/Eclipse/plugins/com.st.stm32cube.ide.mcu.externaltools.gnu-tools-for-stm32.11.3.rel1.macos64_1.1.100.202310310803/tools/bin/../lib/gcc/arm-none-eabi/11.3.1/../../../../arm-none-eabi/lib/thumb/v7e-m+fp/hard/libc_nano.a(libc_a-memcmp.o)
 .ARM.attributes
                0x000000000000053f       0x34 /Applications/STM32CubeIDE.app/Contents/Eclipse/plugins/com.st.stm32cube.ide.mcu.externaltools.gnu-tools-for-stm32.11.3.rel1.macos64_1.1.100.202310310803/tools/bin/../lib/gcc/arm-none-eabi/11.3.1/../../../../arm-none-eabi/lib/thumb/v7e-m+fp/hard/libc_nano.a(libc_a-memset.o)
 .ARM.attributes
                0x0000000000000573       0x34 /Applications/STM32CubeIDE.app/Contents/Eclipse/plugins/com.st.stm32cube.ide.mcu.externaltools.gnu-tools-for-stm32.11.3.rel1.macos64_1.1.100.202310310803/tools/bin/../lib/gcc/arm-none-eabi/11.3.1/../../../../arm-none-eabi/lib/thumb/v7e-m+fp/hard/libc_nano.a(libc_a-init.o)
 .ARM.attributes
                0x00000000000005a7       0x34 /Applications/STM32CubeIDE.app/Contents/Eclipse/plugins/com.st.stm32cube.ide.mcu.externaltools.gnu-tools-for-stm32.11.3.rel1.macos64_1.1.100.202310310803/tools/bin/../lib/gcc/arm-none-eabi/11.3.1/../../../../arm-none-eabi/lib/thumb/v7e-m+fp/hard/libc_nano.a(libc_a-memcpy-stub.o)
 .ARM.attributes
                0x00000000000005db       0x1e /Applications/STM32CubeIDE.app/Contents/Eclipse/plugins/com.st.stm32cube.ide.mcu.externaltools.gnu-tools-for-stm32.11.3.rel1.macos64_1.1.100.202310310803/tools/bin/../lib/gcc/arm-none-eabi/11.3.1/thumb/v7e-m+fp/hard/libgcc.a(_aeabi_uldivmod.o)
 .ARM.attributes
                0x00000000000005f9       0x34 /Applications/STM32CubeIDE.app/Contents/Eclipse/plugins/com.st.stm32cube.ide.mcu.externaltools.gnu-tools-for-stm32.11.3.rel1.macos64_1.1.100.202310310803/tools/bin/../lib/gcc/arm-none-eabi/11.3.1/thumb/v7e-m+fp/hard/libgcc.a(_udivmoddi4.o)
 .ARM.attributes
                0x000000000000062d       0x1e /Applications/STM32CubeIDE.app/Contents/Eclipse/plugins/com.st.stm32cube.ide.mcu.externaltools.gnu-tools-for-stm32.11.3.rel1.macos64_1.1.100.202310310803/tools/bin/../lib/gcc/arm-none-eabi/11.3.1/thumb/v7e-m+fp/hard/libgcc.a(_dvmd_tls.o)
 .ARM.attributes
                0x000000000000064b       0x1e /Applications/STM32CubeIDE.app/Contents/Eclipse/plugins/com.st.stm32cube.ide.mcu.externaltools.gnu-tools-for-stm32.11.3.rel1.macos64_1.1.100.202310310803/tools/bin/../lib/gcc/arm-none-eabi/11.3.1/thumb/v7e-m+fp/hard/crtn.o
OUTPUT(4_task_notify_delete.elf elf32-littlearm)
LOAD linker stubs
LOAD /Applications/STM32CubeIDE.app/Contents/Eclipse/plugins/com.st.stm32cube.ide.mcu.externaltools.gnu-tools-for-stm32.11.3.rel1.macos64_1.1.100.202310310803/tools/bin/../lib/gcc/arm-none-eabi/11.3.1/../../../../arm-none-eabi/lib/thumb/v7e-m+fp/hard/libc.a
LOAD /Applications/STM32CubeIDE.app/Contents/Eclipse/plugins/com.st.stm32cube.ide.mcu.externaltools.gnu-tools-for-stm32.11.3.rel1.macos64_1.1.100.202310310803/tools/bin/../lib/gcc/arm-none-eabi/11.3.1/../../../../arm-none-eabi/lib/thumb/v7e-m+fp/hard/libm.a
LOAD /Applications/STM32CubeIDE.app/Contents/Eclipse/plugins/com.st.stm32cube.ide.mcu.externaltools.gnu-tools-for-stm32.11.3.rel1.macos64_1.1.100.202310310803/tools/bin/../lib/gcc/arm-none-eabi/11.3.1/thumb/v7e-m+fp/hard/libgcc.a

.comment        0x0000000000000000       0x43
 .comment       0x0000000000000000       0x43 /Applications/STM32CubeIDE.app/Contents/Eclipse/plugins/com.st.stm32cube.ide.mcu.externaltools.gnu-tools-for-stm32.11.3.rel1.macos64_1.1.100.202310310803/tools/bin/../lib/gcc/arm-none-eabi/11.3.1/thumb/v7e-m+fp/hard/crtbegin.o
                                         0x44 (size before relaxing)
 .comment       0x0000000000000043       0x44 ./Core/Src/main.o
 .comment       0x0000000000000043       0x44 ./Core/Src/stm32f4xx_hal_msp.o
 .comment       0x0000000000000043       0x44 ./Core/Src/stm32f4xx_hal_timebase_tim.o
 .comment       0x0000000000000043       0x44 ./Core/Src/stm32f4xx_it.o
 .comment       0x0000000000000043       0x44 ./Core/Src/system_stm32f4xx.o
 .comment       0x0000000000000043       0x44 ./Drivers/STM32F4xx_HAL_Driver/Src/stm32f4xx_hal.o
 .comment       0x0000000000000043       0x44 ./Drivers/STM32F4xx_HAL_Driver/Src/stm32f4xx_hal_cortex.o
 .comment       0x0000000000000043       0x44 ./Drivers/STM32F4xx_HAL_Driver/Src/stm32f4xx_hal_gpio.o
 .comment       0x0000000000000043       0x44 ./Drivers/STM32F4xx_HAL_Driver/Src/stm32f4xx_hal_rcc.o
 .comment       0x0000000000000043       0x44 ./Drivers/STM32F4xx_HAL_Driver/Src/stm32f4xx_hal_tim.o
 .comment       0x0000000000000043       0x44 ./Drivers/STM32F4xx_HAL_Driver/Src/stm32f4xx_hal_tim_ex.o
 .comment       0x0000000000000043       0x44 ./common/third_party/FreeRTOS/list.o
 .comment       0x0000000000000043       0x44 ./common/third_party/FreeRTOS/queue.o
 .comment       0x0000000000000043       0x44 ./common/third_party/FreeRTOS/tasks.o
 .comment       0x0000000000000043       0x44 ./common/third_party/FreeRTOS/timers.o
 .comment       0x0000000000000043       0x44 ./common/third_party/FreeRTOS/portable/GCC/ARM_CM4F/port.o
 .comment       0x0000000000000043       0x44 ./common/third_party/FreeRTOS/portable/MemMang/heap_4.o
 .comment       0x0000000000000043       0x44 ./common/third_party/SEGGER/OS/SEGGER_SYSVIEW_FreeRTOS.o
 .comment       0x0000000000000043       0x44 ./common/third_party/SEGGER/Rec/segger_uart.o
 .comment       0x0000000000000043       0x44 ./common/third_party/SEGGER/SEGGER/SEGGER_RTT.o
 .comment       0x0000000000000043       0x44 ./common/third_party/SEGGER/SEGGER/SEGGER_SYSVIEW.o
 .comment       0x0000000000000043       0x44 ./common/third_party/SEGGER/config/SEGGER_SYSVIEW_Config_FreeRTOS.o

.debug_info     0x0000000000000000    0x13f6a
 .debug_info    0x0000000000000000     0x1043 ./Core/Src/main.o
 .debug_info    0x0000000000001043      0x2a0 ./Core/Src/stm32f4xx_hal_msp.o
 .debug_info    0x00000000000012e3      0xb83 ./Core/Src/stm32f4xx_hal_timebase_tim.o
 .debug_info    0x0000000000001e66      0x6a4 ./Core/Src/stm32f4xx_it.o
 .debug_info    0x000000000000250a      0x53e ./Core/Src/system_stm32f4xx.o
 .debug_info    0x0000000000002a48       0x23 ./Core/Startup/startup_stm32f411retx.o
 .debug_info    0x0000000000002a6b      0x8c4 ./Drivers/STM32F4xx_HAL_Driver/Src/stm32f4xx_hal.o
 .debug_info    0x000000000000332f      0xcc7 ./Drivers/STM32F4xx_HAL_Driver/Src/stm32f4xx_hal_cortex.o
 .debug_info    0x0000000000003ff6      0x6f9 ./Drivers/STM32F4xx_HAL_Driver/Src/stm32f4xx_hal_gpio.o
 .debug_info    0x00000000000046ef      0x8f2 ./Drivers/STM32F4xx_HAL_Driver/Src/stm32f4xx_hal_rcc.o
 .debug_info    0x0000000000004fe1     0x2996 ./Drivers/STM32F4xx_HAL_Driver/Src/stm32f4xx_hal_tim.o
 .debug_info    0x0000000000007977     0x14d4 ./Drivers/STM32F4xx_HAL_Driver/Src/stm32f4xx_hal_tim_ex.o
 .debug_info    0x0000000000008e4b      0x2af ./common/third_party/FreeRTOS/list.o
 .debug_info    0x00000000000090fa     0x18ec ./common/third_party/FreeRTOS/queue.o
 .debug_info    0x000000000000a9e6     0x25ec ./common/third_party/FreeRTOS/tasks.o
 .debug_info    0x000000000000cfd2      0xe20 ./common/third_party/FreeRTOS/timers.o
 .debug_info    0x000000000000ddf2      0x59d ./common/third_party/FreeRTOS/portable/GCC/ARM_CM4F/port.o
 .debug_info    0x000000000000e38f      0x523 ./common/third_party/FreeRTOS/portable/MemMang/heap_4.o
 .debug_info    0x000000000000e8b2      0x411 ./common/third_party/SEGGER/OS/SEGGER_SYSVIEW_FreeRTOS.o
 .debug_info    0x000000000000ecc3      0x814 ./common/third_party/SEGGER/Rec/segger_uart.o
 .debug_info    0x000000000000f4d7     0x13d7 ./common/third_party/SEGGER/SEGGER/SEGGER_RTT.o
 .debug_info    0x00000000000108ae       0x25 ./common/third_party/SEGGER/SEGGER/SEGGER_RTT_ASM_ARMv7M.o
 .debug_info    0x00000000000108d3     0x3524 ./common/third_party/SEGGER/SEGGER/SEGGER_SYSVIEW.o
 .debug_info    0x0000000000013df7      0x173 ./common/third_party/SEGGER/config/SEGGER_SYSVIEW_Config_FreeRTOS.o

.debug_abbrev   0x0000000000000000     0x3268
 .debug_abbrev  0x0000000000000000      0x379 ./Core/Src/main.o
 .debug_abbrev  0x0000000000000379       0xeb ./Core/Src/stm32f4xx_hal_msp.o
 .debug_abbrev  0x0000000000000464      0x207 ./Core/Src/stm32f4xx_hal_timebase_tim.o
 .debug_abbrev  0x000000000000066b      0x190 ./Core/Src/stm32f4xx_it.o
 .debug_abbrev  0x00000000000007fb      0x11a ./Core/Src/system_stm32f4xx.o
 .debug_abbrev  0x0000000000000915       0x12 ./Core/Startup/startup_stm32f411retx.o
 .debug_abbrev  0x0000000000000927      0x24b ./Drivers/STM32F4xx_HAL_Driver/Src/stm32f4xx_hal.o
 .debug_abbrev  0x0000000000000b72      0x328 ./Drivers/STM32F4xx_HAL_Driver/Src/stm32f4xx_hal_cortex.o
 .debug_abbrev  0x0000000000000e9a      0x1d3 ./Drivers/STM32F4xx_HAL_Driver/Src/stm32f4xx_hal_gpio.o
 .debug_abbrev  0x000000000000106d      0x2b5 ./Drivers/STM32F4xx_HAL_Driver/Src/stm32f4xx_hal_rcc.o
 .debug_abbrev  0x0000000000001322      0x28b ./Drivers/STM32F4xx_HAL_Driver/Src/stm32f4xx_hal_tim.o
 .debug_abbrev  0x00000000000015ad      0x296 ./Drivers/STM32F4xx_HAL_Driver/Src/stm32f4xx_hal_tim_ex.o
 .debug_abbrev  0x0000000000001843       0xf5 ./common/third_party/FreeRTOS/list.o
 .debug_abbrev  0x0000000000001938      0x321 ./common/third_party/FreeRTOS/queue.o
 .debug_abbrev  0x0000000000001c59      0x3d0 ./common/third_party/FreeRTOS/tasks.o
 .debug_abbrev  0x0000000000002029      0x2cb ./common/third_party/FreeRTOS/timers.o
 .debug_abbrev  0x00000000000022f4      0x25a ./common/third_party/FreeRTOS/portable/GCC/ARM_CM4F/port.o
 .debug_abbrev  0x000000000000254e      0x256 ./common/third_party/FreeRTOS/portable/MemMang/heap_4.o
 .debug_abbrev  0x00000000000027a4      0x1a4 ./common/third_party/SEGGER/OS/SEGGER_SYSVIEW_FreeRTOS.o
 .debug_abbrev  0x0000000000002948      0x28c ./common/third_party/SEGGER/Rec/segger_uart.o
 .debug_abbrev  0x0000000000002bd4      0x258 ./common/third_party/SEGGER/SEGGER/SEGGER_RTT.o
 .debug_abbrev  0x0000000000002e2c       0x14 ./common/third_party/SEGGER/SEGGER/SEGGER_RTT_ASM_ARMv7M.o
 .debug_abbrev  0x0000000000002e40      0x349 ./common/third_party/SEGGER/SEGGER/SEGGER_SYSVIEW.o
 .debug_abbrev  0x0000000000003189       0xdf ./common/third_party/SEGGER/config/SEGGER_SYSVIEW_Config_FreeRTOS.o

.debug_aranges  0x0000000000000000     0x1370
 .debug_aranges
                0x0000000000000000       0x60 ./Core/Src/main.o
 .debug_aranges
                0x0000000000000060       0x20 ./Core/Src/stm32f4xx_hal_msp.o
 .debug_aranges
                0x0000000000000080       0x30 ./Core/Src/stm32f4xx_hal_timebase_tim.o
 .debug_aranges
                0x00000000000000b0       0x50 ./Core/Src/stm32f4xx_it.o
 .debug_aranges
                0x0000000000000100       0x28 ./Core/Src/system_stm32f4xx.o
 .debug_aranges
                0x0000000000000128       0x28 ./Core/Startup/startup_stm32f411retx.o
 .debug_aranges
                0x0000000000000150       0xf0 ./Drivers/STM32F4xx_HAL_Driver/Src/stm32f4xx_hal.o
 .debug_aranges
                0x0000000000000240      0x120 ./Drivers/STM32F4xx_HAL_Driver/Src/stm32f4xx_hal_cortex.o
 .debug_aranges
                0x0000000000000360       0x58 ./Drivers/STM32F4xx_HAL_Driver/Src/stm32f4xx_hal_gpio.o
 .debug_aranges
                0x00000000000003b8       0x88 ./Drivers/STM32F4xx_HAL_Driver/Src/stm32f4xx_hal_rcc.o
 .debug_aranges
                0x0000000000000440      0x3d0 ./Drivers/STM32F4xx_HAL_Driver/Src/stm32f4xx_hal_tim.o
 .debug_aranges
                0x0000000000000810      0x168 ./Drivers/STM32F4xx_HAL_Driver/Src/stm32f4xx_hal_tim_ex.o
 .debug_aranges
                0x0000000000000978       0x40 ./common/third_party/FreeRTOS/list.o
 .debug_aranges
                0x00000000000009b8      0x130 ./common/third_party/FreeRTOS/queue.o
 .debug_aranges
                0x0000000000000ae8      0x208 ./common/third_party/FreeRTOS/tasks.o
 .debug_aranges
                0x0000000000000cf0       0xe8 ./common/third_party/FreeRTOS/timers.o
 .debug_aranges
                0x0000000000000dd8       0x88 ./common/third_party/FreeRTOS/portable/GCC/ARM_CM4F/port.o
 .debug_aranges
                0x0000000000000e60       0x60 ./common/third_party/FreeRTOS/portable/MemMang/heap_4.o
 .debug_aranges
                0x0000000000000ec0       0x48 ./common/third_party/SEGGER/OS/SEGGER_SYSVIEW_FreeRTOS.o
 .debug_aranges
                0x0000000000000f08       0x68 ./common/third_party/SEGGER/Rec/segger_uart.o
 .debug_aranges
                0x0000000000000f70      0x138 ./common/third_party/SEGGER/SEGGER/SEGGER_RTT.o
 .debug_aranges
                0x00000000000010a8       0x20 ./common/third_party/SEGGER/SEGGER/SEGGER_RTT_ASM_ARMv7M.o
 .debug_aranges
                0x00000000000010c8      0x280 ./common/third_party/SEGGER/SEGGER/SEGGER_SYSVIEW.o
 .debug_aranges
                0x0000000000001348       0x28 ./common/third_party/SEGGER/config/SEGGER_SYSVIEW_Config_FreeRTOS.o

.debug_rnglists
                0x0000000000000000      0xeed
 .debug_rnglists
                0x0000000000000000       0x47 ./Core/Src/main.o
 .debug_rnglists
                0x0000000000000047       0x13 ./Core/Src/stm32f4xx_hal_msp.o
 .debug_rnglists
                0x000000000000005a       0x20 ./Core/Src/stm32f4xx_hal_timebase_tim.o
 .debug_rnglists
                0x000000000000007a       0x37 ./Core/Src/stm32f4xx_it.o
 .debug_rnglists
                0x00000000000000b1       0x1a ./Core/Src/system_stm32f4xx.o
 .debug_rnglists
                0x00000000000000cb       0x19 ./Core/Startup/startup_stm32f411retx.o
 .debug_rnglists
                0x00000000000000e4       0xaf ./Drivers/STM32F4xx_HAL_Driver/Src/stm32f4xx_hal.o
 .debug_rnglists
                0x0000000000000193       0xd4 ./Drivers/STM32F4xx_HAL_Driver/Src/stm32f4xx_hal_cortex.o
 .debug_rnglists
                0x0000000000000267       0x3f ./Drivers/STM32F4xx_HAL_Driver/Src/stm32f4xx_hal_gpio.o
 .debug_rnglists
                0x00000000000002a6       0x66 ./Drivers/STM32F4xx_HAL_Driver/Src/stm32f4xx_hal_rcc.o
 .debug_rnglists
                0x000000000000030c      0x31a ./Drivers/STM32F4xx_HAL_Driver/Src/stm32f4xx_hal_tim.o
 .debug_rnglists
                0x0000000000000626      0x125 ./Drivers/STM32F4xx_HAL_Driver/Src/stm32f4xx_hal_tim_ex.o
 .debug_rnglists
                0x000000000000074b       0x2b ./common/third_party/FreeRTOS/list.o
 .debug_rnglists
                0x0000000000000776       0xec ./common/third_party/FreeRTOS/queue.o
 .debug_rnglists
                0x0000000000000862      0x1a1 ./common/third_party/FreeRTOS/tasks.o
 .debug_rnglists
                0x0000000000000a03       0xad ./common/third_party/FreeRTOS/timers.o
 .debug_rnglists
                0x0000000000000ab0       0x64 ./common/third_party/FreeRTOS/portable/GCC/ARM_CM4F/port.o
 .debug_rnglists
                0x0000000000000b14       0x48 ./common/third_party/FreeRTOS/portable/MemMang/heap_4.o
 .debug_rnglists
                0x0000000000000b5c       0x36 ./common/third_party/SEGGER/OS/SEGGER_SYSVIEW_FreeRTOS.o
 .debug_rnglists
                0x0000000000000b92       0x4b ./common/third_party/SEGGER/Rec/segger_uart.o
 .debug_rnglists
                0x0000000000000bdd       0xf5 ./common/third_party/SEGGER/SEGGER/SEGGER_RTT.o
 .debug_rnglists
                0x0000000000000cd2      0x202 ./common/third_party/SEGGER/SEGGER/SEGGER_SYSVIEW.o
 .debug_rnglists
                0x0000000000000ed4       0x19 ./common/third_party/SEGGER/config/SEGGER_SYSVIEW_Config_FreeRTOS.o

.debug_macro    0x0000000000000000    0x190b4
 .debug_macro   0x0000000000000000      0x37e ./Core/Src/main.o
 .debug_macro   0x000000000000037e      0xaa8 ./Core/Src/main.o
 .debug_macro   0x0000000000000e26      0x295 ./Core/Src/main.o
 .debug_macro   0x00000000000010bb       0x2e ./Core/Src/main.o
 .debug_macro   0x00000000000010e9       0x28 ./Core/Src/main.o
 .debug_macro   0x0000000000001111       0x22 ./Core/Src/main.o
 .debug_macro   0x0000000000001133       0x8e ./Core/Src/main.o
 .debug_macro   0x00000000000011c1       0x51 ./Core/Src/main.o
 .debug_macro   0x0000000000001212      0x103 ./Core/Src/main.o
 .debug_macro   0x0000000000001315       0x6a ./Core/Src/main.o
 .debug_macro   0x000000000000137f      0x1df ./Core/Src/main.o
 .debug_macro   0x000000000000155e       0x1c ./Core/Src/main.o
 .debug_macro   0x000000000000157a       0x22 ./Core/Src/main.o
 .debug_macro   0x000000000000159c       0xfb ./Core/Src/main.o
 .debug_macro   0x0000000000001697     0x1011 ./Core/Src/main.o
 .debug_macro   0x00000000000026a8      0x11f ./Core/Src/main.o
 .debug_macro   0x00000000000027c7     0xb953 ./Core/Src/main.o
 .debug_macro   0x000000000000e11a       0x6d ./Core/Src/main.o
 .debug_macro   0x000000000000e187     0x368c ./Core/Src/main.o
 .debug_macro   0x0000000000011813      0x174 ./Core/Src/main.o
 .debug_macro   0x0000000000011987       0x5c ./Core/Src/main.o
 .debug_macro   0x00000000000119e3      0x45c ./Core/Src/main.o
 .debug_macro   0x0000000000011e3f      0x9e9 ./Core/Src/main.o
 .debug_macro   0x0000000000012828      0x115 ./Core/Src/main.o
 .debug_macro   0x000000000001293d      0x11b ./Core/Src/main.o
 .debug_macro   0x0000000000012a58       0xa5 ./Core/Src/main.o
 .debug_macro   0x0000000000012afd      0x15f ./Core/Src/main.o
 .debug_macro   0x0000000000012c5c      0x287 ./Core/Src/main.o
 .debug_macro   0x0000000000012ee3       0x5f ./Core/Src/main.o
 .debug_macro   0x0000000000012f42      0x236 ./Core/Src/main.o
 .debug_macro   0x0000000000013178      0x132 ./Core/Src/main.o
 .debug_macro   0x00000000000132aa      0x264 ./Core/Src/main.o
 .debug_macro   0x000000000001350e       0x2e ./Core/Src/main.o
 .debug_macro   0x000000000001353c      0x127 ./Core/Src/main.o
 .debug_macro   0x0000000000013663       0x85 ./Core/Src/main.o
 .debug_macro   0x00000000000136e8       0x89 ./Core/Src/main.o
 .debug_macro   0x0000000000013771      0x8ed ./Core/Src/main.o
 .debug_macro   0x000000000001405e       0x47 ./Core/Src/main.o
 .debug_macro   0x00000000000140a5      0x126 ./Core/Src/main.o
 .debug_macro   0x00000000000141cb       0x1c ./Core/Src/main.o
 .debug_macro   0x00000000000141e7       0x61 ./Core/Src/main.o
 .debug_macro   0x0000000000014248       0x2a ./Core/Src/main.o
 .debug_macro   0x0000000000014272       0x43 ./Core/Src/main.o
 .debug_macro   0x00000000000142b5       0x34 ./Core/Src/main.o
 .debug_macro   0x00000000000142e9       0x16 ./Core/Src/main.o
 .debug_macro   0x00000000000142ff       0x35 ./Core/Src/main.o
 .debug_macro   0x0000000000014334      0x369 ./Core/Src/main.o
 .debug_macro   0x000000000001469d       0x10 ./Core/Src/main.o
 .debug_macro   0x00000000000146ad       0x16 ./Core/Src/main.o
 .debug_macro   0x00000000000146c3       0x43 ./Core/Src/main.o
 .debug_macro   0x0000000000014706       0x34 ./Core/Src/main.o
 .debug_macro   0x000000000001473a       0x10 ./Core/Src/main.o
 .debug_macro   0x000000000001474a       0x58 ./Core/Src/main.o
 .debug_macro   0x00000000000147a2       0x8e ./Core/Src/main.o
 .debug_macro   0x0000000000014830       0x1c ./Core/Src/main.o
 .debug_macro   0x000000000001484c      0x177 ./Core/Src/main.o
 .debug_macro   0x00000000000149c3       0x16 ./Core/Src/main.o
 .debug_macro   0x00000000000149d9       0x16 ./Core/Src/main.o
 .debug_macro   0x00000000000149ef      0x147 ./Core/Src/main.o
 .debug_macro   0x0000000000014b36      0x106 ./Core/Src/main.o
 .debug_macro   0x0000000000014c3c       0x4c ./Core/Src/main.o
 .debug_macro   0x0000000000014c88       0x46 ./Core/Src/main.o
 .debug_macro   0x0000000000014cce       0x64 ./Core/Src/main.o
 .debug_macro   0x0000000000014d32       0x16 ./Core/Src/main.o
 .debug_macro   0x0000000000014d48       0x49 ./Core/Src/main.o
 .debug_macro   0x0000000000014d91       0xbc ./Core/Src/main.o
 .debug_macro   0x0000000000014e4d      0x204 ./Core/Src/main.o
 .debug_macro   0x0000000000015051      0x450 ./Core/Src/main.o
 .debug_macro   0x00000000000154a1      0x15a ./Core/Src/main.o
 .debug_macro   0x00000000000155fb       0xea ./Core/Src/main.o
 .debug_macro   0x00000000000156e5       0x28 ./Core/Src/main.o
 .debug_macro   0x000000000001570d       0x1f ./Core/Src/main.o
 .debug_macro   0x000000000001572c       0x12 ./Core/Src/main.o
 .debug_macro   0x000000000001573e      0x400 ./Core/Src/main.o
 .debug_macro   0x0000000000015b3e       0xc3 ./Core/Src/main.o
 .debug_macro   0x0000000000015c01      0x120 ./Core/Src/main.o
 .debug_macro   0x0000000000015d21      0x288 ./Core/Src/stm32f4xx_hal_msp.o
 .debug_macro   0x0000000000015fa9       0x58 ./Core/Src/stm32f4xx_hal_msp.o
 .debug_macro   0x0000000000016001      0x1c4 ./Core/Src/stm32f4xx_hal_timebase_tim.o
 .debug_macro   0x00000000000161c5      0x1dd ./Core/Src/stm32f4xx_it.o
 .debug_macro   0x00000000000163a2      0x1c4 ./Core/Src/system_stm32f4xx.o
 .debug_macro   0x0000000000016566      0x224 ./Drivers/STM32F4xx_HAL_Driver/Src/stm32f4xx_hal.o
 .debug_macro   0x000000000001678a      0x1c4 ./Drivers/STM32F4xx_HAL_Driver/Src/stm32f4xx_hal_cortex.o
 .debug_macro   0x000000000001694e      0x1ca ./Drivers/STM32F4xx_HAL_Driver/Src/stm32f4xx_hal_gpio.o
 .debug_macro   0x0000000000016b18      0x1e8 ./Drivers/STM32F4xx_HAL_Driver/Src/stm32f4xx_hal_rcc.o
 .debug_macro   0x0000000000016d00      0x1c5 ./Drivers/STM32F4xx_HAL_Driver/Src/stm32f4xx_hal_tim.o
 .debug_macro   0x0000000000016ec5      0x1c4 ./Drivers/STM32F4xx_HAL_Driver/Src/stm32f4xx_hal_tim_ex.o
 .debug_macro   0x0000000000017089      0x1f8 ./common/third_party/FreeRTOS/list.o
 .debug_macro   0x0000000000017281      0x28f ./common/third_party/FreeRTOS/queue.o
 .debug_macro   0x0000000000017510       0x16 ./common/third_party/FreeRTOS/queue.o
 .debug_macro   0x0000000000017526       0x20 ./common/third_party/FreeRTOS/queue.o
 .debug_macro   0x0000000000017546       0x80 ./common/third_party/FreeRTOS/queue.o
 .debug_macro   0x00000000000175c6      0x2de ./common/third_party/FreeRTOS/tasks.o
 .debug_macro   0x00000000000178a4       0x17 ./common/third_party/FreeRTOS/tasks.o
 .debug_macro   0x00000000000178bb      0x247 ./common/third_party/FreeRTOS/timers.o
 .debug_macro   0x0000000000017b02       0x97 ./common/third_party/FreeRTOS/timers.o
 .debug_macro   0x0000000000017b99      0x207 ./common/third_party/FreeRTOS/portable/GCC/ARM_CM4F/port.o
 .debug_macro   0x0000000000017da0      0x279 ./common/third_party/FreeRTOS/portable/MemMang/heap_4.o
 .debug_macro   0x0000000000018019      0x207 ./common/third_party/SEGGER/OS/SEGGER_SYSVIEW_FreeRTOS.o
 .debug_macro   0x0000000000018220      0x41c ./common/third_party/SEGGER/Rec/segger_uart.o
 .debug_macro   0x000000000001863c       0x3a ./common/third_party/SEGGER/Rec/segger_uart.o
 .debug_macro   0x0000000000018676      0x138 ./common/third_party/SEGGER/Rec/segger_uart.o
 .debug_macro   0x00000000000187ae       0x56 ./common/third_party/SEGGER/Rec/segger_uart.o
 .debug_macro   0x0000000000018804      0x1bd ./common/third_party/SEGGER/SEGGER/SEGGER_RTT.o
 .debug_macro   0x00000000000189c1       0x34 ./common/third_party/SEGGER/SEGGER/SEGGER_RTT.o
 .debug_macro   0x00000000000189f5      0x212 ./common/third_party/SEGGER/SEGGER/SEGGER_SYSVIEW.o
 .debug_macro   0x0000000000018c07      0x204 ./common/third_party/SEGGER/SEGGER/SEGGER_SYSVIEW.o
 .debug_macro   0x0000000000018e0b      0x16e ./common/third_party/SEGGER/SEGGER/SEGGER_SYSVIEW.o
 .debug_macro   0x0000000000018f79      0x13b ./common/third_party/SEGGER/config/SEGGER_SYSVIEW_Config_FreeRTOS.o

.debug_line     0x0000000000000000    0x15b94
 .debug_line    0x0000000000000000      0xd0e ./Core/Src/main.o
 .debug_line    0x0000000000000d0e      0x99b ./Core/Src/stm32f4xx_hal_msp.o
 .debug_line    0x00000000000016a9      0x747 ./Core/Src/stm32f4xx_hal_timebase_tim.o
 .debug_line    0x0000000000001df0      0x768 ./Core/Src/stm32f4xx_it.o
 .debug_line    0x0000000000002558      0x74d ./Core/Src/system_stm32f4xx.o
 .debug_line    0x0000000000002ca5       0x7a ./Core/Startup/startup_stm32f411retx.o
 .debug_line    0x0000000000002d1f      0x9b3 ./Drivers/STM32F4xx_HAL_Driver/Src/stm32f4xx_hal.o
 .debug_line    0x00000000000036d2      0xc7f ./Drivers/STM32F4xx_HAL_Driver/Src/stm32f4xx_hal_cortex.o
 .debug_line    0x0000000000004351      0xaeb ./Drivers/STM32F4xx_HAL_Driver/Src/stm32f4xx_hal_gpio.o
 .debug_line    0x0000000000004e3c      0xd2a ./Drivers/STM32F4xx_HAL_Driver/Src/stm32f4xx_hal_rcc.o
 .debug_line    0x0000000000005b66     0x3519 ./Drivers/STM32F4xx_HAL_Driver/Src/stm32f4xx_hal_tim.o
 .debug_line    0x000000000000907f     0x194a ./Drivers/STM32F4xx_HAL_Driver/Src/stm32f4xx_hal_tim_ex.o
 .debug_line    0x000000000000a9c9      0x937 ./common/third_party/FreeRTOS/list.o
 .debug_line    0x000000000000b300     0x1875 ./common/third_party/FreeRTOS/queue.o
 .debug_line    0x000000000000cb75     0x2043 ./common/third_party/FreeRTOS/tasks.o
 .debug_line    0x000000000000ebb8      0xe57 ./common/third_party/FreeRTOS/timers.o
 .debug_line    0x000000000000fa0f      0xa41 ./common/third_party/FreeRTOS/portable/GCC/ARM_CM4F/port.o
 .debug_line    0x0000000000010450      0xbb8 ./common/third_party/FreeRTOS/portable/MemMang/heap_4.o
 .debug_line    0x0000000000011008      0x99e ./common/third_party/SEGGER/OS/SEGGER_SYSVIEW_FreeRTOS.o
 .debug_line    0x00000000000119a6      0xbcf ./common/third_party/SEGGER/Rec/segger_uart.o
 .debug_line    0x0000000000012575      0xf00 ./common/third_party/SEGGER/SEGGER/SEGGER_RTT.o
 .debug_line    0x0000000000013475       0x86 ./common/third_party/SEGGER/SEGGER/SEGGER_RTT_ASM_ARMv7M.o
 .debug_line    0x00000000000134fb     0x1fe4 ./common/third_party/SEGGER/SEGGER/SEGGER_SYSVIEW.o
 .debug_line    0x00000000000154df      0x6b5 ./common/third_party/SEGGER/config/SEGGER_SYSVIEW_Config_FreeRTOS.o

.debug_str      0x0000000000000000    0x9b411
 .debug_str     0x0000000000000000    0x91e27 ./Core/Src/main.o
                                      0x921e8 (size before relaxing)
 .debug_str     0x0000000000091e27       0x40 ./Core/Src/stm32f4xx_hal_msp.o
                                      0x8c373 (size before relaxing)
 .debug_str     0x0000000000091e67      0x4b9 ./Core/Src/stm32f4xx_hal_timebase_tim.o
                                      0x85b83 (size before relaxing)
 .debug_str     0x0000000000092320       0xb5 ./Core/Src/stm32f4xx_it.o
                                      0x8561e (size before relaxing)
 .debug_str     0x00000000000923d5       0xdb ./Core/Src/system_stm32f4xx.o
                                      0x851e4 (size before relaxing)
 .debug_str     0x00000000000924b0       0x34 ./Core/Startup/startup_stm32f411retx.o
                                         0x81 (size before relaxing)
 .debug_str     0x00000000000924e4      0x5d3 ./Drivers/STM32F4xx_HAL_Driver/Src/stm32f4xx_hal.o
                                      0x85c10 (size before relaxing)
 .debug_str     0x0000000000092ab7      0x347 ./Drivers/STM32F4xx_HAL_Driver/Src/stm32f4xx_hal_cortex.o
                                      0x85948 (size before relaxing)
 .debug_str     0x0000000000092dfe      0x120 ./Drivers/STM32F4xx_HAL_Driver/Src/stm32f4xx_hal_gpio.o
                                      0x8535f (size before relaxing)
 .debug_str     0x0000000000092f1e      0x1fd ./Drivers/STM32F4xx_HAL_Driver/Src/stm32f4xx_hal_rcc.o
                                      0x85618 (size before relaxing)
 .debug_str     0x000000000009311b      0xe79 ./Drivers/STM32F4xx_HAL_Driver/Src/stm32f4xx_hal_tim.o
                                      0x8655c (size before relaxing)
 .debug_str     0x0000000000093f94      0x503 ./Drivers/STM32F4xx_HAL_Driver/Src/stm32f4xx_hal_tim_ex.o
                                      0x85d68 (size before relaxing)
 .debug_str     0x0000000000094497      0x29c ./common/third_party/FreeRTOS/list.o
                                       0xf075 (size before relaxing)
 .debug_str     0x0000000000094733     0x14de ./common/third_party/FreeRTOS/queue.o
                                      0x117f6 (size before relaxing)
 .debug_str     0x0000000000095c11     0x1b99 ./common/third_party/FreeRTOS/tasks.o
                                      0x1232b (size before relaxing)
 .debug_str     0x00000000000977aa      0x57b ./common/third_party/FreeRTOS/timers.o
                                      0x118f4 (size before relaxing)
 .debug_str     0x0000000000097d25      0x870 ./common/third_party/FreeRTOS/portable/GCC/ARM_CM4F/port.o
                                       0xd933 (size before relaxing)