Archive member included to satisfy reference by file (symbol)

/Applications/STM32CubeIDE.app/Contents/Eclipse/plugins/com.st.stm32cube.ide.mcu.externaltools.gnu-tools-for-stm32.12.3.rel1.macos64_1.0.200.202406191456/tools/bin/../lib/gcc/arm-none-eabi/12.3.1/../../../../arm-none-eabi/lib/thumb/v7e-m+fp/hard/libc_nano.a(libc_a-exit.o)
                              /Applications/STM32CubeIDE.app/Contents/Eclipse/plugins/com.st.stm32cube.ide.mcu.externaltools.gnu-tools-for-stm32.12.3.rel1.macos64_1.0.200.202406191456/tools/bin/../lib/gcc/arm-none-eabi/12.3.1/../../../../arm-none-eabi/lib/thumb/v7e-m+fp/hard/crt0.o (exit)
/Applications/STM32CubeIDE.app/Contents/Eclipse/plugins/com.st.stm32cube.ide.mcu.externaltools.gnu-tools-for-stm32.12.3.rel1.macos64_1.0.200.202406191456/tools/bin/../lib/gcc/arm-none-eabi/12.3.1/../../../../arm-none-eabi/lib/thumb/v7e-m+fp/hard/libc_nano.a(libc_a-findfp.o)
                              /Applications/STM32CubeIDE.app/Contents/Eclipse/plugins/com.st.stm32cube.ide.mcu.externaltools.gnu-tools-for-stm32.12.3.rel1.macos64_1.0.200.202406191456/tools/bin/../lib/gcc/arm-none-eabi/12.3.1/../../../../arm-none-eabi/lib/thumb/v7e-m+fp/hard/libc_nano.a(libc_a-exit.o) (__stdio_exit_handler)
/Applications/STM32CubeIDE.app/Contents/Eclipse/plugins/com.st.stm32cube.ide.mcu.externaltools.gnu-tools-for-stm32.12.3.rel1.macos64_1.0.200.202406191456/tools/bin/../lib/gcc/arm-none-eabi/12.3.1/../../../../arm-none-eabi/lib/thumb/v7e-m+fp/hard/libc_nano.a(libc_a-fwalk.o)
                              /Applications/STM32CubeIDE.app/Contents/Eclipse/plugins/com.st.stm32cube.ide.mcu.externaltools.gnu-tools-for-stm32.12.3.rel1.macos64_1.0.200.202406191456/tools/bin/../lib/gcc/arm-none-eabi/12.3.1/../../../../arm-none-eabi/lib/thumb/v7e-m+fp/hard/libc_nano.a(libc_a-findfp.o) (_fwalk_sglue)
/Applications/STM32CubeIDE.app/Contents/Eclipse/plugins/com.st.stm32cube.ide.mcu.externaltools.gnu-tools-for-stm32.12.3.rel1.macos64_1.0.200.202406191456/tools/bin/../lib/gcc/arm-none-eabi/12.3.1/../../../../arm-none-eabi/lib/thumb/v7e-m+fp/hard/libc_nano.a(libc_a-memcmp.o)
                              ./common/third_party/SEGGER/OS/SEGGER_SYSVIEW_FreeRTOS.o (memcmp)
/Applications/STM32CubeIDE.app/Contents/Eclipse/plugins/com.st.stm32cube.ide.mcu.externaltools.gnu-tools-for-stm32.12.3.rel1.macos64_1.0.200.202406191456/tools/bin/../lib/gcc/arm-none-eabi/12.3.1/../../../../arm-none-eabi/lib/thumb/v7e-m+fp/hard/libc_nano.a(libc_a-memset.o)
                              /Applications/STM32CubeIDE.app/Contents/Eclipse/plugins/com.st.stm32cube.ide.mcu.externaltools.gnu-tools-for-stm32.12.3.rel1.macos64_1.0.200.202406191456/tools/bin/../lib/gcc/arm-none-eabi/12.3.1/../../../../arm-none-eabi/lib/thumb/v7e-m+fp/hard/crt0.o (memset)
/Applications/STM32CubeIDE.app/Contents/Eclipse/plugins/com.st.stm32cube.ide.mcu.externaltools.gnu-tools-for-stm32.12.3.rel1.macos64_1.0.200.202406191456/tools/bin/../lib/gcc/arm-none-eabi/12.3.1/../../../../arm-none-eabi/lib/thumb/v7e-m+fp/hard/libc_nano.a(libc_a-impure.o)
                              /Applications/STM32CubeIDE.app/Contents/Eclipse/plugins/com.st.stm32cube.ide.mcu.externaltools.gnu-tools-for-stm32.12.3.rel1.macos64_1.0.200.202406191456/tools/bin/../lib/gcc/arm-none-eabi/12.3.1/../../../../arm-none-eabi/lib/thumb/v7e-m+fp/hard/libc_nano.a(libc_a-findfp.o) (_impure_data)
/Applications/STM32CubeIDE.app/Contents/Eclipse/plugins/com.st.stm32cube.ide.mcu.externaltools.gnu-tools-for-stm32.12.3.rel1.macos64_1.0.200.202406191456/tools/bin/../lib/gcc/arm-none-eabi/12.3.1/../../../../arm-none-eabi/lib/thumb/v7e-m+fp/hard/libc_nano.a(libc_a-errno.o)
                              ./Core/Src/syscalls.o (__errno)
/Applications/STM32CubeIDE.app/Contents/Eclipse/plugins/com.st.stm32cube.ide.mcu.externaltools.gnu-tools-for-stm32.12.3.rel1.macos64_1.0.200.202406191456/tools/bin/../lib/gcc/arm-none-eabi/12.3.1/../../../../arm-none-eabi/lib/thumb/v7e-m+fp/hard/libc_nano.a(libc_a-init.o)
                              /Applications/STM32CubeIDE.app/Contents/Eclipse/plugins/com.st.stm32cube.ide.mcu.externaltools.gnu-tools-for-stm32.12.3.rel1.macos64_1.0.200.202406191456/tools/bin/../lib/gcc/arm-none-eabi/12.3.1/../../../../arm-none-eabi/lib/thumb/v7e-m+fp/hard/crt0.o (__libc_init_array)
/Applications/STM32CubeIDE.app/Contents/Eclipse/plugins/com.st.stm32cube.ide.mcu.externaltools.gnu-tools-for-stm32.12.3.rel1.macos64_1.0.200.202406191456/tools/bin/../lib/gcc/arm-none-eabi/12.3.1/../../../../arm-none-eabi/lib/thumb/v7e-m+fp/hard/libc_nano.a(libc_a-lock.o)
                              /Applications/STM32CubeIDE.app/Contents/Eclipse/plugins/com.st.stm32cube.ide.mcu.externaltools.gnu-tools-for-stm32.12.3.rel1.macos64_1.0.200.202406191456/tools/bin/../lib/gcc/arm-none-eabi/12.3.1/../../../../arm-none-eabi/lib/thumb/v7e-m+fp/hard/libc_nano.a(libc_a-findfp.o) (__retarget_lock_init_recursive)
[...]
Memory Configuration

Name             Origin             Length             Attributes
RAM              0x20000000         0x00020000         xrw
FLASH            0x08000000         0x00080000         xr
*default*        0x00000000         0xffffffff

Linker script and memory map

LOAD /Applications/STM32CubeIDE.app/Contents/Eclipse/plugins/com.st.stm32cube.ide.mcu.externaltools.gnu-tools-for-stm32.12.3.rel1.macos64_1.0.200.202406191456/tools/bin/../lib/gcc/arm-none-eabi/12.3.1/thumb/v7e-m+fp/hard/crti.o
LOAD /Applications/STM32CubeIDE.app/Contents/Eclipse/plugins/com.st.stm32cube.ide.mcu.externaltools.gnu-tools-for-stm32.12.3.rel1.macos64_1.0.200.202406191456/tools/bin/../lib/gcc/arm-none-eabi/12.3.1/thumb/v7e-m+fp/hard/crtbegin.o
LOAD /Applications/STM32CubeIDE.app/Contents/Eclipse/plugins/com.st.stm32cube.ide.mcu.externaltools.gnu-tools-for-stm32.12.3.rel1.macos64_1.0.200.202406191456/tools/bin/../lib/gcc/arm-none-eabi/12.3.1/../../../../arm-none-eabi/lib/thumb/v7e-m+fp/hard/crt0.o
LOAD ./Core/Src/main.o
LOAD ./Core/Src/stm32f4xx_hal_msp.o
LOAD ./Core/Src/stm32f4xx_hal_timebase_tim.o
LOAD ./Core/Src/stm32f4xx_it.o
LOAD ./Core/Src/syscalls.o
LOAD ./Core/Src/sysmem.o
LOAD ./Core/Src/system_stm32f4xx.o
LOAD ./Core/Startup/startup_stm32f411retx.o
LOAD ./Drivers/STM32F4xx_HAL_Driver/Src/stm32f4xx_hal.o
LOAD ./Drivers/STM32F4xx_HAL_Driver/Src/stm32f4xx_hal_cortex.o
LOAD ./Drivers/STM32F4xx_HAL_Driver/Src/stm32f4xx_hal_dma.o
LOAD ./Drivers/STM32F4xx_HAL_Driver/Src/stm32f4xx_hal_dma_ex.o
LOAD ./Drivers/STM32F4xx_HAL_Driver/Src/stm32f4xx_hal_exti.o
LOAD ./Drivers/STM32F4xx_HAL_Driver/Src/stm32f4xx_hal_flash.o
LOAD ./Drivers/STM32F4xx_HAL_Driver/Src/stm32f4xx_hal_flash_ex.o
LOAD ./Drivers/STM32F4xx_HAL_Driver/Src/stm32f4xx_hal_flash_ramfunc.o
LOAD ./Drivers/STM32F4xx_HAL_Driver/Src/stm32f4xx_hal_gpio.o
LOAD ./Drivers/STM32F4xx_HAL_Driver/Src/stm32f4xx_hal_pwr.o
LOAD ./Drivers/STM32F4xx_HAL_Driver/Src/stm32f4xx_hal_pwr_ex.o
LOAD ./Drivers/STM32F4xx_HAL_Driver/Src/stm32f4xx_hal_rcc.o
LOAD ./Drivers/STM32F4xx_HAL_Driver/Src/stm32f4xx_hal_rcc_ex.o
LOAD ./Drivers/STM32F4xx_HAL_Driver/Src/stm32f4xx_hal_tim.o
LOAD ./Drivers/STM32F4xx_HAL_Driver/Src/stm32f4xx_hal_tim_ex.o
LOAD ./common/third_party/FreeRTOS/croutine.o
LOAD ./common/third_party/FreeRTOS/event_groups.o
LOAD ./common/third_party/FreeRTOS/list.o
LOAD ./common/third_party/FreeRTOS/queue.o
LOAD ./common/third_party/FreeRTOS/stream_buffer.o
LOAD ./common/third_party/FreeRTOS/tasks.o
LOAD ./common/third_party/FreeRTOS/timers.o
LOAD ./common/third_party/FreeRTOS/portable/GCC/ARM_CM4F/port.o
LOAD ./common/third_party/FreeRTOS/portable/MemMang/heap_4.o
LOAD ./common/third_party/SEGGER/OS/SEGGER_SYSVIEW_FreeRTOS.o
LOAD ./common/third_party/SEGGER/Rec/segger_uart.o
LOAD ./common/third_party/SEGGER/SEGGER/SEGGER_RTT.o
LOAD ./common/third_party/SEGGER/SEGGER/SEGGER_RTT_ASM_ARMv7M.o
LOAD ./common/third_party/SEGGER/SEGGER/SEGGER_RTT_printf.o
LOAD ./common/third_party/SEGGER/SEGGER/SEGGER_SYSVIEW.o
LOAD ./common/third_party/SEGGER/SEGGER/Syscalls/SEGGER_RTT_Syscalls_GCC.o
LOAD ./common/third_party/SEGGER/config/SEGGER_SYSVIEW_Config_FreeRTOS.o
START GROUP
LOAD /Applications/STM32CubeIDE.app/Contents/Eclipse/plugins/com.st.stm32cube.ide.mcu.externaltools.gnu-tools-for-stm32.12.3.rel1.macos64_1.0.200.202406191456/tools/bin/../lib/gcc/arm-none-eabi/12.3.1/../../../../arm-none-eabi/lib/thumb/v7e-m+fp/hard/libc_nano.a
LOAD /Applications/STM32CubeIDE.app/Contents/Eclipse/plugins/com.st.stm32cube.ide.mcu.externaltools.gnu-tools-for-stm32.12.3.rel1.macos64_1.0.200.202406191456/tools/bin/../lib/gcc/arm-none-eabi/12.3.1/../../../../arm-none-eabi/lib/thumb/v7e-m+fp/hard/libm.a
END GROUP
START GROUP
LOAD /Applications/STM32CubeIDE.app/Contents/Eclipse/plugins/com.st.stm32cube.ide.mcu.externaltools.gnu-tools-for-stm32.12.3.rel1.macos64_1.0.200.202406191456/tools/bin/../lib/gcc/arm-none-eabi/12.3.1/thumb/v7e-m+fp/hard/libgcc.a
LOAD /Applications/STM32CubeIDE.app/Contents/Eclipse/plugins/com.st.stm32cube.ide.mcu.externaltools.gnu-tools-for-stm32.12.3.rel1.macos64_1.0.200.202406191456/tools/bin/../lib/gcc/arm-none-eabi/12.3.1/../../../../arm-none-eabi/lib/thumb/v7e-m+fp/hard/libc_nano.a
END GROUP
START GROUP
LOAD /Applications/STM32CubeIDE.app/Contents/Eclipse/plugins/com.st.stm32cube.ide.mcu.externaltools.gnu-tools-for-stm32.12.3.rel1.macos64_1.0.200.202406191456/tools/bin/../lib/gcc/arm-none-eabi/12.3.1/thumb/v7e-m+fp/hard/libgcc.a
LOAD /Applications/STM32CubeIDE.app/Contents/Eclipse/plugins/com.st.stm32cube.ide.mcu.externaltools.gnu-tools-for-stm32.12.3.rel1.macos64_1.0.200.202406191456/tools/bin/../lib/gcc/arm-none-eabi/12.3.1/../../../../arm-none-eabi/lib/thumb/v7e-m+fp/hard/libc_nano.a
LOAD /Applications/STM32CubeIDE.app/Contents/Eclipse/plugins/com.st.stm32cube.ide.mcu.externaltools.gnu-tools-for-stm32.12.3.rel1.macos64_1.0.200.202406191456/tools/bin/../lib/gcc/arm-none-eabi/12.3.1/../../../../arm-none-eabi/lib/thumb/v7e-m+fp/hard/libnosys.a
END GROUP
START GROUP
LOAD /Applications/STM32CubeIDE.app/Contents/Eclipse/plugins/com.st.stm32cube.ide.mcu.externaltools.gnu-tools-for-stm32.12.3.rel1.macos64_1.0.200.202406191456/tools/bin/../lib/gcc/arm-none-eabi/12.3.1/thumb/v7e-m+fp/hard/libgcc.a
LOAD /Applications/STM32CubeIDE.app/Contents/Eclipse/plugins/com.st.stm32cube.ide.mcu.externaltools.gnu-tools-for-stm32.12.3.rel1.macos64_1.0.200.202406191456/tools/bin/../lib/gcc/arm-none-eabi/12.3.1/../../../../arm-none-eabi/lib/thumb/v7e-m+fp/hard/libc_nano.a
LOAD /Applications/STM32CubeIDE.app/Contents/Eclipse/plugins/com.st.stm32cube.ide.mcu.externaltools.gnu-tools-for-stm32.12.3.rel1.macos64_1.0.200.202406191456/tools/bin/../lib/gcc/arm-none-eabi/12.3.1/../../../../arm-none-eabi/lib/thumb/v7e-m+fp/hard/libnosys.a
END GROUP
LOAD /Applications/STM32CubeIDE.app/Contents/Eclipse/plugins/com.st.stm32cube.ide.mcu.externaltools.gnu-tools-for-stm32.12.3.rel1.macos64_1.0.200.202406191456/tools/bin/../lib/gcc/arm-none-eabi/12.3.1/thumb/v7e-m+fp/hard/crtend.o
LOAD /Applications/STM32CubeIDE.app/Contents/Eclipse/plugins/com.st.stm32cube.ide.mcu.externaltools.gnu-tools-for-stm32.12.3.rel1.macos64_1.0.200.202406191456/tools/bin/../lib/gcc/arm-none-eabi/12.3.1/thumb/v7e-m+fp/hard/crtn.o
                0x20020000                        _estack = (ORIGIN (RAM) + LENGTH (RAM))
                0x00000200                        _Min_Heap_Size = 0x200
                0x00000400                        _Min_Stack_Size = 0x400

.isr_vector     0x08000000      0x198
                0x08000000                        . = ALIGN (0x4)
 *(.isr_vector)
 .isr_vector    0x08000000      0x198 ./Core/Startup/startup_stm32f411retx.o
                0x08000000                g_pfnVectors
                0x08000198                        . = ALIGN (0x4)

.text           0x080001a0     0x759c
                0x080001a0                        . = ALIGN (0x4)
 *(.text)
 .text          0x080001a0       0x40 /Applications/STM32CubeIDE.app/Contents/Eclipse/plugins/com.st.stm32cube.ide.mcu.externaltools.gnu-tools-for-stm32.12.3.rel1.macos64_1.0.200.202406191456/tools/bin/../lib/gcc/arm-none-eabi/12.3.1/thumb/v7e-m+fp/hard/crtbegin.o
 .text          0x080001e0       0x94 ./common/third_party/SEGGER/SEGGER/SEGGER_RTT_ASM_ARMv7M.o
                0x080001e0                SEGGER_RTT_ASM_WriteSkipNoLock
 .text          0x08000274       0x30 /Applications/STM32CubeIDE.app/Contents/Eclipse/plugins/com.st.stm32cube.ide.mcu.externaltools.gnu-tools-for-stm32.12.3.rel1.macos64_1.0.200.202406191456/tools/bin/../lib/gcc/arm-none-eabi/12.3.1/thumb/v7e-m+fp/hard/libgcc.a(_aeabi_uldivmod.o)
                0x08000274                __aeabi_uldivmod
 .text          0x080002a4      0x2bc /Applications/STM32CubeIDE.app/Contents/Eclipse/plugins/com.st.stm32cube.ide.mcu.externaltools.gnu-tools-for-stm32.12.3.rel1.macos64_1.0.200.202406191456/tools/bin/../lib/gcc/arm-none-eabi/12.3.1/thumb/v7e-m+fp/hard/libgcc.a(_udivmoddi4.o)
                0x080002a4                __udivmoddi4
 .text          0x08000560        0x4 /Applications/STM32CubeIDE.app/Contents/Eclipse/plugins/com.st.stm32cube.ide.mcu.externaltools.gnu-tools-for-stm32.12.3.rel1.macos64_1.0.200.202406191456/tools/bin/../lib/gcc/arm-none-eabi/12.3.1/thumb/v7e-m+fp/hard/libgcc.a(_dvmd_tls.o)
                0x08000560                __aeabi_ldiv0
                0x08000560                __aeabi_idiv0
 *(.text*)
 .text.main     0x08000564       0xec ./Core/Src/main.o
                0x08000564                main
 .text.SystemClock_Config
                0x08000650       0xd0 ./Core/Src/main.o
                0x08000650                SystemClock_Config
 .text.MX_GPIO_Init
                0x08000720       0xc4 ./Core/Src/main.o
 .text.task1_handler
                0x080007e4       0x60 ./Core/Src/main.o
 .text.task2_handler
                0x08000844       0xac ./Core/Src/main.o
 .text.HAL_TIM_PeriodElapsedCallback
                0x080008f0       0x24 ./Core/Src/main.o
                0x080008f0                HAL_TIM_PeriodElapsedCallback
 .text.Error_Handler
                0x08000914        0xc ./Core/Src/main.o
                0x08000914                Error_Handler
 .text.HAL_MspInit
                0x08000920       0x50 ./Core/Src/stm32f4xx_hal_msp.o
                0x08000920                HAL_MspInit
 .text.HAL_InitTick
                0x08000970       0xf8 ./Core/Src/stm32f4xx_hal_timebase_tim.o
                0x08000970                HAL_InitTick
 .text.NMI_Handler
                0x08000a68        0x8 ./Core/Src/stm32f4xx_it.o
                0x08000a68                NMI_Handler
 .text.HardFault_Handler
                0x08000a70        0x8 ./Core/Src/stm32f4xx_it.o
                0x08000a70                HardFault_Handler
 .text.MemManage_Handler
                0x08000a78        0x8 ./Core/Src/stm32f4xx_it.o
                0x08000a78                MemManage_Handler
 .text.BusFault_Handler
                0x08000a80        0x8 ./Core/Src/stm32f4xx_it.o
                0x08000a80                BusFault_Handler
 .text.UsageFault_Handler
                0x08000a88        0x8 ./Core/Src/stm32f4xx_it.o
                0x08000a88                UsageFault_Handler
 .text.DebugMon_Handler
                0x08000a90        0xe ./Core/Src/stm32f4xx_it.o
                0x08000a90                DebugMon_Handler
 *fill*         0x08000a9e        0x2 
 .text.TIM4_IRQHandler
                0x08000aa0       0x14 ./Core/Src/stm32f4xx_it.o
                0x08000aa0                TIM4_IRQHandler
 .text.SystemInit
                0x08000ab4       0x24 ./Core/Src/system_stm32f4xx.o
                0x08000ab4                SystemInit
 .text.Reset_Handler
                0x08000ad8       0x50 ./Core/Startup/startup_stm32f411retx.o
                0x08000ad8                Reset_Handler
 .text.Default_Handler
                0x08000b28        0x2 ./Core/Startup/startup_stm32f411retx.o
                0x08000b28                DMA1_Stream3_IRQHandler
                0x08000b28                EXTI2_IRQHandler
                0x08000b28                SPI4_IRQHandler
                0x08000b28                TIM1_CC_IRQHandler
                0x08000b28                DMA2_Stream5_IRQHandler
                0x08000b28                DMA1_Stream5_IRQHandler
                0x08000b28                PVD_IRQHandler
                0x08000b28                SDIO_IRQHandler
                0x08000b28                TAMP_STAMP_IRQHandler
                0x08000b28                EXTI3_IRQHandler
                0x08000b28                TIM1_UP_TIM10_IRQHandler
                0x08000b28                I2C3_ER_IRQHandler
                0x08000b28                EXTI0_IRQHandler
                0x08000b28                I2C2_EV_IRQHandler
                0x08000b28                DMA1_Stream2_IRQHandler
                0x08000b28                FPU_IRQHandler
                0x08000b28                DMA2_Stream2_IRQHandler
                0x08000b28                SPI1_IRQHandler
                0x08000b28                TIM1_BRK_TIM9_IRQHandler
                0x08000b28                DMA2_Stream3_IRQHandler
                0x08000b28                USART6_IRQHandler
                0x08000b28                DMA2_Stream0_IRQHandler
                0x08000b28                I2C1_EV_IRQHandler
                0x08000b28                DMA1_Stream6_IRQHandler
                0x08000b28                DMA1_Stream1_IRQHandler
                0x08000b28                TIM3_IRQHandler
                0x08000b28                RCC_IRQHandler
                0x08000b28                Default_Handler
                0x08000b28                EXTI15_10_IRQHandler
                0x08000b28                ADC_IRQHandler
                0x08000b28                DMA1_Stream7_IRQHandler
                0x08000b28                SPI5_IRQHandler
                0x08000b28                TIM5_IRQHandler
                0x08000b28                DMA2_Stream7_IRQHandler
                0x08000b28                I2C3_EV_IRQHandler
                0x08000b28                EXTI9_5_IRQHandler
                0x08000b28                RTC_WKUP_IRQHandler
                0x08000b28                SPI2_IRQHandler
                0x08000b28                DMA1_Stream0_IRQHandler
                0x08000b28                EXTI4_IRQHandler
                0x08000b28                WWDG_IRQHandler
                0x08000b28                TIM2_IRQHandler
                0x08000b28                OTG_FS_WKUP_IRQHandler
                0x08000b28                TIM1_TRG_COM_TIM11_IRQHandler
                0x08000b28                EXTI1_IRQHandler
                0x08000b28                I2C2_ER_IRQHandler
                0x08000b28                DMA2_Stream1_IRQHandler
                0x08000b28                FLASH_IRQHandler
                0x08000b28                DMA2_Stream4_IRQHandler
                0x08000b28                USART1_IRQHandler
                0x08000b28                OTG_FS_IRQHandler
                0x08000b28                SPI3_IRQHandler
                0x08000b28                DMA1_Stream4_IRQHandler
                0x08000b28                I2C1_ER_IRQHandler
                0x08000b28                DMA2_Stream6_IRQHandler
                0x08000b28                RTC_Alarm_IRQHandler
 *fill*         0x08000b2a        0x2 
 .text.HAL_Init
                0x08000b2c       0x44 ./Drivers/STM32F4xx_HAL_Driver/Src/stm32f4xx_hal.o
                0x08000b2c                HAL_Init
 .text.HAL_IncTick
                0x08000b70       0x28 ./Drivers/STM32F4xx_HAL_Driver/Src/stm32f4xx_hal.o
                0x08000b70                HAL_IncTick
 .text.HAL_GetTick
                0x08000b98       0x18 ./Drivers/STM32F4xx_HAL_Driver/Src/stm32f4xx_hal.o
                0x08000b98                HAL_GetTick
 .text.__NVIC_SetPriorityGrouping
                0x08000bb0       0x48 ./Drivers/STM32F4xx_HAL_Driver/Src/stm32f4xx_hal_cortex.o
 .text.__NVIC_GetPriorityGrouping
                0x08000bf8       0x1c ./Drivers/STM32F4xx_HAL_Driver/Src/stm32f4xx_hal_cortex.o
 .text.__NVIC_EnableIRQ
                0x08000c14       0x3c ./Drivers/STM32F4xx_HAL_Driver/Src/stm32f4xx_hal_cortex.o
 .text.__NVIC_SetPriority
                0x08000c50       0x54 ./Drivers/STM32F4xx_HAL_Driver/Src/stm32f4xx_hal_cortex.o
 .text.NVIC_EncodePriority
                0x08000ca4       0x66 ./Drivers/STM32F4xx_HAL_Driver/Src/stm32f4xx_hal_cortex.o
 .text.HAL_NVIC_SetPriorityGrouping
                0x08000d0a       0x16 ./Drivers/STM32F4xx_HAL_Driver/Src/stm32f4xx_hal_cortex.o
                0x08000d0a                HAL_NVIC_SetPriorityGrouping
 .text.HAL_NVIC_SetPriority
                0x08000d20       0x38 ./Drivers/STM32F4xx_HAL_Driver/Src/stm32f4xx_hal_cortex.o
                0x08000d20                HAL_NVIC_SetPriority
 .text.HAL_NVIC_EnableIRQ
                0x08000d58       0x1c ./Drivers/STM32F4xx_HAL_Driver/Src/stm32f4xx_hal_cortex.o
                0x08000d58                HAL_NVIC_EnableIRQ
 .text.HAL_GPIO_Init
                0x08000d74      0x308 ./Drivers/STM32F4xx_HAL_Driver/Src/stm32f4xx_hal_gpio.o
                0x08000d74                HAL_GPIO_Init
 .text.HAL_GPIO_WritePin
                0x0800107c       0x32 ./Drivers/STM32F4xx_HAL_Driver/Src/stm32f4xx_hal_gpio.o
                0x0800107c                HAL_GPIO_WritePin
 *fill*         0x080010ae        0x2 
 .text.HAL_RCC_OscConfig
                0x080010b0      0x4f0 ./Drivers/STM32F4xx_HAL_Driver/Src/stm32f4xx_hal_rcc.o
                0x080010b0                HAL_RCC_OscConfig
 .text.HAL_RCC_ClockConfig
                0x080015a0      0x1cc ./Drivers/STM32F4xx_HAL_Driver/Src/stm32f4xx_hal_rcc.o
                0x080015a0                HAL_RCC_ClockConfig
 .text.HAL_RCC_GetSysClockFreq
                0x0800176c      0x18c ./Drivers/STM32F4xx_HAL_Driver/Src/stm32f4xx_hal_rcc.o
                0x0800176c                HAL_RCC_GetSysClockFreq
 .text.HAL_RCC_GetHCLKFreq
                0x080018f8       0x18 ./Drivers/STM32F4xx_HAL_Driver/Src/stm32f4xx_hal_rcc.o
                0x080018f8                HAL_RCC_GetHCLKFreq
 .text.HAL_RCC_GetPCLK1Freq
                0x08001910       0x28 ./Drivers/STM32F4xx_HAL_Driver/Src/stm32f4xx_hal_rcc.o
                0x08001910                HAL_RCC_GetPCLK1Freq
 .text.HAL_RCC_GetClockConfig
                0x08001938       0x64 ./Drivers/STM32F4xx_HAL_Driver/Src/stm32f4xx_hal_rcc.o
                0x08001938                HAL_RCC_GetClockConfig
 .text.HAL_TIM_Base_Init
                0x0800199c       0x9e ./Drivers/STM32F4xx_HAL_Driver/Src/stm32f4xx_hal_tim.o
                0x0800199c                HAL_TIM_Base_Init
 .text.HAL_TIM_Base_MspInit
                0x08001a3a       0x14 ./Drivers/STM32F4xx_HAL_Driver/Src/stm32f4xx_hal_tim.o
                0x08001a3a                HAL_TIM_Base_MspInit
 *fill*         0x08001a4e        0x2 
 .text.HAL_TIM_Base_Start_IT
                0x08001a50       0xc4 ./Drivers/STM32F4xx_HAL_Driver/Src/stm32f4xx_hal_tim.o
                0x08001a50                HAL_TIM_Base_Start_IT
 .text.HAL_TIM_IRQHandler
                0x08001b14      0x1e0 ./Drivers/STM32F4xx_HAL_Driver/Src/stm32f4xx_hal_tim.o
                0x08001b14                HAL_TIM_IRQHandler
 .text.HAL_TIM_OC_DelayElapsedCallback
                0x08001cf4       0x14 ./Drivers/STM32F4xx_HAL_Driver/Src/stm32f4xx_hal_tim.o
                0x08001cf4                HAL_TIM_OC_DelayElapsedCallback
 .text.HAL_TIM_IC_CaptureCallback
                0x08001d08       0x14 ./Drivers/STM32F4xx_HAL_Driver/Src/stm32f4xx_hal_tim.o
                0x08001d08                HAL_TIM_IC_CaptureCallback
 .text.HAL_TIM_PWM_PulseFinishedCallback
                0x08001d1c       0x14 ./Drivers/STM32F4xx_HAL_Driver/Src/stm32f4xx_hal_tim.o
                0x08001d1c                HAL_TIM_PWM_PulseFinishedCallback
 .text.HAL_TIM_TriggerCallback
                0x08001d30       0x14 ./Drivers/STM32F4xx_HAL_Driver/Src/stm32f4xx_hal_tim.o
                0x08001d30                HAL_TIM_TriggerCallback
 .text.TIM_Base_SetConfig
                0x08001d44      0x118 ./Drivers/STM32F4xx_HAL_Driver/Src/stm32f4xx_hal_tim.o
                0x08001d44                TIM_Base_SetConfig
 .text.HAL_TIMEx_CommutCallback
                0x08001e5c       0x14 ./Drivers/STM32F4xx_HAL_Driver/Src/stm32f4xx_hal_tim_ex.o
                0x08001e5c                HAL_TIMEx_CommutCallback
 .text.HAL_TIMEx_BreakCallback
                0x08001e70       0x14 ./Drivers/STM32F4xx_HAL_Driver/Src/stm32f4xx_hal_tim_ex.o
                0x08001e70                HAL_TIMEx_BreakCallback
 .text.vListInitialise
                0x08001e84       0x40 ./common/third_party/FreeRTOS/list.o
                0x08001e84                vListInitialise
 .text.vListInitialiseItem
                0x08001ec4       0x1a ./common/third_party/FreeRTOS/list.o
                0x08001ec4                vListInitialiseItem
 .text.vListInsertEnd
                0x08001ede       0x48 ./common/third_party/FreeRTOS/list.o
                0x08001ede                vListInsertEnd
 .text.vListInsert
                0x08001f26       0x72 ./common/third_party/FreeRTOS/list.o
                0x08001f26                vListInsert
 .text.uxListRemove
                0x08001f98       0x54 ./common/third_party/FreeRTOS/list.o
                0x08001f98                uxListRemove
 .text.xQueueGenericReset
                0x08001fec      0x124 ./common/third_party/FreeRTOS/queue.o
                0x08001fec                xQueueGenericReset
 .text.xQueueGenericCreate
                0x08002110       0x9e ./common/third_party/FreeRTOS/queue.o
                0x08002110                xQueueGenericCreate
 .text.prvInitialiseNewQueue
                0x080021ae       0x52 ./common/third_party/FreeRTOS/queue.o
 .text.prvInitialiseMutex
                0x08002200       0x34 ./common/third_party/FreeRTOS/queue.o
 .text.xQueueCreateMutex
                0x08002234       0x30 ./common/third_party/FreeRTOS/queue.o
                0x08002234                xQueueCreateMutex
 .text.xQueueGenericSend
                0x08002264      0x254 ./common/third_party/FreeRTOS/queue.o
                0x08002264                xQueueGenericSend
 .text.xQueueReceive
                0x080024b8      0x228 ./common/third_party/FreeRTOS/queue.o
                0x080024b8                xQueueReceive
 .text.xQueueSemaphoreTake
                0x080026e0      0x260 ./common/third_party/FreeRTOS/queue.o
                0x080026e0                xQueueSemaphoreTake
 .text.prvGetDisinheritPriorityAfterTimeout
                0x08002940       0x30 ./common/third_party/FreeRTOS/queue.o
 .text.prvCopyDataToQueue
                0x08002970       0xd4 ./common/third_party/FreeRTOS/queue.o
 .text.prvCopyDataFromQueue
                0x08002a44       0x4c ./common/third_party/FreeRTOS/queue.o
 .text.prvUnlockQueue
                0x08002a90       0xa4 ./common/third_party/FreeRTOS/queue.o
 .text.prvIsQueueEmpty
                0x08002b34       0x2c ./common/third_party/FreeRTOS/queue.o
 .text.prvIsQueueFull
                0x08002b60       0x30 ./common/third_party/FreeRTOS/queue.o
 .text.vQueueAddToRegistry
                0x08002b90       0xb0 ./common/third_party/FreeRTOS/queue.o
                0x08002b90                vQueueAddToRegistry
 .text.vQueueWaitForMessageRestricted
                0x08002c40       0x68 ./common/third_party/FreeRTOS/queue.o
                0x08002c40                vQueueWaitForMessageRestricted
 .text.xTaskCreate
                0x08002ca8       0x8c ./common/third_party/FreeRTOS/tasks.o
                0x08002ca8                xTaskCreate
 .text.prvInitialiseNewTask
                0x08002d34      0x120 ./common/third_party/FreeRTOS/tasks.o
 .text.prvAddNewTaskToReadyList
                0x08002e54      0x168 ./common/third_party/FreeRTOS/tasks.o
 .text.vTaskDelay
                0x08002fbc       0x74 ./common/third_party/FreeRTOS/tasks.o
                0x08002fbc                vTaskDelay
 .text.vTaskStartScheduler
                0x08003030       0xc4 ./common/third_party/FreeRTOS/tasks.o
                0x08003030                vTaskStartScheduler
 .text.vTaskSuspendAll
                0x080030f4       0x1c ./common/third_party/FreeRTOS/tasks.o
                0x080030f4                vTaskSuspendAll
 .text.xTaskResumeAll
                0x08003110      0x200 ./common/third_party/FreeRTOS/tasks.o
                0x08003110                xTaskResumeAll
 .text.xTaskGetTickCount
                0x08003310       0x20 ./common/third_party/FreeRTOS/tasks.o
                0x08003310                xTaskGetTickCount
 .text.xTaskGetTickCountFromISR
                0x08003330       0x24 ./common/third_party/FreeRTOS/tasks.o
                0x08003330                xTaskGetTickCountFromISR
 .text.xTaskIncrementTick
                0x08003354      0x238 ./common/third_party/FreeRTOS/tasks.o
                0x08003354                xTaskIncrementTick
 .text.vTaskSwitchContext
                0x0800358c       0xd4 ./common/third_party/FreeRTOS/tasks.o
                0x0800358c                vTaskSwitchContext
 .text.vTaskPlaceOnEventList
                0x08003660       0x4c ./common/third_party/FreeRTOS/tasks.o
                0x08003660                vTaskPlaceOnEventList
 .text.vTaskPlaceOnEventListRestricted
                0x080036ac       0x94 ./common/third_party/FreeRTOS/tasks.o
                0x080036ac                vTaskPlaceOnEventListRestricted
 .text.xTaskRemoveFromEventList
                0x08003740      0x1b4 ./common/third_party/FreeRTOS/tasks.o
                0x08003740                xTaskRemoveFromEventList
 .text.vTaskInternalSetTimeOutState
                0x080038f4       0x2c ./common/third_party/FreeRTOS/tasks.o
                0x080038f4                vTaskInternalSetTimeOutState
 .text.xTaskCheckForTimeOut
                0x08003920       0xd0 ./common/third_party/FreeRTOS/tasks.o
                0x08003920                xTaskCheckForTimeOut
 .text.vTaskMissedYield
                0x080039f0       0x18 ./common/third_party/FreeRTOS/tasks.o
                0x080039f0                vTaskMissedYield
 .text.prvIdleTask
                0x08003a08       0x30 ./common/third_party/FreeRTOS/tasks.o
 .text.prvInitialiseTaskLists
                0x08003a38       0x80 ./common/third_party/FreeRTOS/tasks.o
 .text.prvCheckTasksWaitingTermination
                0x08003ab8       0x5c ./common/third_party/FreeRTOS/tasks.o
 .text.prvDeleteTCB
                0x08003b14       0x20 ./common/third_party/FreeRTOS/tasks.o
 .text.prvResetNextTaskUnblockTime
                0x08003b34       0x38 ./common/third_party/FreeRTOS/tasks.o
 .text.xTaskGetSchedulerState
                0x08003b6c       0x3c ./common/third_party/FreeRTOS/tasks.o
                0x08003b6c                xTaskGetSchedulerState
 .text.xTaskPriorityInherit
                0x08003ba8       0xf4 ./common/third_party/FreeRTOS/tasks.o
                0x08003ba8                xTaskPriorityInherit
 .text.xTaskPriorityDisinherit
                0x08003c9c      0x104 ./common/third_party/FreeRTOS/tasks.o
                0x08003c9c                xTaskPriorityDisinherit
 .text.vTaskPriorityDisinheritAfterTimeout
                0x08003da0      0x188 ./common/third_party/FreeRTOS/tasks.o
                0x08003da0                vTaskPriorityDisinheritAfterTimeout
 .text.pvTaskIncrementMutexHeldCount
                0x08003f28       0x28 ./common/third_party/FreeRTOS/tasks.o
                0x08003f28                pvTaskIncrementMutexHeldCount
 .text.prvAddCurrentTaskToDelayedList
                0x08003f50      0x100 ./common/third_party/FreeRTOS/tasks.o
 .text.xTimerCreateTimerTask
                0x08004050       0x68 ./common/third_party/FreeRTOS/timers.o
                0x08004050                xTimerCreateTimerTask
 .text.prvReloadTimer
                0x080040b8       0x42 ./common/third_party/FreeRTOS/timers.o
 *fill*         0x080040fa        0x2 
 .text.prvProcessExpiredTimer
                0x080040fc       0x60 ./common/third_party/FreeRTOS/timers.o
 .text.prvTimerTask
                0x0800415c       0x26 ./common/third_party/FreeRTOS/timers.o
 *fill*         0x08004182        0x2 
 .text.prvProcessTimerOrBlockTask
                0x08004184       0x9c ./common/third_party/FreeRTOS/timers.o
 .text.prvGetNextExpireTime
                0x08004220       0x48 ./common/third_party/FreeRTOS/timers.o
 .text.prvSampleTimeNow
                0x08004268       0x40 ./common/third_party/FreeRTOS/timers.o
 .text.prvInsertTimerInActiveList
                0x080042a8       0x84 ./common/third_party/FreeRTOS/timers.o
 .text.prvProcessReceivedCommands
                0x0800432c      0x184 ./common/third_party/FreeRTOS/timers.o
 .text.prvSwitchTimerLists
                0x080044b0       0x4c ./common/third_party/FreeRTOS/timers.o
 .text.prvCheckForValidListAndQueue
                0x080044fc       0x6c ./common/third_party/FreeRTOS/timers.o
 .text.pxPortInitialiseStack
                0x08004568       0x68 ./common/third_party/FreeRTOS/portable/GCC/ARM_CM4F/port.o
                0x08004568                pxPortInitialiseStack
 .text.prvTaskExitError
                0x080045d0       0x5c ./common/third_party/FreeRTOS/portable/GCC/ARM_CM4F/port.o
 *fill*         0x0800462c        0x4 
 .text.SVC_Handler
                0x08004630       0x28 ./common/third_party/FreeRTOS/portable/GCC/ARM_CM4F/port.o
                0x08004630                SVC_Handler
 .text.prvPortStartFirstTask
                0x08004658       0x2c ./common/third_party/FreeRTOS/portable/GCC/ARM_CM4F/port.o
 .text.xPortStartScheduler
                0x08004684      0x148 ./common/third_party/FreeRTOS/portable/GCC/ARM_CM4F/port.o
                0x08004684                xPortStartScheduler
 .text.vInitPrioGroupValue
                0x080047cc      0x100 ./common/third_party/FreeRTOS/portable/GCC/ARM_CM4F/port.o
                0x080047cc                vInitPrioGroupValue
 .text.vPortEnterCritical
                0x080048cc       0x64 ./common/third_party/FreeRTOS/portable/GCC/ARM_CM4F/port.o
                0x080048cc                vPortEnterCritical
 .text.vPortExitCritical
                0x08004930       0x54 ./common/third_party/FreeRTOS/portable/GCC/ARM_CM4F/port.o
                0x08004930                vPortExitCritical
 *fill*         0x08004984        0xc 
 .text.PendSV_Handler
                0x08004990       0x68 ./common/third_party/FreeRTOS/portable/GCC/ARM_CM4F/port.o
                0x08004990                PendSV_Handler
 .text.SysTick_Handler
                0x080049f8       0x54 ./common/third_party/FreeRTOS/portable/GCC/ARM_CM4F/port.o
                0x080049f8                SysTick_Handler
 .text.vPortSetupTimerInterrupt
                0x08004a4c       0x48 ./common/third_party/FreeRTOS/portable/GCC/ARM_CM4F/port.o
                0x08004a4c                vPortSetupTimerInterrupt
 .text.vPortEnableVFP
                0x08004a94       0x18 ./common/third_party/FreeRTOS/portable/GCC/ARM_CM4F/port.o
 .text.vPortValidateInterruptPriority
                0x08004aac       0x84 ./common/third_party/FreeRTOS/portable/GCC/ARM_CM4F/port.o
                0x08004aac                vPortValidateInterruptPriority
 .text.pvPortMalloc
                0x08004b30      0x178 ./common/third_party/FreeRTOS/portable/MemMang/heap_4.o
                0x08004b30                pvPortMalloc
 .text.vPortFree
                0x08004ca8       0xbc ./common/third_party/FreeRTOS/portable/MemMang/heap_4.o
                0x08004ca8                vPortFree
 .text.prvHeapInit
                0x08004d64       0xb8 ./common/third_party/FreeRTOS/portable/MemMang/heap_4.o
 .text.prvInsertBlockIntoFreeList
                0x08004e1c       0xb4 ./common/third_party/FreeRTOS/portable/MemMang/heap_4.o
 .text._cbSendTaskList
                0x08004ed0       0x90 ./common/third_party/SEGGER/OS/SEGGER_SYSVIEW_FreeRTOS.o
 .text._cbGetTime
                0x08004f60       0x86 ./common/third_party/SEGGER/OS/SEGGER_SYSVIEW_FreeRTOS.o
 *fill*         0x08004fe6        0x2 
 .text.SYSVIEW_AddTask
                0x08004fe8       0xd0 ./common/third_party/SEGGER/OS/SEGGER_SYSVIEW_FreeRTOS.o
                0x08004fe8                SYSVIEW_AddTask
 .text.SYSVIEW_SendTaskInfo
                0x080050b8       0x42 ./common/third_party/SEGGER/OS/SEGGER_SYSVIEW_FreeRTOS.o
                0x080050b8                SYSVIEW_SendTaskInfo
 *fill*         0x080050fa        0x2 
 .text.__NVIC_EnableIRQ
                0x080050fc       0x3c ./common/third_party/SEGGER/Rec/segger_uart.o
 .text.__NVIC_SetPriority
                0x08005138       0x54 ./common/third_party/SEGGER/Rec/segger_uart.o
 .text._StartSysView
                0x0800518c       0x1e ./common/third_party/SEGGER/Rec/segger_uart.o
 *fill*         0x080051aa        0x2 
 .text._cbOnUARTRx
                0x080051ac       0x40 ./common/third_party/SEGGER/Rec/segger_uart.o
 .text._cbOnUARTTx
                0x080051ec       0x64 ./common/third_party/SEGGER/Rec/segger_uart.o
 .text.SEGGER_UART_init
                0x08005250       0x24 ./common/third_party/SEGGER/Rec/segger_uart.o
                0x08005250                SEGGER_UART_init
 .text.USART2_IRQHandler
                0x08005274       0x94 ./common/third_party/SEGGER/Rec/segger_uart.o
                0x08005274                USART2_IRQHandler
 .text.HIF_UART_EnableTXEInterrupt
                0x08005308       0x20 ./common/third_party/SEGGER/Rec/segger_uart.o
                0x08005308                HIF_UART_EnableTXEInterrupt
 .text.HIF_UART_Init
                0x08005328       0xf4 ./common/third_party/SEGGER/Rec/segger_uart.o
                0x08005328                HIF_UART_Init
 .text._DoInit  0x0800541c       0xb0 ./common/third_party/SEGGER/SEGGER/SEGGER_RTT.o
 .text._WriteBlocking
                0x080054cc       0xba ./common/third_party/SEGGER/SEGGER/SEGGER_RTT.o
 .text._WriteNoCheck
                0x08005586       0x90 ./common/third_party/SEGGER/SEGGER/SEGGER_RTT.o
 .text._GetAvailWriteSpace
                0x08005616       0x46 ./common/third_party/SEGGER/SEGGER/SEGGER_RTT.o
 .text.SEGGER_RTT_ReadUpBufferNoLock
                0x0800565c      0x10c ./common/third_party/SEGGER/SEGGER/SEGGER_RTT.o
                0x0800565c                SEGGER_RTT_ReadUpBufferNoLock
 .text.SEGGER_RTT_ReadNoLock
                0x08005768      0x10c ./common/third_party/SEGGER/SEGGER/SEGGER_RTT.o
                0x08005768                SEGGER_RTT_ReadNoLock
 .text.SEGGER_RTT_WriteDownBufferNoLock
                0x08005874       0xa0 ./common/third_party/SEGGER/SEGGER/SEGGER_RTT.o
                0x08005874                SEGGER_RTT_WriteDownBufferNoLock
 .text.SEGGER_RTT_WriteDownBuffer
                0x08005914       0x4c ./common/third_party/SEGGER/SEGGER/SEGGER_RTT.o
                0x08005914                SEGGER_RTT_WriteDownBuffer
 .text.SEGGER_RTT_AllocUpBuffer
                0x08005960      0x108 ./common/third_party/SEGGER/SEGGER/SEGGER_RTT.o
                0x08005960                SEGGER_RTT_AllocUpBuffer
 .text.SEGGER_RTT_ConfigDownBuffer
                0x08005a68       0xe0 ./common/third_party/SEGGER/SEGGER/SEGGER_RTT.o
                0x08005a68                SEGGER_RTT_ConfigDownBuffer
 .text._EncodeStr
                0x08005b48       0x9a ./common/third_party/SEGGER/SEGGER/SEGGER_SYSVIEW.o
 .text._PreparePacket
                0x08005be2       0x18 ./common/third_party/SEGGER/SEGGER/SEGGER_SYSVIEW.o
 *fill*         0x08005bfa        0x2 
 .text._HandleIncomingPacket
                0x08005bfc       0xe0 ./common/third_party/SEGGER/SEGGER/SEGGER_SYSVIEW.o
 .text._TrySendOverflowPacket
                0x08005cdc       0xe8 ./common/third_party/SEGGER/SEGGER/SEGGER_SYSVIEW.o
 .text._SendPacket
                0x08005dc4      0x1d0 ./common/third_party/SEGGER/SEGGER/SEGGER_SYSVIEW.o
 .text._StoreChar
                0x08005f94       0xf6 ./common/third_party/SEGGER/SEGGER/SEGGER_SYSVIEW.o
 *fill*         0x0800608a        0x2 
 .text._PrintUnsigned
                0x0800608c      0x12c ./common/third_party/SEGGER/SEGGER/SEGGER_SYSVIEW.o
 .text._PrintInt
                0x080061b8      0x11e ./common/third_party/SEGGER/SEGGER/SEGGER_SYSVIEW.o
 *fill*         0x080062d6        0x2 
 .text._VPrintTarget
                0x080062d8      0x3f0 ./common/third_party/SEGGER/SEGGER/SEGGER_SYSVIEW.o
 .text.SEGGER_SYSVIEW_Init
                0x080066c8       0x88 ./common/third_party/SEGGER/SEGGER/SEGGER_SYSVIEW.o
                0x080066c8                SEGGER_SYSVIEW_Init
 .text.SEGGER_SYSVIEW_SetRAMBase
                0x08006750       0x20 ./common/third_party/SEGGER/SEGGER/SEGGER_SYSVIEW.o
                0x08006750                SEGGER_SYSVIEW_SetRAMBase
 .text.SEGGER_SYSVIEW_RecordVoid
                0x08006770       0x3c ./common/third_party/SEGGER/SEGGER/SEGGER_SYSVIEW.o
                0x08006770                SEGGER_SYSVIEW_RecordVoid
 .text.SEGGER_SYSVIEW_RecordU32
                0x080067ac       0x78 ./common/third_party/SEGGER/SEGGER/SEGGER_SYSVIEW.o
                0x080067ac                SEGGER_SYSVIEW_RecordU32
 .text.SEGGER_SYSVIEW_RecordU32x2
                0x08006824       0xb4 ./common/third_party/SEGGER/SEGGER/SEGGER_SYSVIEW.o
                0x08006824                SEGGER_SYSVIEW_RecordU32x2
 .text.SEGGER_SYSVIEW_RecordU32x3
                0x080068d8       0xec ./common/third_party/SEGGER/SEGGER/SEGGER_SYSVIEW.o
                0x080068d8                SEGGER_SYSVIEW_RecordU32x3
 .text.SEGGER_SYSVIEW_RecordU32x4
                0x080069c4      0x124 ./common/third_party/SEGGER/SEGGER/SEGGER_SYSVIEW.o
                0x080069c4                SEGGER_SYSVIEW_RecordU32x4
 .text.SEGGER_SYSVIEW_Start
                0x08006ae8      0x178 ./common/third_party/SEGGER/SEGGER/SEGGER_SYSVIEW.o
                0x08006ae8                SEGGER_SYSVIEW_Start
 .text.SEGGER_SYSVIEW_Stop
                0x08006c60       0x4c ./common/third_party/SEGGER/SEGGER/SEGGER_SYSVIEW.o
                0x08006c60                SEGGER_SYSVIEW_Stop
 .text.SEGGER_SYSVIEW_GetSysDesc
                0x08006cac      0x134 ./common/third_party/SEGGER/SEGGER/SEGGER_SYSVIEW.o
                0x08006cac                SEGGER_SYSVIEW_GetSysDesc
 .text.SEGGER_SYSVIEW_SendTaskInfo
                0x08006de0      0x1c8 ./common/third_party/SEGGER/SEGGER/SEGGER_SYSVIEW.o
                0x08006de0                SEGGER_SYSVIEW_SendTaskInfo
 .text.SEGGER_SYSVIEW_SendTaskList
                0x08006fa8       0x28 ./common/third_party/SEGGER/SEGGER/SEGGER_SYSVIEW.o
                0x08006fa8                SEGGER_SYSVIEW_SendTaskList
 .text.SEGGER_SYSVIEW_SendSysDesc
                0x08006fd0       0x48 ./common/third_party/SEGGER/SEGGER/SEGGER_SYSVIEW.o
                0x08006fd0                SEGGER_SYSVIEW_SendSysDesc
 .text.SEGGER_SYSVIEW_RecordSystime
                0x08007018       0x64 ./common/third_party/SEGGER/SEGGER/SEGGER_SYSVIEW.o
                0x08007018                SEGGER_SYSVIEW_RecordSystime
 .text.SEGGER_SYSVIEW_RecordEnterISR
                0x0800707c       0x84 ./common/third_party/SEGGER/SEGGER/SEGGER_SYSVIEW.o
                0x0800707c                SEGGER_SYSVIEW_RecordEnterISR
 .text.SEGGER_SYSVIEW_RecordExitISR
                0x08007100       0x38 ./common/third_party/SEGGER/SEGGER/SEGGER_SYSVIEW.o
                0x08007100                SEGGER_SYSVIEW_RecordExitISR
 .text.SEGGER_SYSVIEW_RecordExitISRToScheduler
                0x08007138       0x38 ./common/third_party/SEGGER/SEGGER/SEGGER_SYSVIEW.o
                0x08007138                SEGGER_SYSVIEW_RecordExitISRToScheduler
 .text.SEGGER_SYSVIEW_OnIdle
                0x08007170       0x38 ./common/third_party/SEGGER/SEGGER/SEGGER_SYSVIEW.o
                0x08007170                SEGGER_SYSVIEW_OnIdle
 .text.SEGGER_SYSVIEW_OnTaskCreate
                0x080071a8       0x84 ./common/third_party/SEGGER/SEGGER/SEGGER_SYSVIEW.o
                0x080071a8                SEGGER_SYSVIEW_OnTaskCreate
 .text.SEGGER_SYSVIEW_OnTaskStartExec
                0x0800722c       0x84 ./common/third_party/SEGGER/SEGGER/SEGGER_SYSVIEW.o
                0x0800722c                SEGGER_SYSVIEW_OnTaskStartExec
 .text.SEGGER_SYSVIEW_OnTaskStartReady
                0x080072b0       0x84 ./common/third_party/SEGGER/SEGGER/SEGGER_SYSVIEW.o
                0x080072b0                SEGGER_SYSVIEW_OnTaskStartReady
 .text.SEGGER_SYSVIEW_ShrinkId
                0x08007334       0x20 ./common/third_party/SEGGER/SEGGER/SEGGER_SYSVIEW.o
                0x08007334                SEGGER_SYSVIEW_ShrinkId
 .text.SEGGER_SYSVIEW_SendModule
                0x08007354      0x100 ./common/third_party/SEGGER/SEGGER/SEGGER_SYSVIEW.o
                0x08007354                SEGGER_SYSVIEW_SendModule
 .text.SEGGER_SYSVIEW_SendModuleDescription
                0x08007454       0x3c ./common/third_party/SEGGER/SEGGER/SEGGER_SYSVIEW.o
                0x08007454                SEGGER_SYSVIEW_SendModuleDescription
 .text.SEGGER_SYSVIEW_SendNumModules
                0x08007490       0x7c ./common/third_party/SEGGER/SEGGER/SEGGER_SYSVIEW.o
                0x08007490                SEGGER_SYSVIEW_SendNumModules
 .text.SEGGER_SYSVIEW_PrintfTarget
                0x0800750c       0x28 ./common/third_party/SEGGER/SEGGER/SEGGER_SYSVIEW.o
                0x0800750c                SEGGER_SYSVIEW_PrintfTarget
 .text.SEGGER_SYSVIEW_Warn
                0x08007534       0xb8 ./common/third_party/SEGGER/SEGGER/SEGGER_SYSVIEW.o
                0x08007534                SEGGER_SYSVIEW_Warn
 .text.SEGGER_SYSVIEW_IsStarted
                0x080075ec       0x5c ./common/third_party/SEGGER/SEGGER/SEGGER_SYSVIEW.o
                0x080075ec                SEGGER_SYSVIEW_IsStarted
 .text._cbSendSystemDesc
                0x08007648       0x1c ./common/third_party/SEGGER/config/SEGGER_SYSVIEW_Config_FreeRTOS.o
 .text.SEGGER_SYSVIEW_Conf
                0x08007664       0x2c ./common/third_party/SEGGER/config/SEGGER_SYSVIEW_Config_FreeRTOS.o
                0x08007664                SEGGER_SYSVIEW_Conf
 .text.memcmp   0x08007690       0x20 /Applications/STM32CubeIDE.app/Contents/Eclipse/plugins/com.st.stm32cube.ide.mcu.externaltools.gnu-tools-for-stm32.12.3.rel1.macos64_1.0.200.202406191456/tools/bin/../lib/gcc/arm-none-eabi/12.3.1/../../../../arm-none-eabi/lib/thumb/v7e-m+fp/hard/libc_nano.a(libc_a-memcmp.o)
                0x08007690                memcmp
 .text.memset   0x080076b0       0x10 /Applications/STM32CubeIDE.app/Contents/Eclipse/plugins/com.st.stm32cube.ide.mcu.externaltools.gnu-tools-for-stm32.12.3.rel1.macos64_1.0.200.202406191456/tools/bin/../lib/gcc/arm-none-eabi/12.3.1/../../../../arm-none-eabi/lib/thumb/v7e-m+fp/hard/libc_nano.a(libc_a-memset.o)
                0x080076b0                memset
 .text.__libc_init_array
                0x080076c0       0x48 /Applications/STM32CubeIDE.app/Contents/Eclipse/plugins/com.st.stm32cube.ide.mcu.externaltools.gnu-tools-for-stm32.12.3.rel1.macos64_1.0.200.202406191456/tools/bin/../lib/gcc/arm-none-eabi/12.3.1/../../../../arm-none-eabi/lib/thumb/v7e-m+fp/hard/libc_nano.a(libc_a-init.o)
                0x080076c0                __libc_init_array
 .text.memcpy   0x08007708       0x1c /Applications/STM32CubeIDE.app/Contents/Eclipse/plugins/com.st.stm32cube.ide.mcu.externaltools.gnu-tools-for-stm32.12.3.rel1.macos64_1.0.200.202406191456/tools/bin/../lib/gcc/arm-none-eabi/12.3.1/../../../../arm-none-eabi/lib/thumb/v7e-m+fp/hard/libc_nano.a(libc_a-memcpy-stub.o)
                0x08007708                memcpy
 *(.glue_7)
 .glue_7        0x08007724        0x0 linker stubs
 *(.glue_7t)
 .glue_7t       0x08007724        0x0 linker stubs
 *(.eh_frame)
 .eh_frame      0x08007724        0x0 /Applications/STM32CubeIDE.app/Contents/Eclipse/plugins/com.st.stm32cube.ide.mcu.externaltools.gnu-tools-for-stm32.12.3.rel1.macos64_1.0.200.202406191456/tools/bin/../lib/gcc/arm-none-eabi/12.3.1/thumb/v7e-m+fp/hard/crtbegin.o
 *(.init)
 .init          0x08007724        0x4 /Applications/STM32CubeIDE.app/Contents/Eclipse/plugins/com.st.stm32cube.ide.mcu.externaltools.gnu-tools-for-stm32.12.3.rel1.macos64_1.0.200.202406191456/tools/bin/../lib/gcc/arm-none-eabi/12.3.1/thumb/v7e-m+fp/hard/crti.o
                0x08007724                _init
 .init          0x08007728        0x8 /Applications/STM32CubeIDE.app/Contents/Eclipse/plugins/com.st.stm32cube.ide.mcu.externaltools.gnu-tools-for-stm32.12.3.rel1.macos64_1.0.200.202406191456/tools/bin/../lib/gcc/arm-none-eabi/12.3.1/thumb/v7e-m+fp/hard/crtn.o
 *(.fini)
 .fini          0x08007730        0x4 /Applications/STM32CubeIDE.app/Contents/Eclipse/plugins/com.st.stm32cube.ide.mcu.externaltools.gnu-tools-for-stm32.12.3.rel1.macos64_1.0.200.202406191456/tools/bin/../lib/gcc/arm-none-eabi/12.3.1/thumb/v7e-m+fp/hard/crti.o
                0x08007730                _fini
 .fini          0x08007734        0x8 /Applications/STM32CubeIDE.app/Contents/Eclipse/plugins/com.st.stm32cube.ide.mcu.externaltools.gnu-tools-for-stm32.12.3.rel1.macos64_1.0.200.202406191456/tools/bin/../lib/gcc/arm-none-eabi/12.3.1/thumb/v7e-m+fp/hard/crtn.o
                0x0800773c                        . = ALIGN (0x4)
                0x0800773c                        _etext = .

.vfp11_veneer   0x0800773c        0x0
 .vfp11_veneer  0x0800773c        0x0 linker stubs

.v4_bx          0x0800773c        0x0
 .v4_bx         0x0800773c        0x0 linker stubs

.iplt           0x0800773c        0x0
 .iplt          0x0800773c        0x0 /Applications/STM32CubeIDE.app/Contents/Eclipse/plugins/com.st.stm32cube.ide.mcu.externaltools.gnu-tools-for-stm32.12.3.rel1.macos64_1.0.200.202406191456/tools/bin/../lib/gcc/arm-none-eabi/12.3.1/thumb/v7e-m+fp/hard/crtbegin.o

.rodata         0x0800773c      0x22c
                0x0800773c                        . = ALIGN (0x4)
 *(.rodata)
 .rodata        0x0800773c      0x116 ./Core/Src/main.o
 *fill*         0x08007852        0x2 
 .rodata        0x08007854        0x5 ./common/third_party/FreeRTOS/tasks.o
 *fill*         0x08007859        0x3 
 .rodata        0x0800785c        0xd ./common/third_party/FreeRTOS/timers.o
 *fill*         0x08007869        0x3 
 .rodata        0x0800786c       0x58 ./common/third_party/SEGGER/OS/SEGGER_SYSVIEW_FreeRTOS.o
 .rodata        0x080078c4       0x17 ./common/third_party/SEGGER/SEGGER/SEGGER_RTT.o
 *fill*         0x080078db        0x1 
 .rodata        0x080078dc        0x8 ./common/third_party/SEGGER/SEGGER/SEGGER_SYSVIEW.o
 .rodata        0x080078e4       0x41 ./common/third_party/SEGGER/config/SEGGER_SYSVIEW_Config_FreeRTOS.o
 *(.rodata*)
 *fill*         0x08007925        0x3 
 .rodata.AHBPrescTable
                0x08007928       0x10 ./Core/Src/system_stm32f4xx.o
                0x08007928                AHBPrescTable
 .rodata.APBPrescTable
                0x08007938        0x8 ./Core/Src/system_stm32f4xx.o
                0x08007938                APBPrescTable
 .rodata.SYSVIEW_X_OS_TraceAPI
                0x08007940        0x8 ./common/third_party/SEGGER/OS/SEGGER_SYSVIEW_FreeRTOS.o
                0x08007940                SYSVIEW_X_OS_TraceAPI
 .rodata._abHelloMsg
                0x08007948        0x4 ./common/third_party/SEGGER/Rec/segger_uart.o
 .rodata._abSync
                0x0800794c        0xa ./common/third_party/SEGGER/SEGGER/SEGGER_SYSVIEW.o
 *fill*         0x08007956        0x2 
 .rodata._aV2C.0
                0x08007958       0x10 ./common/third_party/SEGGER/SEGGER/SEGGER_SYSVIEW.o
                0x08007968                        . = ALIGN (0x4)

.ARM.extab      0x08007968        0x0
                0x08007968                        . = ALIGN (0x4)
 *(.ARM.extab* .gnu.linkonce.armextab.*)
                0x08007968                        . = ALIGN (0x4)

.ARM            0x08007968        0x8
                0x08007968                        . = ALIGN (0x4)
                0x08007968                        __exidx_start = .
 *(.ARM.exidx*)
 .ARM.exidx     0x08007968        0x8 /Applications/STM32CubeIDE.app/Contents/Eclipse/plugins/com.st.stm32cube.ide.mcu.externaltools.gnu-tools-for-stm32.12.3.rel1.macos64_1.0.200.202406191456/tools/bin/../lib/gcc/arm-none-eabi/12.3.1/thumb/v7e-m+fp/hard/libgcc.a(_udivmoddi4.o)
                0x08007970                        __exidx_end = .
                0x08007970                        . = ALIGN (0x4)

.rel.dyn        0x08007970        0x0
 .rel.iplt      0x08007970        0x0 /Applications/STM32CubeIDE.app/Contents/Eclipse/plugins/com.st.stm32cube.ide.mcu.externaltools.gnu-tools-for-stm32.12.3.rel1.macos64_1.0.200.202406191456/tools/bin/../lib/gcc/arm-none-eabi/12.3.1/thumb/v7e-m+fp/hard/crtbegin.o

.preinit_array  0x08007970        0x0
                0x08007970                        . = ALIGN (0x4)
                0x08007970                        PROVIDE (__preinit_array_start = .)
 *(.preinit_array*)
                0x08007970                        PROVIDE (__preinit_array_end = .)
                0x08007970                        . = ALIGN (0x4)

.init_array     0x08007970        0x4
                0x08007970                        . = ALIGN (0x4)
                0x08007970                        PROVIDE (__init_array_start = .)
 *(SORT_BY_NAME(.init_array.*))
 *(.init_array*)
 .init_array    0x08007970        0x4 /Applications/STM32CubeIDE.app/Contents/Eclipse/plugins/com.st.stm32cube.ide.mcu.externaltools.gnu-tools-for-stm32.12.3.rel1.macos64_1.0.200.202406191456/tools/bin/../lib/gcc/arm-none-eabi/12.3.1/thumb/v7e-m+fp/hard/crtbegin.o
                0x08007974                        PROVIDE (__init_array_end = .)
                0x08007974                        . = ALIGN (0x4)

.fini_array     0x08007974        0x4
                0x08007974                        . = ALIGN (0x4)
                [!provide]                        PROVIDE (__fini_array_start = .)
 *(SORT_BY_NAME(.fini_array.*))
 *(.fini_array*)
 .fini_array    0x08007974        0x4 /Applications/STM32CubeIDE.app/Contents/Eclipse/plugins/com.st.stm32cube.ide.mcu.externaltools.gnu-tools-for-stm32.12.3.rel1.macos64_1.0.200.202406191456/tools/bin/../lib/gcc/arm-none-eabi/12.3.1/thumb/v7e-m+fp/hard/crtbegin.o
                [!provide]                        PROVIDE (__fini_array_end = .)
                0x08007978                        . = ALIGN (0x4)
                0x08007978                        _sidata = LOADADDR (.data)

.data           0x20000000       0x1c load address 0x08007978
                0x20000000                        . = ALIGN (0x4)
                0x20000000                        _sdata = .
 *(.data)
 *(.data*)
 .data.SystemCoreClock
                0x20000000        0x4 ./Core/Src/system_stm32f4xx.o
                0x20000000                SystemCoreClock
 .data.uwTickPrio
                0x20000004        0x4 ./Drivers/STM32F4xx_HAL_Driver/Src/stm32f4xx_hal.o
                0x20000004                uwTickPrio
 .data.uwTickFreq
                0x20000008        0x1 ./Drivers/STM32F4xx_HAL_Driver/Src/stm32f4xx_hal.o
                0x20000008                uwTickFreq
 *fill*         0x20000009        0x3 
 .data.uxTopUsedPriority
                0x2000000c        0x4 ./common/third_party/FreeRTOS/tasks.o
                0x2000000c                uxTopUsedPriority
 .data.uxCriticalNesting
                0x20000010        0x4 ./common/third_party/FreeRTOS/portable/GCC/ARM_CM4F/port.o
 .data._SVInfo  0x20000014        0x8 ./common/third_party/SEGGER/Rec/segger_uart.o
 *(.RamFunc)
 *(.RamFunc*)
                0x2000001c                        . = ALIGN (0x4)
                0x2000001c                        _edata = .

.igot.plt       0x2000001c        0x0 load address 0x08007994
 .igot.plt      0x2000001c        0x0 /Applications/STM32CubeIDE.app/Contents/Eclipse/plugins/com.st.stm32cube.ide.mcu.externaltools.gnu-tools-for-stm32.12.3.rel1.macos64_1.0.200.202406191456/tools/bin/../lib/gcc/arm-none-eabi/12.3.1/thumb/v7e-m+fp/hard/crtbegin.o
                0x2000001c                        . = ALIGN (0x4)

.bss            0x2000001c    0x144a0 load address 0x08007994
                0x2000001c                        _sbss = .
                0x2000001c                        __bss_start__ = _sbss
 *(.bss)
 .bss           0x2000001c       0x1c /Applications/STM32CubeIDE.app/Contents/Eclipse/plugins/com.st.stm32cube.ide.mcu.externaltools.gnu-tools-for-stm32.12.3.rel1.macos64_1.0.200.202406191456/tools/bin/../lib/gcc/arm-none-eabi/12.3.1/thumb/v7e-m+fp/hard/crtbegin.o
 *(.bss*)
 .bss.xSemaphore1
                0x20000038        0x4 ./Core/Src/main.o
                0x20000038                xSemaphore1
 .bss.xSemaphore2
                0x2000003c        0x4 ./Core/Src/main.o
                0x2000003c                xSemaphore2
 .bss.task1_handle
                0x20000040        0x4 ./Core/Src/main.o
                0x20000040                task1_handle
 .bss.task2_handle
                0x20000044        0x4 ./Core/Src/main.o
                0x20000044                task2_handle
 .bss.nxt_del_handle
                0x20000048        0x4 ./Core/Src/main.o
                0x20000048                nxt_del_handle
 .bss.htim4     0x2000004c       0x48 ./Core/Src/stm32f4xx_hal_timebase_tim.o
                0x2000004c                htim4
 .bss.uwTick    0x20000094        0x4 ./Drivers/STM32F4xx_HAL_Driver/Src/stm32f4xx_hal.o
                0x20000094                uwTick
 .bss.xQueueRegistry
                0x20000098       0x40 ./common/third_party/FreeRTOS/queue.o
                0x20000098                xQueueRegistry
 .bss.pxCurrentTCB
                0x200000d8        0x4 ./common/third_party/FreeRTOS/tasks.o
                0x200000d8                pxCurrentTCB
 .bss.pxReadyTasksLists
                0x200000dc       0x64 ./common/third_party/FreeRTOS/tasks.o
 .bss.xDelayedTaskList1
                0x20000140       0x14 ./common/third_party/FreeRTOS/tasks.o
 .bss.xDelayedTaskList2
                0x20000154       0x14 ./common/third_party/FreeRTOS/tasks.o
 .bss.pxDelayedTaskList
                0x20000168        0x4 ./common/third_party/FreeRTOS/tasks.o
 .bss.pxOverflowDelayedTaskList
                0x2000016c        0x4 ./common/third_party/FreeRTOS/tasks.o
 .bss.xPendingReadyList
                0x20000170       0x14 ./common/third_party/FreeRTOS/tasks.o
 .bss.xTasksWaitingTermination
                0x20000184       0x14 ./common/third_party/FreeRTOS/tasks.o
 .bss.uxDeletedTasksWaitingCleanUp
                0x20000198        0x4 ./common/third_party/FreeRTOS/tasks.o
 .bss.xSuspendedTaskList
                0x2000019c       0x14 ./common/third_party/FreeRTOS/tasks.o
 .bss.uxCurrentNumberOfTasks
                0x200001b0        0x4 ./common/third_party/FreeRTOS/tasks.o
 .bss.xTickCount
                0x200001b4        0x4 ./common/third_party/FreeRTOS/tasks.o
 .bss.uxTopReadyPriority
                0x200001b8        0x4 ./common/third_party/FreeRTOS/tasks.o
 .bss.xSchedulerRunning
                0x200001bc        0x4 ./common/third_party/FreeRTOS/tasks.o
 .bss.xPendedTicks
                0x200001c0        0x4 ./common/third_party/FreeRTOS/tasks.o
 .bss.xYieldPending
                0x200001c4        0x4 ./common/third_party/FreeRTOS/tasks.o
 .bss.xNumOfOverflows
                0x200001c8        0x4 ./common/third_party/FreeRTOS/tasks.o
 .bss.uxTaskNumber
                0x200001cc        0x4 ./common/third_party/FreeRTOS/tasks.o
 .bss.xNextTaskUnblockTime
                0x200001d0        0x4 ./common/third_party/FreeRTOS/tasks.o
 .bss.xIdleTaskHandle
                0x200001d4        0x4 ./common/third_party/FreeRTOS/tasks.o
 .bss.uxSchedulerSuspended
                0x200001d8        0x4 ./common/third_party/FreeRTOS/tasks.o
 .bss.xActiveTimerList1
                0x200001dc       0x14 ./common/third_party/FreeRTOS/timers.o
 .bss.xActiveTimerList2
                0x200001f0       0x14 ./common/third_party/FreeRTOS/timers.o
 .bss.pxCurrentTimerList
                0x20000204        0x4 ./common/third_party/FreeRTOS/timers.o
 .bss.pxOverflowTimerList
                0x20000208        0x4 ./common/third_party/FreeRTOS/timers.o
 .bss.xTimerQueue
                0x2000020c        0x4 ./common/third_party/FreeRTOS/timers.o
 .bss.xTimerTaskHandle
                0x20000210        0x4 ./common/third_party/FreeRTOS/timers.o
 .bss.xLastTime.0
                0x20000214        0x4 ./common/third_party/FreeRTOS/timers.o
 .bss.ucMaxSysCallPriority
                0x20000218        0x1 ./common/third_party/FreeRTOS/portable/GCC/ARM_CM4F/port.o
 *fill*         0x20000219        0x3 
 .bss.ulMaxPRIGROUPValue
                0x2000021c        0x4 ./common/third_party/FreeRTOS/portable/GCC/ARM_CM4F/port.o
 .bss.ucHeap    0x20000220    0x12c00 ./common/third_party/FreeRTOS/portable/MemMang/heap_4.o
 .bss.xStart    0x20012e20        0x8 ./common/third_party/FreeRTOS/portable/MemMang/heap_4.o
 .bss.pxEnd     0x20012e28        0x4 ./common/third_party/FreeRTOS/portable/MemMang/heap_4.o
 .bss.xFreeBytesRemaining
                0x20012e2c        0x4 ./common/third_party/FreeRTOS/portable/MemMang/heap_4.o
 .bss.xMinimumEverFreeBytesRemaining
                0x20012e30        0x4 ./common/third_party/FreeRTOS/portable/MemMang/heap_4.o
 .bss.xNumberOfSuccessfulAllocations
                0x20012e34        0x4 ./common/third_party/FreeRTOS/portable/MemMang/heap_4.o
 .bss.xNumberOfSuccessfulFrees
                0x20012e38        0x4 ./common/third_party/FreeRTOS/portable/MemMang/heap_4.o
 .bss._aTasks   0x20012e3c       0xa0 ./common/third_party/SEGGER/OS/SEGGER_SYSVIEW_FreeRTOS.o
 .bss._NumTasks
                0x20012edc        0x4 ./common/third_party/SEGGER/OS/SEGGER_SYSVIEW_FreeRTOS.o
 .bss._cbOnRx   0x20012ee0        0x4 ./common/third_party/SEGGER/Rec/segger_uart.o
 .bss._cbOnTx   0x20012ee4        0x4 ./common/third_party/SEGGER/Rec/segger_uart.o
 .bss._SEGGER_RTT
                0x20012ee8       0xa8 ./common/third_party/SEGGER/SEGGER/SEGGER_RTT.o
                0x20012ee8                _SEGGER_RTT
 .bss._acUpBuffer
                0x20012f90      0x400 ./common/third_party/SEGGER/SEGGER/SEGGER_RTT.o
 .bss._acDownBuffer
                0x20013390       0x10 ./common/third_party/SEGGER/SEGGER/SEGGER_RTT.o
 .bss._UpBuffer
                0x200133a0     0x1000 ./common/third_party/SEGGER/SEGGER/SEGGER_SYSVIEW.o
 .bss._DownBuffer
                0x200143a0        0x8 ./common/third_party/SEGGER/SEGGER/SEGGER_SYSVIEW.o
 .bss._SYSVIEW_Globals
                0x200143a8       0x28 ./common/third_party/SEGGER/SEGGER/SEGGER_SYSVIEW.o
 .bss._pFirstModule
                0x200143d0        0x4 ./common/third_party/SEGGER/SEGGER/SEGGER_SYSVIEW.o
 .bss._NumModules
                0x200143d4        0x1 ./common/third_party/SEGGER/SEGGER/SEGGER_SYSVIEW.o
 *fill*         0x200143d5        0x3 
 .bss._aPacket  0x200143d8       0xe3 ./common/third_party/SEGGER/SEGGER/SEGGER_SYSVIEW.o
 *(COMMON)
                0x200144bc                        . = ALIGN (0x4)
 *fill*         0x200144bb        0x1 
                0x200144bc                        _ebss = .
                0x200144bc                        __bss_end__ = _ebss

._user_heap_stack
                0x200144bc      0x604 load address 0x08007994
                0x200144c0                        . = ALIGN (0x8)
 *fill*         0x200144bc        0x4 
                [!provide]                        PROVIDE (end = .)
                0x200144c0                        PROVIDE (_end = .)
                0x200146c0                        . = (. + _Min_Heap_Size)
 *fill*         0x200144c0      0x200 
                0x20014ac0                        . = (. + _Min_Stack_Size)
 *fill*         0x200146c0      0x400 
                0x20014ac0                        . = ALIGN (0x8)

/DISCARD/
 libc.a(*)
 libm.a(*)
 libgcc.a(*)

.ARM.attributes
                0x00000000       0x30
 *(.ARM.attributes)
 .ARM.attributes
                0x00000000       0x22 /Applications/STM32CubeIDE.app/Contents/Eclipse/plugins/com.st.stm32cube.ide.mcu.externaltools.gnu-tools-for-stm32.12.3.rel1.macos64_1.0.200.202406191456/tools/bin/../lib/gcc/arm-none-eabi/12.3.1/thumb/v7e-m+fp/hard/crti.o
 .ARM.attributes
                0x00000022       0x34 /Applications/STM32CubeIDE.app/Contents/Eclipse/plugins/com.st.stm32cube.ide.mcu.externaltools.gnu-tools-for-stm32.12.3.rel1.macos64_1.0.200.202406191456/tools/bin/../lib/gcc/arm-none-eabi/12.3.1/thumb/v7e-m+fp/hard/crtbegin.o
 .ARM.attributes
                0x00000056       0x34 ./Core/Src/main.o
 .ARM.attributes
                0x0000008a       0x34 ./Core/Src/stm32f4xx_hal_msp.o
 .ARM.attributes
                0x000000be       0x34 ./Core/Src/stm32f4xx_hal_timebase_tim.o
 .ARM.attributes
                0x000000f2       0x34 ./Core/Src/stm32f4xx_it.o
 .ARM.attributes
                0x00000126       0x34 ./Core/Src/system_stm32f4xx.o
 .ARM.attributes
                0x0000015a       0x21 ./Core/Startup/startup_stm32f411retx.o
 .ARM.attributes
                0x0000017b       0x34 ./Drivers/STM32F4xx_HAL_Driver/Src/stm32f4xx_hal.o
 .ARM.attributes
                0x000001af       0x34 ./Drivers/STM32F4xx_HAL_Driver/Src/stm32f4xx_hal_cortex.o
 .ARM.attributes
                0x000001e3       0x34 ./Drivers/STM32F4xx_HAL_Driver/Src/stm32f4xx_hal_gpio.o
 .ARM.attributes
                0x00000217       0x34 ./Drivers/STM32F4xx_HAL_Driver/Src/stm32f4xx_hal_rcc.o
 .ARM.attributes
                0x0000024b       0x34 ./Drivers/STM32F4xx_HAL_Driver/Src/stm32f4xx_hal_tim.o
 .ARM.attributes
                0x0000027f       0x34 ./Drivers/STM32F4xx_HAL_Driver/Src/stm32f4xx_hal_tim_ex.o
 .ARM.attributes
                0x000002b3       0x34 ./common/third_party/FreeRTOS/list.o
 .ARM.attributes
                0x000002e7       0x34 ./common/third_party/FreeRTOS/queue.o
 .ARM.attributes
                0x0000031b       0x34 ./common/third_party/FreeRTOS/tasks.o
 .ARM.attributes
                0x0000034f       0x34 ./common/third_party/FreeRTOS/timers.o
 .ARM.attributes
                0x00000383       0x34 ./common/third_party/FreeRTOS/portable/GCC/ARM_CM4F/port.o
 .ARM.attributes
                0x000003b7       0x34 ./common/third_party/FreeRTOS/portable/MemMang/heap_4.o
 .ARM.attributes
                0x000003eb       0x34 ./common/third_party/SEGGER/OS/SEGGER_SYSVIEW_FreeRTOS.o
 .ARM.attributes
                0x0000041f       0x34 ./common/third_party/SEGGER/Rec/segger_uart.o
 .ARM.attributes
                0x00000453       0x34 ./common/third_party/SEGGER/SEGGER/SEGGER_RTT.o
 .ARM.attributes
                0x00000487       0x20 ./common/third_party/SEGGER/SEGGER/SEGGER_RTT_ASM_ARMv7M.o
 .ARM.attributes
                0x000004a7       0x34 ./common/third_party/SEGGER/SEGGER/SEGGER_SYSVIEW.o
 .ARM.attributes
                0x000004db       0x34 ./common/third_party/SEGGER/config/SEGGER_SYSVIEW_Config_FreeRTOS.o
 .ARM.attributes
                0x0000050f       0x34 /Applications/STM32CubeIDE.app/Contents/Eclipse/plugins/com.st.stm32cube.ide.mcu.externaltools.gnu-tools-for-stm32.12.3.rel1.macos64_1.0.200.202406191456/tools/bin/../lib/gcc/arm-none-eabi/12.3.1/../../../../arm-none-eabi/lib/thumb/v7e-m+fp/hard/libc_nano.a(libc_a-memcmp.o)
 .ARM.attributes
                0x00000543       0x34 /Applications/STM32CubeIDE.app/Contents/Eclipse/plugins/com.st.stm32cube.ide.mcu.externaltools.gnu-tools-for-stm32.12.3.rel1.macos64_1.0.200.202406191456/tools/bin/../lib/gcc/arm-none-eabi/12.3.1/../../../../arm-none-eabi/lib/thumb/v7e-m+fp/hard/libc_nano.a(libc_a-memset.o)
 .ARM.attributes
                0x00000577       0x34 /Applications/STM32CubeIDE.app/Contents/Eclipse/plugins/com.st.stm32cube.ide.mcu.externaltools.gnu-tools-for-stm32.12.3.rel1.macos64_1.0.200.202406191456/tools/bin/../lib/gcc/arm-none-eabi/12.3.1/../../../../arm-none-eabi/lib/thumb/v7e-m+fp/hard/libc_nano.a(libc_a-init.o)
 .ARM.attributes
                0x000005ab       0x34 /Applications/STM32CubeIDE.app/Contents/Eclipse/plugins/com.st.stm32cube.ide.mcu.externaltools.gnu-tools-for-stm32.12.3.rel1.macos64_1.0.200.202406191456/tools/bin/../lib/gcc/arm-none-eabi/12.3.1/../../../../arm-none-eabi/lib/thumb/v7e-m+fp/hard/libc_nano.a(libc_a-memcpy-stub.o)
 .ARM.attributes
                0x000005df       0x22 /Applications/STM32CubeIDE.app/Contents/Eclipse/plugins/com.st.stm32cube.ide.mcu.externaltools.gnu-tools-for-stm32.12.3.rel1.macos64_1.0.200.202406191456/tools/bin/../lib/gcc/arm-none-eabi/12.3.1/thumb/v7e-m+fp/hard/libgcc.a(_aeabi_uldivmod.o)
 .ARM.attributes
                0x00000601       0x34 /Applications/STM32CubeIDE.app/Contents/Eclipse/plugins/com.st.stm32cube.ide.mcu.externaltools.gnu-tools-for-stm32.12.3.rel1.macos64_1.0.200.202406191456/tools/bin/../lib/gcc/arm-none-eabi/12.3.1/thumb/v7e-m+fp/hard/libgcc.a(_udivmoddi4.o)
 .ARM.attributes
                0x00000635       0x22 /Applications/STM32CubeIDE.app/Contents/Eclipse/plugins/com.st.stm32cube.ide.mcu.externaltools.gnu-tools-for-stm32.12.3.rel1.macos64_1.0.200.202406191456/tools/bin/../lib/gcc/arm-none-eabi/12.3.1/thumb/v7e-m+fp/hard/libgcc.a(_dvmd_tls.o)
 .ARM.attributes
                0x00000657       0x22 /Applications/STM32CubeIDE.app/Contents/Eclipse/plugins/com.st.stm32cube.ide.mcu.externaltools.gnu-tools-for-stm32.12.3.rel1.macos64_1.0.200.202406191456/tools/bin/../lib/gcc/arm-none-eabi/12.3.1/thumb/v7e-m+fp/hard/crtn.o
OUTPUT(cpp 2.elf elf32-littlearm)
LOAD linker stubs
LOAD /Applications/STM32CubeIDE.app/Contents/Eclipse/plugins/com.st.stm32cube.ide.mcu.externaltools.gnu-tools-for-stm32.12.3.rel1.macos64_1.0.200.202406191456/tools/bin/../lib/gcc/arm-none-eabi/12.3.1/../../../../arm-none-eabi/lib/thumb/v7e-m+fp/hard/libc.a
LOAD /Applications/STM32CubeIDE.app/Contents/Eclipse/plugins/com.st.stm32cube.ide.mcu.externaltools.gnu-tools-for-stm32.12.3.rel1.macos64_1.0.200.202406191456/tools/bin/../lib/gcc/arm-none-eabi/12.3.1/../../../../arm-none-eabi/lib/thumb/v7e-m+fp/hard/libm.a
LOAD /Applications/STM32CubeIDE.app/Contents/Eclipse/plugins/com.st.stm32cube.ide.mcu.externaltools.gnu-tools-for-stm32.12.3.rel1.macos64_1.0.200.202406191456/tools/bin/../lib/gcc/arm-none-eabi/12.3.1/thumb/v7e-m+fp/hard/libgcc.a

.debug_info     0x00000000    0x13fc5
 .debug_info    0x00000000     0x10b7 ./Core/Src/main.o
 .debug_info    0x000010b7      0x2a0 ./Core/Src/stm32f4xx_hal_msp.o
 .debug_info    0x00001357      0xb83 ./Core/Src/stm32f4xx_hal_timebase_tim.o
 .debug_info    0x00001eda      0x6a4 ./Core/Src/stm32f4xx_it.o
 .debug_info    0x0000257e      0x53e ./Core/Src/system_stm32f4xx.o
 .debug_info    0x00002abc       0x30 ./Core/Startup/startup_stm32f411retx.o
 .debug_info    0x00002aec      0x8c4 ./Drivers/STM32F4xx_HAL_Driver/Src/stm32f4xx_hal.o
 .debug_info    0x000033b0      0xcfc ./Drivers/STM32F4xx_HAL_Driver/Src/stm32f4xx_hal_cortex.o
 .debug_info    0x000040ac      0x6f9 ./Drivers/STM32F4xx_HAL_Driver/Src/stm32f4xx_hal_gpio.o
 .debug_info    0x000047a5      0x8f0 ./Drivers/STM32F4xx_HAL_Driver/Src/stm32f4xx_hal_rcc.o
 .debug_info    0x00005095     0x2996 ./Drivers/STM32F4xx_HAL_Driver/Src/stm32f4xx_hal_tim.o
 .debug_info    0x00007a2b     0x14d4 ./Drivers/STM32F4xx_HAL_Driver/Src/stm32f4xx_hal_tim_ex.o
 .debug_info    0x00008eff      0x2af ./common/third_party/FreeRTOS/list.o
 .debug_info    0x000091ae     0x18ec ./common/third_party/FreeRTOS/queue.o
 .debug_info    0x0000aa9a     0x2593 ./common/third_party/FreeRTOS/tasks.o
 .debug_info    0x0000d02d      0xe20 ./common/third_party/FreeRTOS/timers.o
 .debug_info    0x0000de4d      0x59d ./common/third_party/FreeRTOS/portable/GCC/ARM_CM4F/port.o
 .debug_info    0x0000e3ea      0x523 ./common/third_party/FreeRTOS/portable/MemMang/heap_4.o
 .debug_info    0x0000e90d      0x411 ./common/third_party/SEGGER/OS/SEGGER_SYSVIEW_FreeRTOS.o
 .debug_info    0x0000ed1e      0x814 ./common/third_party/SEGGER/Rec/segger_uart.o
 .debug_info    0x0000f532     0x13d7 ./common/third_party/SEGGER/SEGGER/SEGGER_RTT.o
 .debug_info    0x00010909       0x25 ./common/third_party/SEGGER/SEGGER/SEGGER_RTT_ASM_ARMv7M.o
 .debug_info    0x0001092e     0x3524 ./common/third_party/SEGGER/SEGGER/SEGGER_SYSVIEW.o
 .debug_info    0x00013e52      0x173 ./common/third_party/SEGGER/config/SEGGER_SYSVIEW_Config_FreeRTOS.o

.debug_abbrev   0x00000000     0x3260
 .debug_abbrev  0x00000000      0x389 ./Core/Src/main.o
 .debug_abbrev  0x00000389       0xeb ./Core/Src/stm32f4xx_hal_msp.o
 .debug_abbrev  0x00000474      0x207 ./Core/Src/stm32f4xx_hal_timebase_tim.o
 .debug_abbrev  0x0000067b      0x190 ./Core/Src/stm32f4xx_it.o
 .debug_abbrev  0x0000080b      0x11a ./Core/Src/system_stm32f4xx.o
 .debug_abbrev  0x00000925       0x24 ./Core/Startup/startup_stm32f411retx.o
 .debug_abbrev  0x00000949      0x24b ./Drivers/STM32F4xx_HAL_Driver/Src/stm32f4xx_hal.o
 .debug_abbrev  0x00000b94      0x31d ./Drivers/STM32F4xx_HAL_Driver/Src/stm32f4xx_hal_cortex.o
 .debug_abbrev  0x00000eb1      0x1d3 ./Drivers/STM32F4xx_HAL_Driver/Src/stm32f4xx_hal_gpio.o
 .debug_abbrev  0x00001084      0x2b6 ./Drivers/STM32F4xx_HAL_Driver/Src/stm32f4xx_hal_rcc.o
 .debug_abbrev  0x0000133a      0x28b ./Drivers/STM32F4xx_HAL_Driver/Src/stm32f4xx_hal_tim.o
 .debug_abbrev  0x000015c5      0x296 ./Drivers/STM32F4xx_HAL_Driver/Src/stm32f4xx_hal_tim_ex.o
 .debug_abbrev  0x0000185b       0xf5 ./common/third_party/FreeRTOS/list.o
 .debug_abbrev  0x00001950      0x321 ./common/third_party/FreeRTOS/queue.o
 .debug_abbrev  0x00001c71      0x3b0 ./common/third_party/FreeRTOS/tasks.o
 .debug_abbrev  0x00002021      0x2cb ./common/third_party/FreeRTOS/timers.o
 .debug_abbrev  0x000022ec      0x25a ./common/third_party/FreeRTOS/portable/GCC/ARM_CM4F/port.o
 .debug_abbrev  0x00002546      0x256 ./common/third_party/FreeRTOS/portable/MemMang/heap_4.o
 .debug_abbrev  0x0000279c      0x1a4 ./common/third_party/SEGGER/OS/SEGGER_SYSVIEW_FreeRTOS.o
 .debug_abbrev  0x00002940      0x28c ./common/third_party/SEGGER/Rec/segger_uart.o
 .debug_abbrev  0x00002bcc      0x258 ./common/third_party/SEGGER/SEGGER/SEGGER_RTT.o
 .debug_abbrev  0x00002e24       0x14 ./common/third_party/SEGGER/SEGGER/SEGGER_RTT_ASM_ARMv7M.o
 .debug_abbrev  0x00002e38      0x349 ./common/third_party/SEGGER/SEGGER/SEGGER_SYSVIEW.o
 .debug_abbrev  0x00003181       0xdf ./common/third_party/SEGGER/config/SEGGER_SYSVIEW_Config_FreeRTOS.o

.debug_aranges  0x00000000     0x1380
 .debug_aranges
                0x00000000       0x60 ./Core/Src/main.o
 .debug_aranges
                0x00000060       0x20 ./Core/Src/stm32f4xx_hal_msp.o
 .debug_aranges
                0x00000080       0x30 ./Core/Src/stm32f4xx_hal_timebase_tim.o
 .debug_aranges
                0x000000b0       0x50 ./Core/Src/stm32f4xx_it.o
 .debug_aranges
                0x00000100       0x28 ./Core/Src/system_stm32f4xx.o
 .debug_aranges
                0x00000128       0x28 ./Core/Startup/startup_stm32f411retx.o
 .debug_aranges
                0x00000150       0xf0 ./Drivers/STM32F4xx_HAL_Driver/Src/stm32f4xx_hal.o
 .debug_aranges
                0x00000240      0x130 ./Drivers/STM32F4xx_HAL_Driver/Src/stm32f4xx_hal_cortex.o
 .debug_aranges
                0x00000370       0x58 ./Drivers/STM32F4xx_HAL_Driver/Src/stm32f4xx_hal_gpio.o
 .debug_aranges
                0x000003c8       0x88 ./Drivers/STM32F4xx_HAL_Driver/Src/stm32f4xx_hal_rcc.o
 .debug_aranges
                0x00000450      0x3d0 ./Drivers/STM32F4xx_HAL_Driver/Src/stm32f4xx_hal_tim.o
 .debug_aranges
                0x00000820      0x168 ./Drivers/STM32F4xx_HAL_Driver/Src/stm32f4xx_hal_tim_ex.o
 .debug_aranges
                0x00000988       0x40 ./common/third_party/FreeRTOS/list.o
 .debug_aranges
                0x000009c8      0x130 ./common/third_party/FreeRTOS/queue.o
 .debug_aranges
                0x00000af8      0x208 ./common/third_party/FreeRTOS/tasks.o
 .debug_aranges
                0x00000d00       0xe8 ./common/third_party/FreeRTOS/timers.o
 .debug_aranges
                0x00000de8       0x88 ./common/third_party/FreeRTOS/portable/GCC/ARM_CM4F/port.o
 .debug_aranges
                0x00000e70       0x60 ./common/third_party/FreeRTOS/portable/MemMang/heap_4.o
 .debug_aranges
                0x00000ed0       0x48 ./common/third_party/SEGGER/OS/SEGGER_SYSVIEW_FreeRTOS.o
 .debug_aranges
                0x00000f18       0x68 ./common/third_party/SEGGER/Rec/segger_uart.o
 .debug_aranges
                0x00000f80      0x138 ./common/third_party/SEGGER/SEGGER/SEGGER_RTT.o
 .debug_aranges
                0x000010b8       0x20 ./common/third_party/SEGGER/SEGGER/SEGGER_RTT_ASM_ARMv7M.o
 .debug_aranges
                0x000010d8      0x280 ./common/third_party/SEGGER/SEGGER/SEGGER_SYSVIEW.o
 .debug_aranges
                0x00001358       0x28 ./common/third_party/SEGGER/config/SEGGER_SYSVIEW_Config_FreeRTOS.o

.debug_rnglists
                0x00000000      0xefa
 .debug_rnglists
                0x00000000       0x48 ./Core/Src/main.o
 .debug_rnglists
                0x00000048       0x13 ./Core/Src/stm32f4xx_hal_msp.o
 .debug_rnglists
                0x0000005b       0x20 ./Core/Src/stm32f4xx_hal_timebase_tim.o
 .debug_rnglists
                0x0000007b       0x37 ./Core/Src/stm32f4xx_it.o
 .debug_rnglists
                0x000000b2       0x1a ./Core/Src/system_stm32f4xx.o
 .debug_rnglists
                0x000000cc       0x19 ./Core/Startup/startup_stm32f411retx.o
 .debug_rnglists
                0x000000e5       0xaf ./Drivers/STM32F4xx_HAL_Driver/Src/stm32f4xx_hal.o
 .debug_rnglists
                0x00000194       0xe0 ./Drivers/STM32F4xx_HAL_Driver/Src/stm32f4xx_hal_cortex.o
 .debug_rnglists
                0x00000274       0x3f ./Drivers/STM32F4xx_HAL_Driver/Src/stm32f4xx_hal_gpio.o
 .debug_rnglists
                0x000002b3       0x66 ./Drivers/STM32F4xx_HAL_Driver/Src/stm32f4xx_hal_rcc.o
 .debug_rnglists
                0x00000319      0x31a ./Drivers/STM32F4xx_HAL_Driver/Src/stm32f4xx_hal_tim.o
 .debug_rnglists
                0x00000633      0x125 ./Drivers/STM32F4xx_HAL_Driver/Src/stm32f4xx_hal_tim_ex.o
 .debug_rnglists
                0x00000758       0x2b ./common/third_party/FreeRTOS/list.o
 .debug_rnglists
                0x00000783       0xec ./common/third_party/FreeRTOS/queue.o
 .debug_rnglists
                0x0000086f      0x1a1 ./common/third_party/FreeRTOS/tasks.o
 .debug_rnglists
                0x00000a10       0xad ./common/third_party/FreeRTOS/timers.o
 .debug_rnglists
                0x00000abd       0x64 ./common/third_party/FreeRTOS/portable/GCC/ARM_CM4F/port.o
 .debug_rnglists
                0x00000b21       0x48 ./common/third_party/FreeRTOS/portable/MemMang/heap_4.o
 .debug_rnglists
                0x00000b69       0x36 ./common/third_party/SEGGER/OS/SEGGER_SYSVIEW_FreeRTOS.o
 .debug_rnglists
                0x00000b9f       0x4b ./common/third_party/SEGGER/Rec/segger_uart.o
 .debug_rnglists
                0x00000bea       0xf5 ./common/third_party/SEGGER/SEGGER/SEGGER_RTT.o
 .debug_rnglists
                0x00000cdf      0x202 ./common/third_party/SEGGER/SEGGER/SEGGER_SYSVIEW.o
 .debug_rnglists
                0x00000ee1       0x19 ./common/third_party/SEGGER/config/SEGGER_SYSVIEW_Config_FreeRTOS.o

.debug_macro    0x00000000    0x19182
 .debug_macro   0x00000000      0x3a0 ./Core/Src/main.o
 .debug_macro   0x000003a0      0xab4 ./Core/Src/main.o
 .debug_macro   0x00000e54      0x295 ./Core/Src/main.o
 .debug_macro   0x000010e9       0x2e ./Core/Src/main.o
 .debug_macro   0x00001117       0x28 ./Core/Src/main.o
 .debug_macro   0x0000113f       0x22 ./Core/Src/main.o
 .debug_macro   0x00001161       0x8e ./Core/Src/main.o
 .debug_macro   0x000011ef       0x51 ./Core/Src/main.o
 .debug_macro   0x00001240      0x103 ./Core/Src/main.o
 .debug_macro   0x00001343       0x6a ./Core/Src/main.o
 .debug_macro   0x000013ad      0x1df ./Core/Src/main.o
 .debug_macro   0x0000158c       0x1c ./Core/Src/main.o
 .debug_macro   0x000015a8       0x22 ./Core/Src/main.o
 .debug_macro   0x000015ca       0xfb ./Core/Src/main.o
 .debug_macro   0x000016c5     0x1011 ./Core/Src/main.o
 .debug_macro   0x000026d6      0x11f ./Core/Src/main.o
 .debug_macro   0x000027f5     0xb953 ./Core/Src/main.o
 .debug_macro   0x0000e148       0x6d ./Core/Src/main.o
 .debug_macro   0x0000e1b5     0x369a ./Core/Src/main.o
 .debug_macro   0x0001184f      0x189 ./Core/Src/main.o
 .debug_macro   0x000119d8       0x5c ./Core/Src/main.o
 .debug_macro   0x00011a34      0x45c ./Core/Src/main.o
 .debug_macro   0x00011e90      0x9e9 ./Core/Src/main.o
 .debug_macro   0x00012879      0x115 ./Core/Src/main.o
 .debug_macro   0x0001298e      0x11b ./Core/Src/main.o
 .debug_macro   0x00012aa9       0xa5 ./Core/Src/main.o
 .debug_macro   0x00012b4e      0x15f ./Core/Src/main.o
 .debug_macro   0x00012cad      0x287 ./Core/Src/main.o
 .debug_macro   0x00012f34       0x5f ./Core/Src/main.o
 .debug_macro   0x00012f93      0x236 ./Core/Src/main.o
 .debug_macro   0x000131c9      0x132 ./Core/Src/main.o
 .debug_macro   0x000132fb      0x264 ./Core/Src/main.o
 .debug_macro   0x0001355f       0x2e ./Core/Src/main.o
 .debug_macro   0x0001358d      0x127 ./Core/Src/main.o
 .debug_macro   0x000136b4       0x85 ./Core/Src/main.o
 .debug_macro   0x00013739       0x89 ./Core/Src/main.o
 .debug_macro   0x000137c2      0x8ed ./Core/Src/main.o
 .debug_macro   0x000140af       0x47 ./Core/Src/main.o
 .debug_macro   0x000140f6      0x126 ./Core/Src/main.o
 .debug_macro   0x0001421c       0x1c ./Core/Src/main.o
 .debug_macro   0x00014238       0x61 ./Core/Src/main.o
 .debug_macro   0x00014299       0x2a ./Core/Src/main.o
 .debug_macro   0x000142c3       0x43 ./Core/Src/main.o
 .debug_macro   0x00014306       0x34 ./Core/Src/main.o
 .debug_macro   0x0001433a       0x16 ./Core/Src/main.o
 .debug_macro   0x00014350       0x35 ./Core/Src/main.o
 .debug_macro   0x00014385      0x369 ./Core/Src/main.o
 .debug_macro   0x000146ee       0x10 ./Core/Src/main.o
 .debug_macro   0x000146fe       0x16 ./Core/Src/main.o
 .debug_macro   0x00014714       0x43 ./Core/Src/main.o
 .debug_macro   0x00014757       0x34 ./Core/Src/main.o
 .debug_macro   0x0001478b       0x10 ./Core/Src/main.o
 .debug_macro   0x0001479b       0x58 ./Core/Src/main.o
 .debug_macro   0x000147f3       0x8e ./Core/Src/main.o
 .debug_macro   0x00014881       0x1c ./Core/Src/main.o
 .debug_macro   0x0001489d      0x177 ./Core/Src/main.o
 .debug_macro   0x00014a14       0x16 ./Core/Src/main.o
 .debug_macro   0x00014a2a       0x16 ./Core/Src/main.o
 .debug_macro   0x00014a40      0x146 ./Core/Src/main.o
 .debug_macro   0x00014b86      0x106 ./Core/Src/main.o
 .debug_macro   0x00014c8c       0x4c ./Core/Src/main.o
 .debug_macro   0x00014cd8       0x46 ./Core/Src/main.o
 .debug_macro   0x00014d1e       0x64 ./Core/Src/main.o
 .debug_macro   0x00014d82       0x16 ./Core/Src/main.o
 .debug_macro   0x00014d98       0x49 ./Core/Src/main.o
 .debug_macro   0x00014de1       0xbc ./Core/Src/main.o
 .debug_macro   0x00014e9d      0x204 ./Core/Src/main.o
 .debug_macro   0x000150a1      0x450 ./Core/Src/main.o
 .debug_macro   0x000154f1      0x15a ./Core/Src/main.o
 .debug_macro   0x0001564b       0xea ./Core/Src/main.o
 .debug_macro   0x00015735       0x28 ./Core/Src/main.o
 .debug_macro   0x0001575d       0x1f ./Core/Src/main.o
 .debug_macro   0x0001577c       0x12 ./Core/Src/main.o
 .debug_macro   0x0001578e      0x400 ./Core/Src/main.o
 .debug_macro   0x00015b8e       0xc3 ./Core/Src/main.o
 .debug_macro   0x00015c51      0x120 ./Core/Src/main.o
 .debug_macro   0x00015d71       0x80 ./Core/Src/main.o
 .debug_macro   0x00015df1       0x77 ./Core/Src/main.o
 .debug_macro   0x00015e68      0x288 ./Core/Src/stm32f4xx_hal_msp.o
 .debug_macro   0x000160f0       0x58 ./Core/Src/stm32f4xx_hal_msp.o
 .debug_macro   0x00016148      0x1c4 ./Core/Src/stm32f4xx_hal_timebase_tim.o
 .debug_macro   0x0001630c      0x1dd ./Core/Src/stm32f4xx_it.o
 .debug_macro   0x000164e9      0x1c4 ./Core/Src/system_stm32f4xx.o
 .debug_macro   0x000166ad      0x224 ./Drivers/STM32F4xx_HAL_Driver/Src/stm32f4xx_hal.o
 .debug_macro   0x000168d1      0x1c4 ./Drivers/STM32F4xx_HAL_Driver/Src/stm32f4xx_hal_cortex.o
 .debug_macro   0x00016a95      0x1ca ./Drivers/STM32F4xx_HAL_Driver/Src/stm32f4xx_hal_gpio.o
 .debug_macro   0x00016c5f      0x1e8 ./Drivers/STM32F4xx_HAL_Driver/Src/stm32f4xx_hal_rcc.o
 .debug_macro   0x00016e47      0x1c5 ./Drivers/STM32F4xx_HAL_Driver/Src/stm32f4xx_hal_tim.o
 .debug_macro   0x0001700c      0x1c4 ./Drivers/STM32F4xx_HAL_Driver/Src/stm32f4xx_hal_tim_ex.o
 .debug_macro   0x000171d0      0x1f8 ./common/third_party/FreeRTOS/list.o
 .debug_macro   0x000173c8      0x28f ./common/third_party/FreeRTOS/queue.o
 .debug_macro   0x00017657       0x16 ./common/third_party/FreeRTOS/queue.o
 .debug_macro   0x0001766d       0x20 ./common/third_party/FreeRTOS/queue.o
 .debug_macro   0x0001768d      0x2e5 ./common/third_party/FreeRTOS/tasks.o
 .debug_macro   0x00017972       0x17 ./common/third_party/FreeRTOS/tasks.o
 .debug_macro   0x00017989      0x247 ./common/third_party/FreeRTOS/timers.o
 .debug_macro   0x00017bd0       0x97 ./common/third_party/FreeRTOS/timers.o
 .debug_macro   0x00017c67      0x207 ./common/third_party/FreeRTOS/portable/GCC/ARM_CM4F/port.o
 .debug_macro   0x00017e6e      0x279 ./common/third_party/FreeRTOS/portable/MemMang/heap_4.o
 .debug_macro   0x000180e7      0x207 ./common/third_party/SEGGER/OS/SEGGER_SYSVIEW_FreeRTOS.o
 .debug_macro   0x000182ee      0x41c ./common/third_party/SEGGER/Rec/segger_uart.o
 .debug_macro   0x0001870a       0x3a ./common/third_party/SEGGER/Rec/segger_uart.o
 .debug_macro   0x00018744      0x138 ./common/third_party/SEGGER/Rec/segger_uart.o
 .debug_macro   0x0001887c       0x56 ./common/third_party/SEGGER/Rec/segger_uart.o
 .debug_macro   0x000188d2      0x1bd ./common/third_party/SEGGER/SEGGER/SEGGER_RTT.o
 .debug_macro   0x00018a8f       0x34 ./common/third_party/SEGGER/SEGGER/SEGGER_RTT.o
 .debug_macro   0x00018ac3      0x212 ./common/third_party/SEGGER/SEGGER/SEGGER_SYSVIEW.o
 .debug_macro   0x00018cd5      0x204 ./common/third_party/SEGGER/SEGGER/SEGGER_SYSVIEW.o
 .debug_macro   0x00018ed9      0x16e ./common/third_party/SEGGER/SEGGER/SEGGER_SYSVIEW.o
 .debug_macro   0x00019047      0x13b ./common/third_party/SEGGER/config/SEGGER_SYSVIEW_Config_FreeRTOS.o

.debug_line     0x00000000    0x15cbc
 .debug_line    0x00000000      0xd1d ./Core/Src/main.o
 .debug_line    0x00000d1d      0x9b9 ./Core/Src/stm32f4xx_hal_msp.o
 .debug_line    0x000016d6      0x747 ./Core/Src/stm32f4xx_hal_timebase_tim.o
 .debug_line    0x00001e1d      0x768 ./Core/Src/stm32f4xx_it.o
 .debug_line    0x00002585      0x750 ./Core/Src/system_stm32f4xx.o
 .debug_line    0x00002cd5       0x7a ./Core/Startup/startup_stm32f411retx.o
 .debug_line    0x00002d4f      0x9b9 ./Drivers/STM32F4xx_HAL_Driver/Src/stm32f4xx_hal.o
 .debug_line    0x00003708      0xcab ./Drivers/STM32F4xx_HAL_Driver/Src/stm32f4xx_hal_cortex.o
 .debug_line    0x000043b3      0xb09 ./Drivers/STM32F4xx_HAL_Driver/Src/stm32f4xx_hal_gpio.o
 .debug_line    0x00004ebc      0xd42 ./Drivers/STM32F4xx_HAL_Driver/Src/stm32f4xx_hal_rcc.o
 .debug_line    0x00005bfe     0x3537 ./Drivers/STM32F4xx_HAL_Driver/Src/stm32f4xx_hal_tim.o
 .debug_line    0x00009135     0x194a ./Drivers/STM32F4xx_HAL_Driver/Src/stm32f4xx_hal_tim_ex.o
 .debug_line    0x0000aa7f      0x926 ./common/third_party/FreeRTOS/list.o
 .debug_line    0x0000b3a5     0x1864 ./common/third_party/FreeRTOS/queue.o
 .debug_line    0x0000cc09     0x2046 ./common/third_party/FreeRTOS/tasks.o
 .debug_line    0x0000ec4f      0xe6d ./common/third_party/FreeRTOS/timers.o
 .debug_line    0x0000fabc      0xa9d ./common/third_party/FreeRTOS/portable/GCC/ARM_CM4F/port.o
 .debug_line    0x00010559      0xba7 ./common/third_party/FreeRTOS/portable/MemMang/heap_4.o
 .debug_line    0x00011100      0x9f9 ./common/third_party/SEGGER/OS/SEGGER_SYSVIEW_FreeRTOS.o
 .debug_line    0x00011af9      0xbae ./common/third_party/SEGGER/Rec/segger_uart.o
 .debug_line    0x000126a7      0xeda ./common/third_party/SEGGER/SEGGER/SEGGER_RTT.o
 .debug_line    0x00013581       0x86 ./common/third_party/SEGGER/SEGGER/SEGGER_RTT_ASM_ARMv7M.o
 .debug_line    0x00013607     0x1fbe ./common/third_party/SEGGER/SEGGER/SEGGER_SYSVIEW.o
 .debug_line    0x000155c5      0x6f7 ./common/third_party/SEGGER/config/SEGGER_SYSVIEW_Config_FreeRTOS.o

.debug_str      0x00000000    0x9bb00
 .debug_str     0x00000000    0x92d35 ./Core/Src/main.o
                              0x93116 (size before relaxing)
 .debug_str     0x00092d35       0x40 ./Core/Src/stm32f4xx_hal_msp.o
                              0x8c459 (size before relaxing)
 .debug_str     0x00092d75      0x4b9 ./Core/Src/stm32f4xx_hal_timebase_tim.o
                              0x85c69 (size before relaxing)
 .debug_str     0x0009322e       0xb5 ./Core/Src/stm32f4xx_it.o
                              0x85704 (size before relaxing)
 .debug_str     0x000932e3       0xdb ./Core/Src/system_stm32f4xx.o
                              0x852ca (size before relaxing)
 .debug_str     0x000933be       0x80 ./Core/Startup/startup_stm32f411retx.o
 .debug_str     0x0009343e      0x5d3 ./Drivers/STM32F4xx_HAL_Driver/Src/stm32f4xx_hal.o
                              0x85cf6 (size before relaxing)
 .debug_str     0x00093a11      0x37f ./Drivers/STM32F4xx_HAL_Driver/Src/stm32f4xx_hal_cortex.o
                              0x85a60 (size before relaxing)
 .debug_str     0x00093d90      0x120 ./Drivers/STM32F4xx_HAL_Driver/Src/stm32f4xx_hal_gpio.o
                              0x85445 (size before relaxing)
 .debug_str     0x00093eb0      0x1fd ./Drivers/STM32F4xx_HAL_Driver/Src/stm32f4xx_hal_rcc.o
                              0x856fe (size before relaxing)
 .debug_str     0x000940ad      0xe79 ./Drivers/STM32F4xx_HAL_Driver/Src/stm32f4xx_hal_tim.o
                              0x86642 (size before relaxing)
 .debug_str     0x00094f26      0x503 ./Drivers/STM32F4xx_HAL_Driver/Src/stm32f4xx_hal_tim_ex.o
                              0x85e4e (size before relaxing)
 .debug_str     0x00095429      0x26d ./common/third_party/FreeRTOS/list.o
                               0xf0a6 (size before relaxing)
 .debug_str     0x00095696      0xd4a ./common/third_party/FreeRTOS/queue.o
                              0x11827 (size before relaxing)
 .debug_str     0x000963e0     0x1c60 ./common/third_party/FreeRTOS/tasks.o
                              0x12452 (size before relaxing)
 .debug_str     0x00098040      0x54c ./common/third_party/FreeRTOS/timers.o
                              0x11925 (size before relaxing)
 .debug_str     0x0009858c      0x841 ./common/third_party/FreeRTOS/portable/GCC/ARM_CM4F/port.o
                               0xd964 (size before relaxing)
 .debug_str     0x00098dcd      0x5df ./common/third_party/FreeRTOS/portable/MemMang/heap_4.o
                              0x108d0 (size before relaxing)
 .debug_str     0x000993ac      0x143 ./common/third_party/SEGGER/OS/SEGGER_SYSVIEW_FreeRTOS.o
                              0x102fb (size before relaxing)
 .debug_str     0x000994ef     0x1028 ./common/third_party/SEGGER/Rec/segger_uart.o
                              0x8b197 (size before relaxing)
 .debug_str     0x0009a517      0x736 ./common/third_party/SEGGER/SEGGER/SEGGER_RTT.o
                               0x7c13 (size before relaxing)
 .debug_str     0x0009ac4d       0x3c ./common/third_party/SEGGER/SEGGER/SEGGER_RTT_ASM_ARMv7M.o
                                 0x88 (size before relaxing)
 .debug_str     0x0009ac89      0xd64 ./common/third_party/SEGGER/SEGGER/SEGGER_SYSVIEW.o
                               0x9c67 (size before relaxing)
 .debug_str     0x0009b9ed      0x113 ./common/third_party/SEGGER/config/SEGGER_SYSVIEW_Config_FreeRTOS.o
                               0xb417 (size before relaxing)

.comment        0x00000000       0x43
 .comment       0x00000000       0x43 ./Core/Src/main.o
                                 0x44 (size before relaxing)
 .comment       0x00000043       0x44 ./Core/Src/stm32f4xx_hal_msp.o
 .comment       0x00000043       0x44 ./Core/Src/stm32f4xx_hal_timebase_tim.o
 .comment       0x00000043       0x44 ./Core/Src/stm32f4xx_it.o
 .comment       0x00000043       0x44 ./Core/Src/system_stm32f4xx.o
 .comment       0x00000043       0x44 ./Drivers/STM32F4xx_HAL_Driver/Src/stm32f4xx_hal.o
 .comment       0x00000043       0x44 ./Drivers/STM32F4xx_HAL_Driver/Src/stm32f4xx_hal_cortex.o
 .comment       0x00000043       0x44 ./Drivers/STM32F4xx_HAL_Driver/Src/stm32f4xx_hal_gpio.o
 .comment       0x00000043       0x44 ./Drivers/STM32F4xx_HAL_Driver/Src/stm32f4xx_hal_rcc.o
 .comment       0x00000043       0x44 ./Drivers/STM32F4xx_HAL_Driver/Src/stm32f4xx_hal_tim.o
 .comment       0x00000043       0x44 ./Drivers/STM32F4xx_HAL_Driver/Src/stm32f4xx_hal_tim_ex.o
 .comment       0x00000043       0x44 ./common/third_party/FreeRTOS/list.o
 .comment       0x00000043       0x44 ./common/third_party/FreeRTOS/queue.o
 .comment       0x00000043       0x44 ./common/third_party/FreeRTOS/tasks.o
 .comment       0x00000043       0x44 ./common/third_party/FreeRTOS/timers.o
 .comment       0x00000043       0x44 ./common/third_party/FreeRTOS/portable/GCC/ARM_CM4F/port.o
 .comment       0x00000043       0x44 ./common/third_party/FreeRTOS/portable/MemMang/heap_4.o
 .comment       0x00000043       0x44 ./common/third_party/SEGGER/OS/SEGGER_SYSVIEW_FreeRTOS.o
 .comment       0x00000043       0x44 ./common/third_party/SEGGER/Rec/segger_uart.o
 .comment       0x00000043       0x44 ./common/third_party/SEGGER/SEGGER/SEGGER_RTT.o
 .comment       0x00000043       0x44 ./common/third_party/SEGGER/SEGGER/SEGGER_SYSVIEW.o
 .comment       0x00000043       0x44 ./common/third_party/SEGGER/config/SEGGER_SYSVIEW_Config_FreeRTOS.o

.debug_frame    0x00000000     0x5164
 .debug_frame   0x00000000      0x134 ./Core/Src/main.o
 .debug_frame   0x00000134       0x34 ./Core/Src/stm32f4xx_hal_msp.o
 .debug_frame   0x00000168       0x74 ./Core/Src/stm32f4xx_hal_timebase_tim.o
 .debug_frame   0x000001dc       0xc4 ./Core/Src/stm32f4xx_it.o
 .debug_frame   0x000002a0       0x58 ./Core/Src/system_stm32f4xx.o
 .debug_frame   0x000002f8      0x374 ./Drivers/STM32F4xx_HAL_Driver/Src/stm32f4xx_hal.o
 .debug_frame   0x0000066c      0x508 ./Drivers/STM32F4xx_HAL_Driver/Src/stm32f4xx_hal_cortex.o
 .debug_frame   0x00000b74      0x14c ./Drivers/STM32F4xx_HAL_Driver/Src/stm32f4xx_hal_gpio.o
 .debug_frame   0x00000cc0      0x1f4 ./Drivers/STM32F4xx_HAL_Driver/Src/stm32f4xx_hal_rcc.o
 .debug_frame   0x00000eb4     0x11b8 ./Drivers/STM32F4xx_HAL_Driver/Src/stm32f4xx_hal_tim.o
 .debug_frame   0x0000206c      0x638 ./Drivers/STM32F4xx_HAL_Driver/Src/stm32f4xx_hal_tim_ex.o
 .debug_frame   0x000026a4       0xd8 ./common/third_party/FreeRTOS/list.o
 .debug_frame   0x0000277c      0x544 ./common/third_party/FreeRTOS/queue.o
 .debug_frame   0x00002cc0      0x908 ./common/third_party/FreeRTOS/tasks.o
 .debug_frame   0x000035c8      0x3c8 ./common/third_party/FreeRTOS/timers.o
 .debug_frame   0x00003990      0x1d0 ./common/third_party/FreeRTOS/portable/GCC/ARM_CM4F/port.o
 .debug_frame   0x00003b60      0x150 ./common/third_party/FreeRTOS/portable/MemMang/heap_4.o
 .debug_frame   0x00003cb0      0x104 ./common/third_party/SEGGER/OS/SEGGER_SYSVIEW_FreeRTOS.o
 .debug_frame   0x00003db4      0x178 ./common/third_party/SEGGER/Rec/segger_uart.o
 .debug_frame   0x00003f2c      0x530 ./common/third_party/SEGGER/SEGGER/SEGGER_RTT.o
 .debug_frame   0x0000445c      0xbc4 ./common/third_party/SEGGER/SEGGER/SEGGER_SYSVIEW.o
 .debug_frame   0x00005020       0x48 ./common/third_party/SEGGER/config/SEGGER_SYSVIEW_Config_FreeRTOS.o
 .debug_frame   0x00005068       0x28 /Applications/STM32CubeIDE.app/Contents/Eclipse/plugins/com.st.stm32cube.ide.mcu.externaltools.gnu-tools-for-stm32.12.3.rel1.macos64_1.0.200.202406191456/tools/bin/../lib/gcc/arm-none-eabi/12.3.1/../../../../arm-none-eabi/lib/thumb/v7e-m+fp/hard/libc_nano.a(libc_a-memcmp.o)
 .debug_frame   0x00005090       0x20 /Applications/STM32CubeIDE.app/Contents/Eclipse/plugins/com.st.stm32cube.ide.mcu.externaltools.gnu-tools-for-stm32.12.3.rel1.macos64_1.0.200.202406191456/tools/bin/../lib/gcc/arm-none-eabi/12.3.1/../../../../arm-none-eabi/lib/thumb/v7e-m+fp/hard/libc_nano.a(libc_a-memset.o)
 .debug_frame   0x000050b0       0x2c /Applications/STM32CubeIDE.app/Contents/Eclipse/plugins/com.st.stm32cube.ide.mcu.externaltools.gnu-tools-for-stm32.12.3.rel1.macos64_1.0.200.202406191456/tools/bin/../lib/gcc/arm-none-eabi/12.3.1/../../../../arm-none-eabi/lib/thumb/v7e-m+fp/hard/libc_nano.a(libc_a-init.o)
 .debug_frame   0x000050dc       0x28 /Applications/STM32CubeIDE.app/Contents/Eclipse/plugins/com.st.stm32cube.ide.mcu.externaltools.gnu-tools-for-stm32.12.3.rel1.macos64_1.0.200.202406191456/tools/bin/../lib/gcc/arm-none-eabi/12.3.1/../../../../arm-none-eabi/lib/thumb/v7e-m+fp/hard/libc_nano.a(libc_a-memcpy-stub.o)
 .debug_frame   0x00005104       0x2c /Applications/STM32CubeIDE.app/Contents/Eclipse/plugins/com.st.stm32cube.ide.mcu.externaltools.gnu-tools-for-stm32.12.3.rel1.macos64_1.0.200.202406191456/tools/bin/../lib/gcc/arm-none-eabi/12.3.1/thumb/v7e-m+fp/hard/libgcc.a(_aeabi_uldivmod.o)
 .debug_frame   0x00005130       0x34 /Applications/STM32CubeIDE.app/Contents/Eclipse/plugins/com.st.stm32cube.ide.mcu.externaltools.gnu-tools-for-stm32.12.3.rel1.macos64_1.0.200.202406191456/tools/bin/../lib/gcc/arm-none-eabi/12.3.1/thumb/v7e-m+fp/hard/libgcc.a(_udivmoddi4.o)

.debug_line_str
                0x00000000       0xde
 .debug_line_str
                0x00000000       0x64 ./Core/Startup/startup_stm32f411retx.o
 .debug_line_str
                0x00000064       0x7a ./common/third_party/SEGGER/SEGGER/SEGGER_RTT_ASM_ARMv7M.o