Archive member included to satisfy reference by file (symbol)

/Applications/STM32CubeIDE.app/Contents/Eclipse/plugins/com.st.stm32cube.ide.mcu.externaltools.gnu-tools-for-stm32.12.3.rel1.macos64_1.0.200.202406191456/tools/bin/../lib/gcc/arm-none-eabi/12.3.1/../../../../arm-none-eabi/lib/thumb/v7e-m+fp/hard/libc_nano.a(libc_a-exit.o)
                              /Applications/STM32CubeIDE.app/Contents/Eclipse/plugins/com.st.stm32cube.ide.mcu.externaltools.gnu-tools-for-stm32.12.3.rel1.macos64_1.0.200.202406191456/tools/bin/../lib/gcc/arm-none-eabi/12.3.1/../../../../arm-none-eabi/lib/thumb/v7e-m+fp/hard/crt0.o (exit)
/Applications/STM32CubeIDE.app/Contents/Eclipse/plugins/com.st.stm32cube.ide.mcu.externaltools.gnu-tools-for-stm32.12.3.rel1.macos64_1.0.200.202406191456/tools/bin/../lib/gcc/arm-none-eabi/12.3.1/../../../../arm-none-eabi/lib/thumb/v7e-m+fp/hard/libc_nano.a(libc_a-findfp.o)
                              /Applications/STM32CubeIDE.app/Contents/Eclipse/plugins/com.st.stm32cube.ide.mcu.externaltools.gnu-tools-for-stm32.12.3.rel1.macos64_1.0.200.202406191456/tools/bin/../lib/gcc/arm-none-eabi/12.3.1/../../../../arm-none-eabi/lib/thumb/v7e-m+fp/hard/libc_nano.a(libc_a-exit.o) (__stdio_exit_handler)
/Applications/STM32CubeIDE.app/Contents/Eclipse/plugins/com.st.stm32cube.ide.mcu.externaltools.gnu-tools-for-stm32.12.3.rel1.macos64_1.0.200.202406191456/tools/bin/../lib/gcc/arm-none-eabi/12.3.1/../../../../arm-none-eabi/lib/thumb/v7e-m+fp/hard/libc_nano.a(libc_a-fwalk.o)
                              /Applications/STM32CubeIDE.app/Contents/Eclipse/plugins/com.st.stm32cube.ide.mcu.externaltools.gnu-tools-for-stm32.12.3.rel1.macos64_1.0.200.202406191456/tools/bin/../lib/gcc/arm-none-eabi/12.3.1/../../../../arm-none-eabi/lib/thumb/v7e-m+fp/hard/libc_nano.a(libc_a-findfp.o) (_fwalk_sglue)
/Applications/STM32CubeIDE.app/Contents/Eclipse/plugins/com.st.stm32cube.ide.mcu.externaltools.gnu-tools-for-stm32.12.3.rel1.macos64_1.0.200.202406191456/tools/bin/../lib/gcc/arm-none-eabi/12.3.1/../../../../arm-none-eabi/lib/thumb/v7e-m+fp/hard/libc_nano.a(libc_a-memcmp.o)
                              ./common/third_party/SEGGER/OS/SEGGER_SYSVIEW_FreeRTOS.o (memcmp)
/Applications/STM32CubeIDE.app/Contents/Eclipse/plugins/com.st.stm32cube.ide.mcu.externaltools.gnu-tools-for-stm32.12.3.rel1.macos64_1.0.200.202406191456/tools/bin/../lib/gcc/arm-none-eabi/12.3.1/../../../../arm-none-eabi/lib/thumb/v7e-m+fp/hard/libc_nano.a(libc_a-memset.o)
                              /Applications/STM32CubeIDE.app/Contents/Eclipse/plugins/com.st.stm32cube.ide.mcu.externaltools.gnu-tools-for-stm32.12.3.rel1.macos64_1.0.200.202406191456/tools/bin/../lib/gcc/arm-none-eabi/12.3.1/../../../../arm-none-eabi/lib/thumb/v7e-m+fp/hard/crt0.o (memset)
/Applications/STM32CubeIDE.app/Contents/Eclipse/plugins/com.st.stm32cube.ide.mcu.externaltools.gnu-tools-for-stm32.12.3.rel1.macos64_1.0.200.202406191456/tools/bin/../lib/gcc/arm-none-eabi/12.3.1/../../../../arm-none-eabi/lib/thumb/v7e-m+fp/hard/libc_nano.a(libc_a-impure.o)
                              /Applications/STM32CubeIDE.app/Contents/Eclipse/plugins/com.st.stm32cube.ide.mcu.externaltools.gnu-tools-for-stm32.12.3.rel1.macos64_1.0.200.202406191456/tools/bin/../lib/gcc/arm-none-eabi/12.3.1/../../../../arm-none-eabi/lib/thumb/v7e-m+fp/hard/libc_nano.a(libc_a-findfp.o) (_impure_data)
/Applications/STM32CubeIDE.app/Contents/Eclipse/plugins/com.st.stm32cube.ide.mcu.externaltools.gnu-tools-for-stm32.12.3.rel1.macos64_1.0.200.202406191456/tools/bin/../lib/gcc/arm-none-eabi/12.3.1/../../../../arm-none-eabi/lib/thumb/v7e-m+fp/hard/libc_nano.a(libc_a-errno.o)
                              ./Core/Src/syscalls.o (__errno)
/Applications/STM32CubeIDE.app/Contents/Eclipse/plugins/com.st.stm32cube.ide.mcu.externaltools.gnu-tools-for-stm32.12.3.rel1.macos64_1.0.200.202406191456/tools/bin/../lib/gcc/arm-none-eabi/12.3.1/../../../../arm-none-eabi/lib/thumb/v7e-m+fp/hard/libc_nano.a(libc_a-init.o)
                              /Applications/STM32CubeIDE.app/Contents/Eclipse/plugins/com.st.stm32cube.ide.mcu.externaltools.gnu-tools-for-stm32.12.3.rel1.macos64_1.0.200.202406191456/tools/bin/../lib/gcc/arm-none-eabi/12.3.1/../../../../arm-none-eabi/lib/thumb/v7e-m+fp/hard/crt0.o (__libc_init_array)
/Applications/STM32CubeIDE.app/Contents/Eclipse/plugins/com.st.stm32cube.ide.mcu.externaltools.gnu-tools-for-stm32.12.3.rel1.macos64_1.0.200.202406191456/tools/bin/../lib/gcc/arm-none-eabi/12.3.1/../../../../arm-none-eabi/lib/thumb/v7e-m+fp/hard/libc_nano.a(libc_a-lock.o)
                              /Applications/STM32CubeIDE.app/Contents/Eclipse/plugins/com.st.stm32cube.ide.mcu.externaltools.gnu-tools-for-stm32.12.3.rel1.macos64_1.0.200.202406191456/tools/bin/../lib/gcc/arm-none-eabi/12.3.1/../../../../arm-none-eabi/lib/thumb/v7e-m+fp/hard/libc_nano.a(libc_a-findfp.o) (__retarget_lock_init_recursive)
[...]
Memory Configuration

Name             Origin             Length             Attributes
RAM              0x20000000         0x00020000         xrw
FLASH            0x08000000         0x00080000         xr
*default*        0x00000000         0xffffffff

Linker script and memory map

LOAD /Applications/STM32CubeIDE.app/Contents/Eclipse/plugins/com.st.stm32cube.ide.mcu.externaltools.gnu-tools-for-stm32.12.3.rel1.macos64_1.0.200.202406191456/tools/bin/../lib/gcc/arm-none-eabi/12.3.1/thumb/v7e-m+fp/hard/crti.o
LOAD /Applications/STM32CubeIDE.app/Contents/Eclipse/plugins/com.st.stm32cube.ide.mcu.externaltools.gnu-tools-for-stm32.12.3.rel1.macos64_1.0.200.202406191456/tools/bin/../lib/gcc/arm-none-eabi/12.3.1/thumb/v7e-m+fp/hard/crtbegin.o
LOAD /Applications/STM32CubeIDE.app/Contents/Eclipse/plugins/com.st.stm32cube.ide.mcu.externaltools.gnu-tools-for-stm32.12.3.rel1.macos64_1.0.200.202406191456/tools/bin/../lib/gcc/arm-none-eabi/12.3.1/../../../../arm-none-eabi/lib/thumb/v7e-m+fp/hard/crt0.o
LOAD ./Core/Src/main.o
LOAD ./Core/Src/stm32f4xx_hal_msp.o
LOAD ./Core/Src/stm32f4xx_hal_timebase_tim.o
LOAD ./Core/Src/stm32f4xx_it.o
LOAD ./Core/Src/syscalls.o
LOAD ./Core/Src/sysmem.o
LOAD ./Core/Src/system_stm32f4xx.o
LOAD ./Core/Startup/startup_stm32f411retx.o
LOAD ./Drivers/STM32F4xx_HAL_Driver/Src/stm32f4xx_hal.o
LOAD ./Drivers/STM32F4xx_HAL_Driver/Src/stm32f4xx_hal_cortex.o
LOAD ./Drivers/STM32F4xx_HAL_Driver/Src/stm32f4xx_hal_dma.o
LOAD ./Drivers/STM32F4xx_HAL_Driver/Src/stm32f4xx_hal_dma_ex.o
LOAD ./Drivers/STM32F4xx_HAL_Driver/Src/stm32f4xx_hal_exti.o
LOAD ./Drivers/STM32F4xx_HAL_Driver/Src/stm32f4xx_hal_flash.o
LOAD ./Drivers/STM32F4xx_HAL_Driver/Src/stm32f4xx_hal_flash_ex.o
LOAD ./Drivers/STM32F4xx_HAL_Driver/Src/stm32f4xx_hal_flash_ramfunc.o
LOAD ./Drivers/STM32F4xx_HAL_Driver/Src/stm32f4xx_hal_gpio.o
LOAD ./Drivers/STM32F4xx_HAL_Driver/Src/stm32f4xx_hal_pwr.o
LOAD ./Drivers/STM32F4xx_HAL_Driver/Src/stm32f4xx_hal_pwr_ex.o
LOAD ./Drivers/STM32F4xx_HAL_Driver/Src/stm32f4xx_hal_rcc.o
LOAD ./Drivers/STM32F4xx_HAL_Driver/Src/stm32f4xx_hal_rcc_ex.o
LOAD ./Drivers/STM32F4xx_HAL_Driver/Src/stm32f4xx_hal_tim.o
LOAD ./Drivers/STM32F4xx_HAL_Driver/Src/stm32f4xx_hal_tim_ex.o
LOAD ./common/third_party/FreeRTOS/croutine.o
LOAD ./common/third_party/FreeRTOS/event_groups.o
LOAD ./common/third_party/FreeRTOS/list.o
LOAD ./common/third_party/FreeRTOS/queue.o
LOAD ./common/third_party/FreeRTOS/stream_buffer.o
LOAD ./common/third_party/FreeRTOS/tasks.o
LOAD ./common/third_party/FreeRTOS/timers.o
LOAD ./common/third_party/FreeRTOS/portable/GCC/ARM_CM4F/port.o
LOAD ./common/third_party/FreeRTOS/portable/MemMang/heap_4.o
LOAD ./common/third_party/SEGGER/OS/SEGGER_SYSVIEW_FreeRTOS.o
LOAD ./common/third_party/SEGGER/Rec/segger_uart.o
LOAD ./common/third_party/SEGGER/SEGGER/SEGGER_RTT.o
LOAD ./common/third_party/SEGGER/SEGGER/SEGGER_RTT_ASM_ARMv7M.o
LOAD ./common/third_party/SEGGER/SEGGER/SEGGER_RTT_printf.o
LOAD ./common/third_party/SEGGER/SEGGER/SEGGER_SYSVIEW.o
LOAD ./common/third_party/SEGGER/SEGGER/Syscalls/SEGGER_RTT_Syscalls_GCC.o
LOAD ./common/third_party/SEGGER/config/SEGGER_SYSVIEW_Config_FreeRTOS.o
START GROUP
LOAD /Applications/STM32CubeIDE.app/Contents/Eclipse/plugins/com.st.stm32cube.ide.mcu.externaltools.gnu-tools-for-stm32.12.3.rel1.macos64_1.0.200.202406191456/tools/bin/../lib/gcc/arm-none-eabi/12.3.1/../../../../arm-none-eabi/lib/thumb/v7e-m+fp/hard/libc_nano.a
LOAD /Applications/STM32CubeIDE.app/Contents/Eclipse/plugins/com.st.stm32cube.ide.mcu.externaltools.gnu-tools-for-stm32.12.3.rel1.macos64_1.0.200.202406191456/tools/bin/../lib/gcc/arm-none-eabi/12.3.1/../../../../arm-none-eabi/lib/thumb/v7e-m+fp/hard/libm.a
END GROUP
START GROUP
LOAD /Applications/STM32CubeIDE.app/Contents/Eclipse/plugins/com.st.stm32cube.ide.mcu.externaltools.gnu-tools-for-stm32.12.3.rel1.macos64_1.0.200.202406191456/tools/bin/../lib/gcc/arm-none-eabi/12.3.1/thumb/v7e-m+fp/hard/libgcc.a
LOAD /Applications/STM32CubeIDE.app/Contents/Eclipse/plugins/com.st.stm32cube.ide.mcu.externaltools.gnu-tools-for-stm32.12.3.rel1.macos64_1.0.200.202406191456/tools/bin/../lib/gcc/arm-none-eabi/12.3.1/../../../../arm-none-eabi/lib/thumb/v7e-m+fp/hard/libc_nano.a
END GROUP
START GROUP
LOAD /Applications/STM32CubeIDE.app/Contents/Eclipse/plugins/com.st.stm32cube.ide.mcu.externaltools.gnu-tools-for-stm32.12.3.rel1.macos64_1.0.200.202406191456/tools/bin/../lib/gcc/arm-none-eabi/12.3.1/thumb/v7e-m+fp/hard/libgcc.a
LOAD /Applications/STM32CubeIDE.app/Contents/Eclipse/plugins/com.st.stm32cube.ide.mcu.externaltools.gnu-tools-for-stm32.12.3.rel1.macos64_1.0.200.202406191456/tools/bin/../lib/gcc/arm-none-eabi/12.3.1/../../../../arm-none-eabi/lib/thumb/v7e-m+fp/hard/libc_nano.a
LOAD /Applications/STM32CubeIDE.app/Contents/Eclipse/plugins/com.st.stm32cube.ide.mcu.externaltools.gnu-tools-for-stm32.12.3.rel1.macos64_1.0.200.202406191456/tools/bin/../lib/gcc/arm-none-eabi/12.3.1/../../../../arm-none-eabi/lib/thumb/v7e-m+fp/hard/libnosys.a
END GROUP
START GROUP
LOAD /Applications/STM32CubeIDE.app/Contents/Eclipse/plugins/com.st.stm32cube.ide.mcu.externaltools.gnu-tools-for-stm32.12.3.rel1.macos64_1.0.200.202406191456/tools/bin/../lib/gcc/arm-none-eabi/12.3.1/thumb/v7e-m+fp/hard/libgcc.a
LOAD /Applications/STM32CubeIDE.app/Contents/Eclipse/plugins/com.st.stm32cube.ide.mcu.externaltools.gnu-tools-for-stm32.12.3.rel1.macos64_1.0.200.202406191456/tools/bin/../lib/gcc/arm-none-eabi/12.3.1/../../../../arm-none-eabi/lib/thumb/v7e-m+fp/hard/libc_nano.a
LOAD /Applications/STM32CubeIDE.app/Contents/Eclipse/plugins/com.st.stm32cube.ide.mcu.externaltools.gnu-tools-for-stm32.12.3.rel1.macos64_1.0.200.202406191456/tools/bin/../lib/gcc/arm-none-eabi/12.3.1/../../../../arm-none-eabi/lib/thumb/v7e-m+fp/hard/libnosys.a
END GROUP
LOAD /Applications/STM32CubeIDE.app/Contents/Eclipse/plugins/com.st.stm32cube.ide.mcu.externaltools.gnu-tools-for-stm32.12.3.rel1.macos64_1.0.200.202406191456/tools/bin/../lib/gcc/arm-none-eabi/12.3.1/thumb/v7e-m+fp/hard/crtend.o
LOAD /Applications/STM32CubeIDE.app/Contents/Eclipse/plugins/com.st.stm32cube.ide.mcu.externaltools.gnu-tools-for-stm32.12.3.rel1.macos64_1.0.200.202406191456/tools/bin/../lib/gcc/arm-none-eabi/12.3.1/thumb/v7e-m+fp/hard/crtn.o
                0x20020000                        _estack = (ORIGIN (RAM) + LENGTH (RAM))
                0x00000200                        _Min_Heap_Size = 0x200
                0x00000400                        _Min_Stack_Size = 0x400

.isr_vector     0x08000000      0x198
                0x08000000                        . = ALIGN (0x4)
 *(.isr_vector)
 .isr_vector    0x08000000      0x198 ./Core/Startup/startup_stm32f411retx.o
                0x08000000                g_pfnVectors
                0x08000198                        . = ALIGN (0x4)

.text           0x080001a0     0x79cc
                0x080001a0                        . = ALIGN (0x4)
 *(.text)
 .text          0x080001a0       0x40 /Applications/STM32CubeIDE.app/Contents/Eclipse/plugins/com.st.stm32cube.ide.mcu.externaltools.gnu-tools-for-stm32.12.3.rel1.macos64_1.0.200.202406191456/tools/bin/../lib/gcc/arm-none-eabi/12.3.1/thumb/v7e-m+fp/hard/crtbegin.o
 .text          0x080001e0       0x94 ./common/third_party/SEGGER/SEGGER/SEGGER_RTT_ASM_ARMv7M.o
                0x080001e0                SEGGER_RTT_ASM_WriteSkipNoLock
 .text          0x08000274       0x30 /Applications/STM32CubeIDE.app/Contents/Eclipse/plugins/com.st.stm32cube.ide.mcu.externaltools.gnu-tools-for-stm32.12.3.rel1.macos64_1.0.200.202406191456/tools/bin/../lib/gcc/arm-none-eabi/12.3.1/thumb/v7e-m+fp/hard/libgcc.a(_aeabi_uldivmod.o)
                0x08000274                __aeabi_uldivmod
 .text          0x080002a4      0x2bc /Applications/STM32CubeIDE.app/Contents/Eclipse/plugins/com.st.stm32cube.ide.mcu.externaltools.gnu-tools-for-stm32.12.3.rel1.macos64_1.0.200.202406191456/tools/bin/../lib/gcc/arm-none-eabi/12.3.1/thumb/v7e-m+fp/hard/libgcc.a(_udivmoddi4.o)
                0x080002a4                __udivmoddi4
 .text          0x08000560        0x4 /Applications/STM32CubeIDE.app/Contents/Eclipse/plugins/com.st.stm32cube.ide.mcu.externaltools.gnu-tools-for-stm32.12.3.rel1.macos64_1.0.200.202406191456/tools/bin/../lib/gcc/arm-none-eabi/12.3.1/thumb/v7e-m+fp/hard/libgcc.a(_dvmd_tls.o)
                0x08000560                __aeabi_ldiv0
                0x08000560                __aeabi_idiv0
 *(.text*)
 .text.main     0x08000564       0xf0 ./Core/Src/main.o
                0x08000564                main
 .text.SystemClock_Config
                0x08000654       0xd0 ./Core/Src/main.o
                0x08000654                SystemClock_Config
 .text.MX_GPIO_Init
                0x08000724       0xc4 ./Core/Src/main.o
 .text.task1_handler
                0x080007e8      0x108 ./Core/Src/main.o
 .text.task2_handler
                0x080008f0       0xf8 ./Core/Src/main.o
 .text.HAL_TIM_PeriodElapsedCallback
                0x080009e8       0x24 ./Core/Src/main.o
                0x080009e8                HAL_TIM_PeriodElapsedCallback
 .text.Error_Handler
                0x08000a0c        0xc ./Core/Src/main.o
                0x08000a0c                Error_Handler
 .text.HAL_MspInit
                0x08000a18       0x50 ./Core/Src/stm32f4xx_hal_msp.o
                0x08000a18                HAL_MspInit
 .text.HAL_InitTick
                0x08000a68       0xf8 ./Core/Src/stm32f4xx_hal_timebase_tim.o
                0x08000a68                HAL_InitTick
 .text.NMI_Handler
                0x08000b60        0x8 ./Core/Src/stm32f4xx_it.o
                0x08000b60                NMI_Handler
 .text.HardFault_Handler
                0x08000b68        0x8 ./Core/Src/stm32f4xx_it.o
                0x08000b68                HardFault_Handler
 .text.MemManage_Handler
                0x08000b70        0x8 ./Core/Src/stm32f4xx_it.o
                0x08000b70                MemManage_Handler
 .text.BusFault_Handler
                0x08000b78        0x8 ./Core/Src/stm32f4xx_it.o
                0x08000b78                BusFault_Handler
 .text.UsageFault_Handler
                0x08000b80        0x8 ./Core/Src/stm32f4xx_it.o
                0x08000b80                UsageFault_Handler
 .text.DebugMon_Handler
                0x08000b88        0xe ./Core/Src/stm32f4xx_it.o
                0x08000b88                DebugMon_Handler
 *fill*         0x08000b96        0x2 
 .text.TIM4_IRQHandler
                0x08000b98       0x14 ./Core/Src/stm32f4xx_it.o
                0x08000b98                TIM4_IRQHandler
 .text.SystemInit
                0x08000bac       0x24 ./Core/Src/system_stm32f4xx.o
                0x08000bac                SystemInit
 .text.Reset_Handler
                0x08000bd0       0x50 ./Core/Startup/startup_stm32f411retx.o
                0x08000bd0                Reset_Handler
 .text.Default_Handler
                0x08000c20        0x2 ./Core/Startup/startup_stm32f411retx.o
                0x08000c20                DMA1_Stream3_IRQHandler
                0x08000c20                EXTI2_IRQHandler
                0x08000c20                SPI4_IRQHandler
                0x08000c20                TIM1_CC_IRQHandler
                0x08000c20                DMA2_Stream5_IRQHandler
                0x08000c20                DMA1_Stream5_IRQHandler
                0x08000c20                PVD_IRQHandler
                0x08000c20                SDIO_IRQHandler
                0x08000c20                TAMP_STAMP_IRQHandler
                0x08000c20                EXTI3_IRQHandler
                0x08000c20                TIM1_UP_TIM10_IRQHandler
                0x08000c20                I2C3_ER_IRQHandler
                0x08000c20                EXTI0_IRQHandler
                0x08000c20                I2C2_EV_IRQHandler
                0x08000c20                DMA1_Stream2_IRQHandler
                0x08000c20                FPU_IRQHandler
                0x08000c20                DMA2_Stream2_IRQHandler
                0x08000c20                SPI1_IRQHandler
                0x08000c20                TIM1_BRK_TIM9_IRQHandler
                0x08000c20                DMA2_Stream3_IRQHandler
                0x08000c20                USART6_IRQHandler
                0x08000c20                DMA2_Stream0_IRQHandler
                0x08000c20                I2C1_EV_IRQHandler
                0x08000c20                DMA1_Stream6_IRQHandler
                0x08000c20                DMA1_Stream1_IRQHandler
                0x08000c20                TIM3_IRQHandler
                0x08000c20                RCC_IRQHandler
                0x08000c20                Default_Handler
                0x08000c20                EXTI15_10_IRQHandler
                0x08000c20                ADC_IRQHandler
                0x08000c20                DMA1_Stream7_IRQHandler
                0x08000c20                SPI5_IRQHandler
                0x08000c20                TIM5_IRQHandler
                0x08000c20                DMA2_Stream7_IRQHandler
                0x08000c20                I2C3_EV_IRQHandler
                0x08000c20                EXTI9_5_IRQHandler
                0x08000c20                RTC_WKUP_IRQHandler
                0x08000c20                SPI2_IRQHandler
                0x08000c20                DMA1_Stream0_IRQHandler
                0x08000c20                EXTI4_IRQHandler
                0x08000c20                WWDG_IRQHandler
                0x08000c20                TIM2_IRQHandler
                0x08000c20                OTG_FS_WKUP_IRQHandler
                0x08000c20                TIM1_TRG_COM_TIM11_IRQHandler
                0x08000c20                EXTI1_IRQHandler
                0x08000c20                I2C2_ER_IRQHandler
                0x08000c20                DMA2_Stream1_IRQHandler
                0x08000c20                FLASH_IRQHandler
                0x08000c20                DMA2_Stream4_IRQHandler
                0x08000c20                USART1_IRQHandler
                0x08000c20                OTG_FS_IRQHandler
                0x08000c20                SPI3_IRQHandler
                0x08000c20                DMA1_Stream4_IRQHandler
                0x08000c20                I2C1_ER_IRQHandler
                0x08000c20                DMA2_Stream6_IRQHandler
                0x08000c20                RTC_Alarm_IRQHandler
 *fill*         0x08000c22        0x2 
 .text.HAL_Init
                0x08000c24       0x44 ./Drivers/STM32F4xx_HAL_Driver/Src/stm32f4xx_hal.o
                0x08000c24                HAL_Init
 .text.HAL_IncTick
                0x08000c68       0x28 ./Drivers/STM32F4xx_HAL_Driver/Src/stm32f4xx_hal.o
                0x08000c68                HAL_IncTick
 .text.HAL_GetTick
                0x08000c90       0x18 ./Drivers/STM32F4xx_HAL_Driver/Src/stm32f4xx_hal.o
                0x08000c90                HAL_GetTick
 .text.HAL_Delay
                0x08000ca8       0x48 ./Drivers/STM32F4xx_HAL_Driver/Src/stm32f4xx_hal.o
                0x08000ca8                HAL_Delay
 .text.__NVIC_SetPriorityGrouping
                0x08000cf0       0x48 ./Drivers/STM32F4xx_HAL_Driver/Src/stm32f4xx_hal_cortex.o
 .text.__NVIC_GetPriorityGrouping
                0x08000d38       0x1c ./Drivers/STM32F4xx_HAL_Driver/Src/stm32f4xx_hal_cortex.o
 .text.__NVIC_EnableIRQ
                0x08000d54       0x3c ./Drivers/STM32F4xx_HAL_Driver/Src/stm32f4xx_hal_cortex.o
 .text.__NVIC_SetPriority
                0x08000d90       0x54 ./Drivers/STM32F4xx_HAL_Driver/Src/stm32f4xx_hal_cortex.o
 .text.NVIC_EncodePriority
                0x08000de4       0x66 ./Drivers/STM32F4xx_HAL_Driver/Src/stm32f4xx_hal_cortex.o
 .text.HAL_NVIC_SetPriorityGrouping
                0x08000e4a       0x16 ./Drivers/STM32F4xx_HAL_Driver/Src/stm32f4xx_hal_cortex.o
                0x08000e4a                HAL_NVIC_SetPriorityGrouping
 .text.HAL_NVIC_SetPriority
                0x08000e60       0x38 ./Drivers/STM32F4xx_HAL_Driver/Src/stm32f4xx_hal_cortex.o
                0x08000e60                HAL_NVIC_SetPriority
 .text.HAL_NVIC_EnableIRQ
                0x08000e98       0x1c ./Drivers/STM32F4xx_HAL_Driver/Src/stm32f4xx_hal_cortex.o
                0x08000e98                HAL_NVIC_EnableIRQ
 .text.HAL_GPIO_Init
                0x08000eb4      0x308 ./Drivers/STM32F4xx_HAL_Driver/Src/stm32f4xx_hal_gpio.o
                0x08000eb4                HAL_GPIO_Init
 .text.HAL_GPIO_WritePin
                0x080011bc       0x32 ./Drivers/STM32F4xx_HAL_Driver/Src/stm32f4xx_hal_gpio.o
                0x080011bc                HAL_GPIO_WritePin
 *fill*         0x080011ee        0x2 
 .text.HAL_RCC_OscConfig
                0x080011f0      0x4f0 ./Drivers/STM32F4xx_HAL_Driver/Src/stm32f4xx_hal_rcc.o
                0x080011f0                HAL_RCC_OscConfig
 .text.HAL_RCC_ClockConfig
                0x080016e0      0x1cc ./Drivers/STM32F4xx_HAL_Driver/Src/stm32f4xx_hal_rcc.o
                0x080016e0                HAL_RCC_ClockConfig
 .text.HAL_RCC_GetSysClockFreq
                0x080018ac      0x18c ./Drivers/STM32F4xx_HAL_Driver/Src/stm32f4xx_hal_rcc.o
                0x080018ac                HAL_RCC_GetSysClockFreq
 .text.HAL_RCC_GetHCLKFreq
                0x08001a38       0x18 ./Drivers/STM32F4xx_HAL_Driver/Src/stm32f4xx_hal_rcc.o
                0x08001a38                HAL_RCC_GetHCLKFreq
 .text.HAL_RCC_GetPCLK1Freq
                0x08001a50       0x28 ./Drivers/STM32F4xx_HAL_Driver/Src/stm32f4xx_hal_rcc.o
                0x08001a50                HAL_RCC_GetPCLK1Freq
 .text.HAL_RCC_GetClockConfig
                0x08001a78       0x64 ./Drivers/STM32F4xx_HAL_Driver/Src/stm32f4xx_hal_rcc.o
                0x08001a78                HAL_RCC_GetClockConfig
 .text.HAL_TIM_Base_Init
                0x08001adc       0x9e ./Drivers/STM32F4xx_HAL_Driver/Src/stm32f4xx_hal_tim.o
                0x08001adc                HAL_TIM_Base_Init
 .text.HAL_TIM_Base_MspInit
                0x08001b7a       0x14 ./Drivers/STM32F4xx_HAL_Driver/Src/stm32f4xx_hal_tim.o
                0x08001b7a                HAL_TIM_Base_MspInit
 *fill*         0x08001b8e        0x2 
 .text.HAL_TIM_Base_Start_IT
                0x08001b90       0xc4 ./Drivers/STM32F4xx_HAL_Driver/Src/stm32f4xx_hal_tim.o
                0x08001b90                HAL_TIM_Base_Start_IT
 .text.HAL_TIM_IRQHandler
                0x08001c54      0x1e0 ./Drivers/STM32F4xx_HAL_Driver/Src/stm32f4xx_hal_tim.o
                0x08001c54                HAL_TIM_IRQHandler
 .text.HAL_TIM_OC_DelayElapsedCallback
                0x08001e34       0x14 ./Drivers/STM32F4xx_HAL_Driver/Src/stm32f4xx_hal_tim.o
                0x08001e34                HAL_TIM_OC_DelayElapsedCallback
 .text.HAL_TIM_IC_CaptureCallback
                0x08001e48       0x14 ./Drivers/STM32F4xx_HAL_Driver/Src/stm32f4xx_hal_tim.o
                0x08001e48                HAL_TIM_IC_CaptureCallback
 .text.HAL_TIM_PWM_PulseFinishedCallback
                0x08001e5c       0x14 ./Drivers/STM32F4xx_HAL_Driver/Src/stm32f4xx_hal_tim.o
                0x08001e5c                HAL_TIM_PWM_PulseFinishedCallback
 .text.HAL_TIM_TriggerCallback
                0x08001e70       0x14 ./Drivers/STM32F4xx_HAL_Driver/Src/stm32f4xx_hal_tim.o
                0x08001e70                HAL_TIM_TriggerCallback
 .text.TIM_Base_SetConfig
                0x08001e84      0x118 ./Drivers/STM32F4xx_HAL_Driver/Src/stm32f4xx_hal_tim.o
                0x08001e84                TIM_Base_SetConfig
 .text.HAL_TIMEx_CommutCallback
                0x08001f9c       0x14 ./Drivers/STM32F4xx_HAL_Driver/Src/stm32f4xx_hal_tim_ex.o
                0x08001f9c                HAL_TIMEx_CommutCallback
 .text.HAL_TIMEx_BreakCallback
                0x08001fb0       0x14 ./Drivers/STM32F4xx_HAL_Driver/Src/stm32f4xx_hal_tim_ex.o
                0x08001fb0                HAL_TIMEx_BreakCallback
 .text.vListInitialise
                0x08001fc4       0x40 ./common/third_party/FreeRTOS/list.o
                0x08001fc4                vListInitialise
 .text.vListInitialiseItem
                0x08002004       0x1a ./common/third_party/FreeRTOS/list.o
                0x08002004                vListInitialiseItem
 .text.vListInsertEnd
                0x0800201e       0x48 ./common/third_party/FreeRTOS/list.o
                0x0800201e                vListInsertEnd
 .text.vListInsert
                0x08002066       0x72 ./common/third_party/FreeRTOS/list.o
                0x08002066                vListInsert
 .text.uxListRemove
                0x080020d8       0x54 ./common/third_party/FreeRTOS/list.o
                0x080020d8                uxListRemove
 .text.xQueueGenericReset
                0x0800212c      0x124 ./common/third_party/FreeRTOS/queue.o
                0x0800212c                xQueueGenericReset
 .text.xQueueGenericCreate
                0x08002250       0xa6 ./common/third_party/FreeRTOS/queue.o
                0x08002250                xQueueGenericCreate
 .text.prvInitialiseNewQueue
                0x080022f6       0x52 ./common/third_party/FreeRTOS/queue.o
 .text.prvInitialiseMutex
                0x08002348       0x34 ./common/third_party/FreeRTOS/queue.o
 .text.xQueueCreateMutex
                0x0800237c       0x32 ./common/third_party/FreeRTOS/queue.o
                0x0800237c                xQueueCreateMutex
 *fill*         0x080023ae        0x2 
 .text.xQueueGenericSend
                0x080023b0      0x278 ./common/third_party/FreeRTOS/queue.o
                0x080023b0                xQueueGenericSend
 .text.xQueueReceive
                0x08002628      0x228 ./common/third_party/FreeRTOS/queue.o
                0x08002628                xQueueReceive
 .text.xQueueSemaphoreTake
                0x08002850      0x288 ./common/third_party/FreeRTOS/queue.o
                0x08002850                xQueueSemaphoreTake
 .text.prvGetDisinheritPriorityAfterTimeout
                0x08002ad8       0x30 ./common/third_party/FreeRTOS/queue.o
 .text.prvCopyDataToQueue
                0x08002b08       0xd4 ./common/third_party/FreeRTOS/queue.o
 .text.prvCopyDataFromQueue
                0x08002bdc       0x4c ./common/third_party/FreeRTOS/queue.o
 .text.prvUnlockQueue
                0x08002c28       0xa4 ./common/third_party/FreeRTOS/queue.o
 .text.prvIsQueueEmpty
                0x08002ccc       0x2c ./common/third_party/FreeRTOS/queue.o
 .text.prvIsQueueFull
                0x08002cf8       0x30 ./common/third_party/FreeRTOS/queue.o
 .text.vQueueAddToRegistry
                0x08002d28       0xb0 ./common/third_party/FreeRTOS/queue.o
                0x08002d28                vQueueAddToRegistry
 .text.vQueueWaitForMessageRestricted
                0x08002dd8       0x68 ./common/third_party/FreeRTOS/queue.o
                0x08002dd8                vQueueWaitForMessageRestricted
 .text.xTaskCreate
                0x08002e40       0x8c ./common/third_party/FreeRTOS/tasks.o
                0x08002e40                xTaskCreate
 .text.prvInitialiseNewTask
                0x08002ecc      0x120 ./common/third_party/FreeRTOS/tasks.o
 .text.prvAddNewTaskToReadyList
                0x08002fec      0x168 ./common/third_party/FreeRTOS/tasks.o
 .text.vTaskDelay
                0x08003154       0x74 ./common/third_party/FreeRTOS/tasks.o
                0x08003154                vTaskDelay
 .text.uxTaskPriorityGet
                0x080031c8       0x34 ./common/third_party/FreeRTOS/tasks.o
                0x080031c8                uxTaskPriorityGet
 .text.vTaskPrioritySet
                0x080031fc      0x184 ./common/third_party/FreeRTOS/tasks.o
                0x080031fc                vTaskPrioritySet
 .text.vTaskStartScheduler
                0x08003380       0xc4 ./common/third_party/FreeRTOS/tasks.o
                0x08003380                vTaskStartScheduler
 .text.vTaskSuspendAll
                0x08003444       0x1c ./common/third_party/FreeRTOS/tasks.o
                0x08003444                vTaskSuspendAll
 .text.xTaskResumeAll
                0x08003460      0x200 ./common/third_party/FreeRTOS/tasks.o
                0x08003460                xTaskResumeAll
 .text.xTaskGetTickCount
                0x08003660       0x20 ./common/third_party/FreeRTOS/tasks.o
                0x08003660                xTaskGetTickCount
 .text.xTaskGetTickCountFromISR
                0x08003680       0x24 ./common/third_party/FreeRTOS/tasks.o
                0x08003680                xTaskGetTickCountFromISR
 .text.xTaskIncrementTick
                0x080036a4      0x238 ./common/third_party/FreeRTOS/tasks.o
                0x080036a4                xTaskIncrementTick
 .text.vTaskSwitchContext
                0x080038dc       0xd4 ./common/third_party/FreeRTOS/tasks.o
                0x080038dc                vTaskSwitchContext
 .text.vTaskPlaceOnEventList
                0x080039b0       0x4c ./common/third_party/FreeRTOS/tasks.o
                0x080039b0                vTaskPlaceOnEventList
 .text.vTaskPlaceOnEventListRestricted
                0x080039fc       0x94 ./common/third_party/FreeRTOS/tasks.o
                0x080039fc                vTaskPlaceOnEventListRestricted
 .text.xTaskRemoveFromEventList
                0x08003a90      0x1b4 ./common/third_party/FreeRTOS/tasks.o
                0x08003a90                xTaskRemoveFromEventList
 .text.vTaskInternalSetTimeOutState
                0x08003c44       0x2c ./common/third_party/FreeRTOS/tasks.o
                0x08003c44                vTaskInternalSetTimeOutState
 .text.xTaskCheckForTimeOut
                0x08003c70       0xd0 ./common/third_party/FreeRTOS/tasks.o
                0x08003c70                xTaskCheckForTimeOut
 .text.vTaskMissedYield
                0x08003d40       0x18 ./common/third_party/FreeRTOS/tasks.o
                0x08003d40                vTaskMissedYield
 .text.prvIdleTask
                0x08003d58       0x30 ./common/third_party/FreeRTOS/tasks.o
 .text.prvInitialiseTaskLists
                0x08003d88       0x80 ./common/third_party/FreeRTOS/tasks.o
 .text.prvCheckTasksWaitingTermination
                0x08003e08       0x5c ./common/third_party/FreeRTOS/tasks.o
 .text.prvDeleteTCB
                0x08003e64       0x20 ./common/third_party/FreeRTOS/tasks.o
 .text.prvResetNextTaskUnblockTime
                0x08003e84       0x38 ./common/third_party/FreeRTOS/tasks.o
 .text.xTaskGetSchedulerState
                0x08003ebc       0x3c ./common/third_party/FreeRTOS/tasks.o
                0x08003ebc                xTaskGetSchedulerState
 .text.xTaskPriorityInherit
                0x08003ef8       0xf4 ./common/third_party/FreeRTOS/tasks.o
                0x08003ef8                xTaskPriorityInherit
 .text.xTaskPriorityDisinherit
                0x08003fec      0x104 ./common/third_party/FreeRTOS/tasks.o
                0x08003fec                xTaskPriorityDisinherit
 .text.vTaskPriorityDisinheritAfterTimeout
                0x080040f0      0x188 ./common/third_party/FreeRTOS/tasks.o
                0x080040f0                vTaskPriorityDisinheritAfterTimeout
 .text.pvTaskIncrementMutexHeldCount
                0x08004278       0x28 ./common/third_party/FreeRTOS/tasks.o
                0x08004278                pvTaskIncrementMutexHeldCount
 .text.prvAddCurrentTaskToDelayedList
                0x080042a0      0x100 ./common/third_party/FreeRTOS/tasks.o
 .text.xTimerCreateTimerTask
                0x080043a0       0x68 ./common/third_party/FreeRTOS/timers.o
                0x080043a0                xTimerCreateTimerTask
 .text.prvReloadTimer
                0x08004408       0x42 ./common/third_party/FreeRTOS/timers.o
 *fill*         0x0800444a        0x2 
 .text.prvProcessExpiredTimer
                0x0800444c       0x60 ./common/third_party/FreeRTOS/timers.o
 .text.prvTimerTask
                0x080044ac       0x26 ./common/third_party/FreeRTOS/timers.o
 *fill*         0x080044d2        0x2 
 .text.prvProcessTimerOrBlockTask
                0x080044d4       0x9c ./common/third_party/FreeRTOS/timers.o
 .text.prvGetNextExpireTime
                0x08004570       0x48 ./common/third_party/FreeRTOS/timers.o
 .text.prvSampleTimeNow
                0x080045b8       0x40 ./common/third_party/FreeRTOS/timers.o
 .text.prvInsertTimerInActiveList
                0x080045f8       0x84 ./common/third_party/FreeRTOS/timers.o
 .text.prvProcessReceivedCommands
                0x0800467c      0x184 ./common/third_party/FreeRTOS/timers.o
 .text.prvSwitchTimerLists
                0x08004800       0x4c ./common/third_party/FreeRTOS/timers.o
 .text.prvCheckForValidListAndQueue
                0x0800484c       0x70 ./common/third_party/FreeRTOS/timers.o
 .text.pxPortInitialiseStack
                0x080048bc       0x68 ./common/third_party/FreeRTOS/portable/GCC/ARM_CM4F/port.o
                0x080048bc                pxPortInitialiseStack
 .text.prvTaskExitError
                0x08004924       0x5c ./common/third_party/FreeRTOS/portable/GCC/ARM_CM4F/port.o
 .text.SVC_Handler
                0x08004980       0x28 ./common/third_party/FreeRTOS/portable/GCC/ARM_CM4F/port.o
                0x08004980                SVC_Handler
 .text.prvPortStartFirstTask
                0x080049a8       0x2c ./common/third_party/FreeRTOS/portable/GCC/ARM_CM4F/port.o
 .text.xPortStartScheduler
                0x080049d4      0x148 ./common/third_party/FreeRTOS/portable/GCC/ARM_CM4F/port.o
                0x080049d4                xPortStartScheduler
 .text.vInitPrioGroupValue
                0x08004b1c      0x100 ./common/third_party/FreeRTOS/portable/GCC/ARM_CM4F/port.o
                0x08004b1c                vInitPrioGroupValue
 .text.vPortEnterCritical
                0x08004c1c       0x64 ./common/third_party/FreeRTOS/portable/GCC/ARM_CM4F/port.o
                0x08004c1c                vPortEnterCritical
 .text.vPortExitCritical
                0x08004c80       0x54 ./common/third_party/FreeRTOS/portable/GCC/ARM_CM4F/port.o
                0x08004c80                vPortExitCritical
 *fill*         0x08004cd4        0xc 
 .text.PendSV_Handler
                0x08004ce0       0x68 ./common/third_party/FreeRTOS/portable/GCC/ARM_CM4F/port.o
                0x08004ce0                PendSV_Handler
 .text.SysTick_Handler
                0x08004d48       0x54 ./common/third_party/FreeRTOS/portable/GCC/ARM_CM4F/port.o
                0x08004d48                SysTick_Handler
 .text.vPortSetupTimerInterrupt
                0x08004d9c       0x48 ./common/third_party/FreeRTOS/portable/GCC/ARM_CM4F/port.o
                0x08004d9c                vPortSetupTimerInterrupt
 .text.vPortEnableVFP
                0x08004de4       0x18 ./common/third_party/FreeRTOS/portable/GCC/ARM_CM4F/port.o
 .text.vPortValidateInterruptPriority
                0x08004dfc       0x84 ./common/third_party/FreeRTOS/portable/GCC/ARM_CM4F/port.o
                0x08004dfc                vPortValidateInterruptPriority
 .text.pvPortMalloc
                0x08004e80      0x178 ./common/third_party/FreeRTOS/portable/MemMang/heap_4.o
                0x08004e80                pvPortMalloc
 .text.vPortFree
                0x08004ff8       0xbc ./common/third_party/FreeRTOS/portable/MemMang/heap_4.o
                0x08004ff8                vPortFree
 .text.prvHeapInit
                0x080050b4       0xb8 ./common/third_party/FreeRTOS/portable/MemMang/heap_4.o
 .text.prvInsertBlockIntoFreeList
                0x0800516c       0xb4 ./common/third_party/FreeRTOS/portable/MemMang/heap_4.o
 .text._cbSendTaskList
                0x08005220       0x90 ./common/third_party/SEGGER/OS/SEGGER_SYSVIEW_FreeRTOS.o
 .text._cbGetTime
                0x080052b0       0x86 ./common/third_party/SEGGER/OS/SEGGER_SYSVIEW_FreeRTOS.o
 *fill*         0x08005336        0x2 
 .text.SYSVIEW_AddTask
                0x08005338       0xd0 ./common/third_party/SEGGER/OS/SEGGER_SYSVIEW_FreeRTOS.o
                0x08005338                SYSVIEW_AddTask
 .text.SYSVIEW_UpdateTask
                0x08005408       0xe0 ./common/third_party/SEGGER/OS/SEGGER_SYSVIEW_FreeRTOS.o
                0x08005408                SYSVIEW_UpdateTask
 .text.SYSVIEW_SendTaskInfo
                0x080054e8       0x42 ./common/third_party/SEGGER/OS/SEGGER_SYSVIEW_FreeRTOS.o
                0x080054e8                SYSVIEW_SendTaskInfo
 *fill*         0x0800552a        0x2 
 .text.__NVIC_EnableIRQ
                0x0800552c       0x3c ./common/third_party/SEGGER/Rec/segger_uart.o
 .text.__NVIC_SetPriority
                0x08005568       0x54 ./common/third_party/SEGGER/Rec/segger_uart.o
 .text._StartSysView
                0x080055bc       0x1e ./common/third_party/SEGGER/Rec/segger_uart.o
 *fill*         0x080055da        0x2 
 .text._cbOnUARTRx
                0x080055dc       0x40 ./common/third_party/SEGGER/Rec/segger_uart.o
 .text._cbOnUARTTx
                0x0800561c       0x64 ./common/third_party/SEGGER/Rec/segger_uart.o
 .text.SEGGER_UART_init
                0x08005680       0x24 ./common/third_party/SEGGER/Rec/segger_uart.o
                0x08005680                SEGGER_UART_init
 .text.USART2_IRQHandler
                0x080056a4       0x94 ./common/third_party/SEGGER/Rec/segger_uart.o
                0x080056a4                USART2_IRQHandler
 .text.HIF_UART_EnableTXEInterrupt
                0x08005738       0x20 ./common/third_party/SEGGER/Rec/segger_uart.o
                0x08005738                HIF_UART_EnableTXEInterrupt
 .text.HIF_UART_Init
                0x08005758       0xf4 ./common/third_party/SEGGER/Rec/segger_uart.o
                0x08005758                HIF_UART_Init
 .text._DoInit  0x0800584c       0xb0 ./common/third_party/SEGGER/SEGGER/SEGGER_RTT.o
 .text._WriteBlocking
                0x080058fc       0xba ./common/third_party/SEGGER/SEGGER/SEGGER_RTT.o
 .text._WriteNoCheck
                0x080059b6       0x90 ./common/third_party/SEGGER/SEGGER/SEGGER_RTT.o
 .text._GetAvailWriteSpace
                0x08005a46       0x46 ./common/third_party/SEGGER/SEGGER/SEGGER_RTT.o
 .text.SEGGER_RTT_ReadUpBufferNoLock
                0x08005a8c      0x10c ./common/third_party/SEGGER/SEGGER/SEGGER_RTT.o
                0x08005a8c                SEGGER_RTT_ReadUpBufferNoLock
 .text.SEGGER_RTT_ReadNoLock
                0x08005b98      0x10c ./common/third_party/SEGGER/SEGGER/SEGGER_RTT.o
                0x08005b98                SEGGER_RTT_ReadNoLock
 .text.SEGGER_RTT_WriteDownBufferNoLock
                0x08005ca4       0xa0 ./common/third_party/SEGGER/SEGGER/SEGGER_RTT.o
                0x08005ca4                SEGGER_RTT_WriteDownBufferNoLock
 .text.SEGGER_RTT_WriteDownBuffer
                0x08005d44       0x4c ./common/third_party/SEGGER/SEGGER/SEGGER_RTT.o
                0x08005d44                SEGGER_RTT_WriteDownBuffer
 .text.SEGGER_RTT_AllocUpBuffer
                0x08005d90      0x108 ./common/third_party/SEGGER/SEGGER/SEGGER_RTT.o
                0x08005d90                SEGGER_RTT_AllocUpBuffer
 .text.SEGGER_RTT_ConfigDownBuffer
                0x08005e98       0xe0 ./common/third_party/SEGGER/SEGGER/SEGGER_RTT.o
                0x08005e98                SEGGER_RTT_ConfigDownBuffer
 .text._EncodeStr
                0x08005f78       0x9a ./common/third_party/SEGGER/SEGGER/SEGGER_SYSVIEW.o
 .text._PreparePacket
                0x08006012       0x18 ./common/third_party/SEGGER/SEGGER/SEGGER_SYSVIEW.o
 *fill*         0x0800602a        0x2 
 .text._HandleIncomingPacket
                0x0800602c       0xe0 ./common/third_party/SEGGER/SEGGER/SEGGER_SYSVIEW.o
 .text._TrySendOverflowPacket
                0x0800610c       0xe8 ./common/third_party/SEGGER/SEGGER/SEGGER_SYSVIEW.o
 .text._SendPacket
                0x080061f4      0x1d0 ./common/third_party/SEGGER/SEGGER/SEGGER_SYSVIEW.o
 .text._StoreChar
                0x080063c4       0xf6 ./common/third_party/SEGGER/SEGGER/SEGGER_SYSVIEW.o
 *fill*         0x080064ba        0x2 
 .text._PrintUnsigned
                0x080064bc      0x12c ./common/third_party/SEGGER/SEGGER/SEGGER_SYSVIEW.o
 .text._PrintInt
                0x080065e8      0x11e ./common/third_party/SEGGER/SEGGER/SEGGER_SYSVIEW.o
 *fill*         0x08006706        0x2 
 .text._VPrintTarget
                0x08006708      0x3f0 ./common/third_party/SEGGER/SEGGER/SEGGER_SYSVIEW.o
 .text.SEGGER_SYSVIEW_Init
                0x08006af8       0x88 ./common/third_party/SEGGER/SEGGER/SEGGER_SYSVIEW.o
                0x08006af8                SEGGER_SYSVIEW_Init
 .text.SEGGER_SYSVIEW_SetRAMBase
                0x08006b80       0x20 ./common/third_party/SEGGER/SEGGER/SEGGER_SYSVIEW.o
                0x08006b80                SEGGER_SYSVIEW_SetRAMBase
 .text.SEGGER_SYSVIEW_RecordVoid
                0x08006ba0       0x3c ./common/third_party/SEGGER/SEGGER/SEGGER_SYSVIEW.o
                0x08006ba0                SEGGER_SYSVIEW_RecordVoid
 .text.SEGGER_SYSVIEW_RecordU32
                0x08006bdc       0x78 ./common/third_party/SEGGER/SEGGER/SEGGER_SYSVIEW.o
                0x08006bdc                SEGGER_SYSVIEW_RecordU32
 .text.SEGGER_SYSVIEW_RecordU32x2
                0x08006c54       0xb4 ./common/third_party/SEGGER/SEGGER/SEGGER_SYSVIEW.o
                0x08006c54                SEGGER_SYSVIEW_RecordU32x2
 .text.SEGGER_SYSVIEW_RecordU32x3
                0x08006d08       0xec ./common/third_party/SEGGER/SEGGER/SEGGER_SYSVIEW.o
                0x08006d08                SEGGER_SYSVIEW_RecordU32x3
 .text.SEGGER_SYSVIEW_RecordU32x4
                0x08006df4      0x124 ./common/third_party/SEGGER/SEGGER/SEGGER_SYSVIEW.o
                0x08006df4                SEGGER_SYSVIEW_RecordU32x4
 .text.SEGGER_SYSVIEW_Start
                0x08006f18      0x178 ./common/third_party/SEGGER/SEGGER/SEGGER_SYSVIEW.o
                0x08006f18                SEGGER_SYSVIEW_Start
 .text.SEGGER_SYSVIEW_Stop
                0x08007090       0x4c ./common/third_party/SEGGER/SEGGER/SEGGER_SYSVIEW.o
                0x08007090                SEGGER_SYSVIEW_Stop
 .text.SEGGER_SYSVIEW_GetSysDesc
                0x080070dc      0x134 ./common/third_party/SEGGER/SEGGER/SEGGER_SYSVIEW.o
                0x080070dc                SEGGER_SYSVIEW_GetSysDesc
 .text.SEGGER_SYSVIEW_SendTaskInfo
                0x08007210      0x1c8 ./common/third_party/SEGGER/SEGGER/SEGGER_SYSVIEW.o
                0x08007210                SEGGER_SYSVIEW_SendTaskInfo
 .text.SEGGER_SYSVIEW_SendTaskList
                0x080073d8       0x28 ./common/third_party/SEGGER/SEGGER/SEGGER_SYSVIEW.o
                0x080073d8                SEGGER_SYSVIEW_SendTaskList
 .text.SEGGER_SYSVIEW_SendSysDesc
                0x08007400       0x48 ./common/third_party/SEGGER/SEGGER/SEGGER_SYSVIEW.o
                0x08007400                SEGGER_SYSVIEW_SendSysDesc
 .text.SEGGER_SYSVIEW_RecordSystime
                0x08007448       0x64 ./common/third_party/SEGGER/SEGGER/SEGGER_SYSVIEW.o
                0x08007448                SEGGER_SYSVIEW_RecordSystime
 .text.SEGGER_SYSVIEW_RecordEnterISR
                0x080074ac       0x84 ./common/third_party/SEGGER/SEGGER/SEGGER_SYSVIEW.o
                0x080074ac                SEGGER_SYSVIEW_RecordEnterISR
 .text.SEGGER_SYSVIEW_RecordExitISR
                0x08007530       0x38 ./common/third_party/SEGGER/SEGGER/SEGGER_SYSVIEW.o
                0x08007530                SEGGER_SYSVIEW_RecordExitISR
 .text.SEGGER_SYSVIEW_RecordExitISRToScheduler
                0x08007568       0x38 ./common/third_party/SEGGER/SEGGER/SEGGER_SYSVIEW.o
                0x08007568                SEGGER_SYSVIEW_RecordExitISRToScheduler
 .text.SEGGER_SYSVIEW_OnIdle
                0x080075a0       0x38 ./common/third_party/SEGGER/SEGGER/SEGGER_SYSVIEW.o
                0x080075a0                SEGGER_SYSVIEW_OnIdle
 .text.SEGGER_SYSVIEW_OnTaskCreate
                0x080075d8       0x84 ./common/third_party/SEGGER/SEGGER/SEGGER_SYSVIEW.o
                0x080075d8                SEGGER_SYSVIEW_OnTaskCreate
 .text.SEGGER_SYSVIEW_OnTaskStartExec
                0x0800765c       0x84 ./common/third_party/SEGGER/SEGGER/SEGGER_SYSVIEW.o
                0x0800765c                SEGGER_SYSVIEW_OnTaskStartExec
 .text.SEGGER_SYSVIEW_OnTaskStartReady
                0x080076e0       0x84 ./common/third_party/SEGGER/SEGGER/SEGGER_SYSVIEW.o
                0x080076e0                SEGGER_SYSVIEW_OnTaskStartReady
 .text.SEGGER_SYSVIEW_ShrinkId
                0x08007764       0x20 ./common/third_party/SEGGER/SEGGER/SEGGER_SYSVIEW.o
                0x08007764                SEGGER_SYSVIEW_ShrinkId
 .text.SEGGER_SYSVIEW_SendModule
                0x08007784      0x100 ./common/third_party/SEGGER/SEGGER/SEGGER_SYSVIEW.o
                0x08007784                SEGGER_SYSVIEW_SendModule
 .text.SEGGER_SYSVIEW_SendModuleDescription
                0x08007884       0x3c ./common/third_party/SEGGER/SEGGER/SEGGER_SYSVIEW.o
                0x08007884                SEGGER_SYSVIEW_SendModuleDescription
 .text.SEGGER_SYSVIEW_SendNumModules
                0x080078c0       0x7c ./common/third_party/SEGGER/SEGGER/SEGGER_SYSVIEW.o
                0x080078c0                SEGGER_SYSVIEW_SendNumModules
 .text.SEGGER_SYSVIEW_PrintfTarget
                0x0800793c       0x28 ./common/third_party/SEGGER/SEGGER/SEGGER_SYSVIEW.o
                0x0800793c                SEGGER_SYSVIEW_PrintfTarget
 .text.SEGGER_SYSVIEW_Warn
                0x08007964       0xb8 ./common/third_party/SEGGER/SEGGER/SEGGER_SYSVIEW.o
                0x08007964                SEGGER_SYSVIEW_Warn
 .text.SEGGER_SYSVIEW_IsStarted
                0x08007a1c       0x5c ./common/third_party/SEGGER/SEGGER/SEGGER_SYSVIEW.o
                0x08007a1c                SEGGER_SYSVIEW_IsStarted
 .text._cbSendSystemDesc
                0x08007a78       0x1c ./common/third_party/SEGGER/config/SEGGER_SYSVIEW_Config_FreeRTOS.o
 .text.SEGGER_SYSVIEW_Conf
                0x08007a94       0x2c ./common/third_party/SEGGER/config/SEGGER_SYSVIEW_Config_FreeRTOS.o
                0x08007a94                SEGGER_SYSVIEW_Conf
 .text.memcmp   0x08007ac0       0x20 /Applications/STM32CubeIDE.app/Contents/Eclipse/plugins/com.st.stm32cube.ide.mcu.externaltools.gnu-tools-for-stm32.12.3.rel1.macos64_1.0.200.202406191456/tools/bin/../lib/gcc/arm-none-eabi/12.3.1/../../../../arm-none-eabi/lib/thumb/v7e-m+fp/hard/libc_nano.a(libc_a-memcmp.o)
                0x08007ac0                memcmp
 .text.memset   0x08007ae0       0x10 /Applications/STM32CubeIDE.app/Contents/Eclipse/plugins/com.st.stm32cube.ide.mcu.externaltools.gnu-tools-for-stm32.12.3.rel1.macos64_1.0.200.202406191456/tools/bin/../lib/gcc/arm-none-eabi/12.3.1/../../../../arm-none-eabi/lib/thumb/v7e-m+fp/hard/libc_nano.a(libc_a-memset.o)
                0x08007ae0                memset
 .text.__libc_init_array
                0x08007af0       0x48 /Applications/STM32CubeIDE.app/Contents/Eclipse/plugins/com.st.stm32cube.ide.mcu.externaltools.gnu-tools-for-stm32.12.3.rel1.macos64_1.0.200.202406191456/tools/bin/../lib/gcc/arm-none-eabi/12.3.1/../../../../arm-none-eabi/lib/thumb/v7e-m+fp/hard/libc_nano.a(libc_a-init.o)
                0x08007af0                __libc_init_array
 .text.memcpy   0x08007b38       0x1c /Applications/STM32CubeIDE.app/Contents/Eclipse/plugins/com.st.stm32cube.ide.mcu.externaltools.gnu-tools-for-stm32.12.3.rel1.macos64_1.0.200.202406191456/tools/bin/../lib/gcc/arm-none-eabi/12.3.1/../../../../arm-none-eabi/lib/thumb/v7e-m+fp/hard/libc_nano.a(libc_a-memcpy-stub.o)
                0x08007b38                memcpy
 *(.glue_7)
 .glue_7        0x08007b54        0x0 linker stubs
 *(.glue_7t)
 .glue_7t       0x08007b54        0x0 linker stubs
 *(.eh_frame)
 .eh_frame      0x08007b54        0x0 /Applications/STM32CubeIDE.app/Contents/Eclipse/plugins/com.st.stm32cube.ide.mcu.externaltools.gnu-tools-for-stm32.12.3.rel1.macos64_1.0.200.202406191456/tools/bin/../lib/gcc/arm-none-eabi/12.3.1/thumb/v7e-m+fp/hard/crtbegin.o
 *(.init)
 .init          0x08007b54        0x4 /Applications/STM32CubeIDE.app/Contents/Eclipse/plugins/com.st.stm32cube.ide.mcu.externaltools.gnu-tools-for-stm32.12.3.rel1.macos64_1.0.200.202406191456/tools/bin/../lib/gcc/arm-none-eabi/12.3.1/thumb/v7e-m+fp/hard/crti.o
                0x08007b54                _init
 .init          0x08007b58        0x8 /Applications/STM32CubeIDE.app/Contents/Eclipse/plugins/com.st.stm32cube.ide.mcu.externaltools.gnu-tools-for-stm32.12.3.rel1.macos64_1.0.200.202406191456/tools/bin/../lib/gcc/arm-none-eabi/12.3.1/thumb/v7e-m+fp/hard/crtn.o
 *(.fini)
 .fini          0x08007b60        0x4 /Applications/STM32CubeIDE.app/Contents/Eclipse/plugins/com.st.stm32cube.ide.mcu.externaltools.gnu-tools-for-stm32.12.3.rel1.macos64_1.0.200.202406191456/tools/bin/../lib/gcc/arm-none-eabi/12.3.1/thumb/v7e-m+fp/hard/crti.o
                0x08007b60                _fini
 .fini          0x08007b64        0x8 /Applications/STM32CubeIDE.app/Contents/Eclipse/plugins/com.st.stm32cube.ide.mcu.externaltools.gnu-tools-for-stm32.12.3.rel1.macos64_1.0.200.202406191456/tools/bin/../lib/gcc/arm-none-eabi/12.3.1/thumb/v7e-m+fp/hard/crtn.o
                0x08007b6c                        . = ALIGN (0x4)
                0x08007b6c                        _etext = .

.vfp11_veneer   0x08007b6c        0x0
 .vfp11_veneer  0x08007b6c        0x0 linker stubs

.v4_bx          0x08007b6c        0x0
 .v4_bx         0x08007b6c        0x0 linker stubs

.iplt           0x08007b6c        0x0
 .iplt          0x08007b6c        0x0 /Applications/STM32CubeIDE.app/Contents/Eclipse/plugins/com.st.stm32cube.ide.mcu.externaltools.gnu-tools-for-stm32.12.3.rel1.macos64_1.0.200.202406191456/tools/bin/../lib/gcc/arm-none-eabi/12.3.1/thumb/v7e-m+fp/hard/crtbegin.o

.rodata         0x08007b6c      0x3d8
                0x08007b6c                        . = ALIGN (0x4)
 *(.rodata)
 .rodata        0x08007b6c      0x2c2 ./Core/Src/main.o
 *fill*         0x08007e2e        0x2 
 .rodata        0x08007e30        0x5 ./common/third_party/FreeRTOS/tasks.o
 *fill*         0x08007e35        0x3 
 .rodata        0x08007e38        0xd ./common/third_party/FreeRTOS/timers.o
 *fill*         0x08007e45        0x3 
 .rodata        0x08007e48       0x58 ./common/third_party/SEGGER/OS/SEGGER_SYSVIEW_FreeRTOS.o
 .rodata        0x08007ea0       0x17 ./common/third_party/SEGGER/SEGGER/SEGGER_RTT.o
 *fill*         0x08007eb7        0x1 
 .rodata        0x08007eb8        0x8 ./common/third_party/SEGGER/SEGGER/SEGGER_SYSVIEW.o
 .rodata        0x08007ec0       0x41 ./common/third_party/SEGGER/config/SEGGER_SYSVIEW_Config_FreeRTOS.o
 *(.rodata*)
 *fill*         0x08007f01        0x3 
 .rodata.AHBPrescTable
                0x08007f04       0x10 ./Core/Src/system_stm32f4xx.o
                0x08007f04                AHBPrescTable
 .rodata.APBPrescTable
                0x08007f14        0x8 ./Core/Src/system_stm32f4xx.o
                0x08007f14                APBPrescTable
 .rodata.SYSVIEW_X_OS_TraceAPI
                0x08007f1c        0x8 ./common/third_party/SEGGER/OS/SEGGER_SYSVIEW_FreeRTOS.o
                0x08007f1c                SYSVIEW_X_OS_TraceAPI
 .rodata._abHelloMsg
                0x08007f24        0x4 ./common/third_party/SEGGER/Rec/segger_uart.o
 .rodata._abSync
                0x08007f28        0xa ./common/third_party/SEGGER/SEGGER/SEGGER_SYSVIEW.o
 *fill*         0x08007f32        0x2 
 .rodata._aV2C.0
                0x08007f34       0x10 ./common/third_party/SEGGER/SEGGER/SEGGER_SYSVIEW.o
                0x08007f44                        . = ALIGN (0x4)

.ARM.extab      0x08007f44        0x0
                0x08007f44                        . = ALIGN (0x4)
 *(.ARM.extab* .gnu.linkonce.armextab.*)
                0x08007f44                        . = ALIGN (0x4)

.ARM            0x08007f44        0x8
                0x08007f44                        . = ALIGN (0x4)
                0x08007f44                        __exidx_start = .
 *(.ARM.exidx*)
 .ARM.exidx     0x08007f44        0x8 /Applications/STM32CubeIDE.app/Contents/Eclipse/plugins/com.st.stm32cube.ide.mcu.externaltools.gnu-tools-for-stm32.12.3.rel1.macos64_1.0.200.202406191456/tools/bin/../lib/gcc/arm-none-eabi/12.3.1/thumb/v7e-m+fp/hard/libgcc.a(_udivmoddi4.o)
                0x08007f4c                        __exidx_end = .
                0x08007f4c                        . = ALIGN (0x4)

.rel.dyn        0x08007f4c        0x0
 .rel.iplt      0x08007f4c        0x0 /Applications/STM32CubeIDE.app/Contents/Eclipse/plugins/com.st.stm32cube.ide.mcu.externaltools.gnu-tools-for-stm32.12.3.rel1.macos64_1.0.200.202406191456/tools/bin/../lib/gcc/arm-none-eabi/12.3.1/thumb/v7e-m+fp/hard/crtbegin.o

.preinit_array  0x08007f4c        0x0
                0x08007f4c                        . = ALIGN (0x4)
                0x08007f4c                        PROVIDE (__preinit_array_start = .)
 *(.preinit_array*)
                0x08007f4c                        PROVIDE (__preinit_array_end = .)
                0x08007f4c                        . = ALIGN (0x4)

.init_array     0x08007f4c        0x4
                0x08007f4c                        . = ALIGN (0x4)
                0x08007f4c                        PROVIDE (__init_array_start = .)
 *(SORT_BY_NAME(.init_array.*))
 *(.init_array*)
 .init_array    0x08007f4c        0x4 /Applications/STM32CubeIDE.app/Contents/Eclipse/plugins/com.st.stm32cube.ide.mcu.externaltools.gnu-tools-for-stm32.12.3.rel1.macos64_1.0.200.202406191456/tools/bin/../lib/gcc/arm-none-eabi/12.3.1/thumb/v7e-m+fp/hard/crtbegin.o
                0x08007f50                        PROVIDE (__init_array_end = .)
                0x08007f50                        . = ALIGN (0x4)

.fini_array     0x08007f50        0x4
                0x08007f50                        . = ALIGN (0x4)
                [!provide]                        PROVIDE (__fini_array_start = .)
 *(SORT_BY_NAME(.fini_array.*))
 *(.fini_array*)
 .fini_array    0x08007f50        0x4 /Applications/STM32CubeIDE.app/Contents/Eclipse/plugins/com.st.stm32cube.ide.mcu.externaltools.gnu-tools-for-stm32.12.3.rel1.macos64_1.0.200.202406191456/tools/bin/../lib/gcc/arm-none-eabi/12.3.1/thumb/v7e-m+fp/hard/crtbegin.o
                [!provide]                        PROVIDE (__fini_array_end = .)
                0x08007f54                        . = ALIGN (0x4)
                0x08007f54                        _sidata = LOADADDR (.data)

.data           0x20000000       0x1c load address 0x08007f54
                0x20000000                        . = ALIGN (0x4)
                0x20000000                        _sdata = .
 *(.data)
 *(.data*)
 .data.SystemCoreClock
                0x20000000        0x4 ./Core/Src/system_stm32f4xx.o
                0x20000000                SystemCoreClock
 .data.uwTickPrio
                0x20000004        0x4 ./Drivers/STM32F4xx_HAL_Driver/Src/stm32f4xx_hal.o
                0x20000004                uwTickPrio
 .data.uwTickFreq
                0x20000008        0x1 ./Drivers/STM32F4xx_HAL_Driver/Src/stm32f4xx_hal.o
                0x20000008                uwTickFreq
 *fill*         0x20000009        0x3 
 .data.uxTopUsedPriority
                0x2000000c        0x4 ./common/third_party/FreeRTOS/tasks.o
                0x2000000c                uxTopUsedPriority
 .data.uxCriticalNesting
                0x20000010        0x4 ./common/third_party/FreeRTOS/portable/GCC/ARM_CM4F/port.o
 .data._SVInfo  0x20000014        0x8 ./common/third_party/SEGGER/Rec/segger_uart.o
 *(.RamFunc)
 *(.RamFunc*)
                0x2000001c                        . = ALIGN (0x4)
                0x2000001c                        _edata = .

.igot.plt       0x2000001c        0x0 load address 0x08007f70
 .igot.plt      0x2000001c        0x0 /Applications/STM32CubeIDE.app/Contents/Eclipse/plugins/com.st.stm32cube.ide.mcu.externaltools.gnu-tools-for-stm32.12.3.rel1.macos64_1.0.200.202406191456/tools/bin/../lib/gcc/arm-none-eabi/12.3.1/thumb/v7e-m+fp/hard/crtbegin.o
                0x2000001c                        . = ALIGN (0x4)

.bss            0x2000001c    0x144a0 load address 0x08007f70
                0x2000001c                        _sbss = .
                0x2000001c                        __bss_start__ = _sbss
 *(.bss)
 .bss           0x2000001c       0x1c /Applications/STM32CubeIDE.app/Contents/Eclipse/plugins/com.st.stm32cube.ide.mcu.externaltools.gnu-tools-for-stm32.12.3.rel1.macos64_1.0.200.202406191456/tools/bin/../lib/gcc/arm-none-eabi/12.3.1/thumb/v7e-m+fp/hard/crtbegin.o
 *(.bss*)
 .bss.xSemaphore1
                0x20000038        0x4 ./Core/Src/main.o
                0x20000038                xSemaphore1
 .bss.xSemaphore2
                0x2000003c        0x4 ./Core/Src/main.o
                0x2000003c                xSemaphore2
 .bss.task1_handle
                0x20000040        0x4 ./Core/Src/main.o
                0x20000040                task1_handle
 .bss.task2_handle
                0x20000044        0x4 ./Core/Src/main.o
                0x20000044                task2_handle
 .bss.nxt_del_handle
                0x20000048        0x4 ./Core/Src/main.o
                0x20000048                nxt_del_handle
 .bss.htim4     0x2000004c       0x48 ./Core/Src/stm32f4xx_hal_timebase_tim.o
                0x2000004c                htim4
 .bss.uwTick    0x20000094        0x4 ./Drivers/STM32F4xx_HAL_Driver/Src/stm32f4xx_hal.o
                0x20000094                uwTick
 .bss.xQueueRegistry
                0x20000098       0x40 ./common/third_party/FreeRTOS/queue.o
                0x20000098                xQueueRegistry
 .bss.pxCurrentTCB
                0x200000d8        0x4 ./common/third_party/FreeRTOS/tasks.o
                0x200000d8                pxCurrentTCB
 .bss.pxReadyTasksLists
                0x200000dc       0x64 ./common/third_party/FreeRTOS/tasks.o
 .bss.xDelayedTaskList1
                0x20000140       0x14 ./common/third_party/FreeRTOS/tasks.o
 .bss.xDelayedTaskList2
                0x20000154       0x14 ./common/third_party/FreeRTOS/tasks.o
 .bss.pxDelayedTaskList
                0x20000168        0x4 ./common/third_party/FreeRTOS/tasks.o
 .bss.pxOverflowDelayedTaskList
                0x2000016c        0x4 ./common/third_party/FreeRTOS/tasks.o
 .bss.xPendingReadyList
                0x20000170       0x14 ./common/third_party/FreeRTOS/tasks.o
 .bss.xTasksWaitingTermination
                0x20000184       0x14 ./common/third_party/FreeRTOS/tasks.o
 .bss.uxDeletedTasksWaitingCleanUp
                0x20000198        0x4 ./common/third_party/FreeRTOS/tasks.o
 .bss.xSuspendedTaskList
                0x2000019c       0x14 ./common/third_party/FreeRTOS/tasks.o
 .bss.uxCurrentNumberOfTasks
                0x200001b0        0x4 ./common/third_party/FreeRTOS/tasks.o
 .bss.xTickCount
                0x200001b4        0x4 ./common/third_party/FreeRTOS/tasks.o
 .bss.uxTopReadyPriority
                0x200001b8        0x4 ./common/third_party/FreeRTOS/tasks.o
 .bss.xSchedulerRunning
                0x200001bc        0x4 ./common/third_party/FreeRTOS/tasks.o
 .bss.xPendedTicks
                0x200001c0        0x4 ./common/third_party/FreeRTOS/tasks.o
 .bss.xYieldPending
                0x200001c4        0x4 ./common/third_party/FreeRTOS/tasks.o
 .bss.xNumOfOverflows
                0x200001c8        0x4 ./common/third_party/FreeRTOS/tasks.o
 .bss.uxTaskNumber
                0x200001cc        0x4 ./common/third_party/FreeRTOS/tasks.o
 .bss.xNextTaskUnblockTime
                0x200001d0        0x4 ./common/third_party/FreeRTOS/tasks.o
 .bss.xIdleTaskHandle
                0x200001d4        0x4 ./common/third_party/FreeRTOS/tasks.o
 .bss.uxSchedulerSuspended
                0x200001d8        0x4 ./common/third_party/FreeRTOS/tasks.o
 .bss.xActiveTimerList1
                0x200001dc       0x14 ./common/third_party/FreeRTOS/timers.o
 .bss.xActiveTimerList2
                0x200001f0       0x14 ./common/third_party/FreeRTOS/timers.o
 .bss.pxCurrentTimerList
                0x20000204        0x4 ./common/third_party/FreeRTOS/timers.o
 .bss.pxOverflowTimerList
                0x20000208        0x4 ./common/third_party/FreeRTOS/timers.o
 .bss.xTimerQueue
                0x2000020c        0x4 ./common/third_party/FreeRTOS/timers.o
 .bss.xTimerTaskHandle
                0x20000210        0x4 ./common/third_party/FreeRTOS/timers.o
 .bss.xLastTime.0
                0x20000214        0x4 ./common/third_party/FreeRTOS/timers.o
 .bss.ucMaxSysCallPriority
                0x20000218        0x1 ./common/third_party/FreeRTOS/portable/GCC/ARM_CM4F/port.o
 *fill*         0x20000219        0x3 
 .bss.ulMaxPRIGROUPValue
                0x2000021c        0x4 ./common/third_party/FreeRTOS/portable/GCC/ARM_CM4F/port.o
 .bss.ucHeap    0x20000220    0x12c00 ./common/third_party/FreeRTOS/portable/MemMang/heap_4.o
 .bss.xStart    0x20012e20        0x8 ./common/third_party/FreeRTOS/portable/MemMang/heap_4.o
 .bss.pxEnd     0x20012e28        0x4 ./common/third_party/FreeRTOS/portable/MemMang/heap_4.o
 .bss.xFreeBytesRemaining
                0x20012e2c        0x4 ./common/third_party/FreeRTOS/portable/MemMang/heap_4.o
 .bss.xMinimumEverFreeBytesRemaining
                0x20012e30        0x4 ./common/third_party/FreeRTOS/portable/MemMang/heap_4.o
 .bss.xNumberOfSuccessfulAllocations
                0x20012e34        0x4 ./common/third_party/FreeRTOS/portable/MemMang/heap_4.o
 .bss.xNumberOfSuccessfulFrees
                0x20012e38        0x4 ./common/third_party/FreeRTOS/portable/MemMang/heap_4.o
 .bss._aTasks   0x20012e3c       0xa0 ./common/third_party/SEGGER/OS/SEGGER_SYSVIEW_FreeRTOS.o
 .bss._NumTasks
                0x20012edc        0x4 ./common/third_party/SEGGER/OS/SEGGER_SYSVIEW_FreeRTOS.o
 .bss._cbOnRx   0x20012ee0        0x4 ./common/third_party/SEGGER/Rec/segger_uart.o
 .bss._cbOnTx   0x20012ee4        0x4 ./common/third_party/SEGGER/Rec/segger_uart.o
 .bss._SEGGER_RTT
                0x20012ee8       0xa8 ./common/third_party/SEGGER/SEGGER/SEGGER_RTT.o
                0x20012ee8                _SEGGER_RTT
 .bss._acUpBuffer
                0x20012f90      0x400 ./common/third_party/SEGGER/SEGGER/SEGGER_RTT.o
 .bss._acDownBuffer
                0x20013390       0x10 ./common/third_party/SEGGER/SEGGER/SEGGER_RTT.o
 .bss._UpBuffer
                0x200133a0     0x1000 ./common/third_party/SEGGER/SEGGER/SEGGER_SYSVIEW.o
 .bss._DownBuffer
                0x200143a0        0x8 ./common/third_party/SEGGER/SEGGER/SEGGER_SYSVIEW.o
 .bss._SYSVIEW_Globals
                0x200143a8       0x28 ./common/third_party/SEGGER/SEGGER/SEGGER_SYSVIEW.o
 .bss._pFirstModule
                0x200143d0        0x4 ./common/third_party/SEGGER/SEGGER/SEGGER_SYSVIEW.o
 .bss._NumModules
                0x200143d4        0x1 ./common/third_party/SEGGER/SEGGER/SEGGER_SYSVIEW.o
 *fill*         0x200143d5        0x3 
 .bss._aPacket  0x200143d8       0xe3 ./common/third_party/SEGGER/SEGGER/SEGGER_SYSVIEW.o
 *(COMMON)
                0x200144bc                        . = ALIGN (0x4)
 *fill*         0x200144bb        0x1 
                0x200144bc                        _ebss = .
                0x200144bc                        __bss_end__ = _ebss

._user_heap_stack
                0x200144bc      0x604 load address 0x08007f70
                0x200144c0                        . = ALIGN (0x8)
 *fill*         0x200144bc        0x4 
                [!provide]                        PROVIDE (end = .)
                0x200144c0                        PROVIDE (_end = .)
                0x200146c0                        . = (. + _Min_Heap_Size)
 *fill*         0x200144c0      0x200 
                0x20014ac0                        . = (. + _Min_Stack_Size)
 *fill*         0x200146c0      0x400 
                0x20014ac0                        . = ALIGN (0x8)

/DISCARD/
 libc.a(*)
 libm.a(*)
 libgcc.a(*)

.ARM.attributes
                0x00000000       0x30
 *(.ARM.attributes)
 .ARM.attributes
                0x00000000       0x22 /Applications/STM32CubeIDE.app/Contents/Eclipse/plugins/com.st.stm32cube.ide.mcu.externaltools.gnu-tools-for-stm32.12.3.rel1.macos64_1.0.200.202406191456/tools/bin/../lib/gcc/arm-none-eabi/12.3.1/thumb/v7e-m+fp/hard/crti.o
 .ARM.attributes
                0x00000022       0x34 /Applications/STM32CubeIDE.app/Contents/Eclipse/plugins/com.st.stm32cube.ide.mcu.externaltools.gnu-tools-for-stm32.12.3.rel1.macos64_1.0.200.202406191456/tools/bin/../lib/gcc/arm-none-eabi/12.3.1/thumb/v7e-m+fp/hard/crtbegin.o
 .ARM.attributes
                0x00000056       0x34 ./Core/Src/main.o
 .ARM.attributes
                0x0000008a       0x34 ./Core/Src/stm32f4xx_hal_msp.o
 .ARM.attributes
                0x000000be       0x34 ./Core/Src/stm32f4xx_hal_timebase_tim.o
 .ARM.attributes
                0x000000f2       0x34 ./Core/Src/stm32f4xx_it.o
 .ARM.attributes
                0x00000126       0x34 ./Core/Src/system_stm32f4xx.o
 .ARM.attributes
                0x0000015a       0x21 ./Core/Startup/startup_stm32f411retx.o
 .ARM.attributes
                0x0000017b       0x34 ./Drivers/STM32F4xx_HAL_Driver/Src/stm32f4xx_hal.o
 .ARM.attributes
                0x000001af       0x34 ./Drivers/STM32F4xx_HAL_Driver/Src/stm32f4xx_hal_cortex.o
 .ARM.attributes
                0x000001e3       0x34 ./Drivers/STM32F4xx_HAL_Driver/Src/stm32f4xx_hal_gpio.o
 .ARM.attributes
                0x00000217       0x34 ./Drivers/STM32F4xx_HAL_Driver/Src/stm32f4xx_hal_rcc.o
 .ARM.attributes
                0x0000024b       0x34 ./Drivers/STM32F4xx_HAL_Driver/Src/stm32f4xx_hal_tim.o
 .ARM.attributes
                0x0000027f       0x34 ./Drivers/STM32F4xx_HAL_Driver/Src/stm32f4xx_hal_tim_ex.o
 .ARM.attributes
                0x000002b3       0x34 ./common/third_party/FreeRTOS/list.o
 .ARM.attributes
                0x000002e7       0x34 ./common/third_party/FreeRTOS/queue.o
 .ARM.attributes
                0x0000031b       0x34 ./common/third_party/FreeRTOS/tasks.o
 .ARM.attributes
                0x0000034f       0x34 ./common/third_party/FreeRTOS/timers.o
 .ARM.attributes
                0x00000383       0x34 ./common/third_party/FreeRTOS/portable/GCC/ARM_CM4F/port.o
 .ARM.attributes
                0x000003b7       0x34 ./common/third_party/FreeRTOS/portable/MemMang/heap_4.o
 .ARM.attributes
                0x000003eb       0x34 ./common/third_party/SEGGER/OS/SEGGER_SYSVIEW_FreeRTOS.o
 .ARM.attributes
                0x0000041f       0x34 ./common/third_party/SEGGER/Rec/segger_uart.o
 .ARM.attributes
                0x00000453       0x34 ./common/third_party/SEGGER/SEGGER/SEGGER_RTT.o
 .ARM.attributes
                0x00000487       0x20 ./common/third_party/SEGGER/SEGGER/SEGGER_RTT_ASM_ARMv7M.o
 .ARM.attributes
                0x000004a7       0x34 ./common/third_party/SEGGER/SEGGER/SEGGER_SYSVIEW.o
 .ARM.attributes
                0x000004db       0x34 ./common/third_party/SEGGER/config/SEGGER_SYSVIEW_Config_FreeRTOS.o
 .ARM.attributes
                0x0000050f       0x34 /Applications/STM32CubeIDE.app/Contents/Eclipse/plugins/com.st.stm32cube.ide.mcu.externaltools.gnu-tools-for-stm32.12.3.rel1.macos64_1.0.200.202406191456/tools/bin/../lib/gcc/arm-none-eabi/12.3.1/../../../../arm-none-eabi/lib/thumb/v7e-m+fp/hard/libc_nano.a(libc_a-memcmp.o)
 .ARM.attributes
                0x00000543       0x34 /Applications/STM32CubeIDE.app/Contents/Eclipse/plugins/com.st.stm32cube.ide.mcu.externaltools.gnu-tools-for-stm32.12.3.rel1.macos64_1.0.200.202406191456/tools/bin/../lib/gcc/arm-none-eabi/12.3.1/../../../../arm-none-eabi/lib/thumb/v7e-m+fp/hard/libc_nano.a(libc_a-memset.o)
 .ARM.attributes
                0x00000577       0x34 /Applications/STM32CubeIDE.app/Contents/Eclipse/plugins/com.st.stm32cube.ide.mcu.externaltools.gnu-tools-for-stm32.12.3.rel1.macos64_1.0.200.202406191456/tools/bin/../lib/gcc/arm-none-eabi/12.3.1/../../../../arm-none-eabi/lib/thumb/v7e-m+fp/hard/libc_nano.a(libc_a-init.o)
 .ARM.attributes
                0x000005ab       0x34 /Applications/STM32CubeIDE.app/Contents/Eclipse/plugins/com.st.stm32cube.ide.mcu.externaltools.gnu-tools-for-stm32.12.3.rel1.macos64_1.0.200.202406191456/tools/bin/../lib/gcc/arm-none-eabi/12.3.1/../../../../arm-none-eabi/lib/thumb/v7e-m+fp/hard/libc_nano.a(libc_a-memcpy-stub.o)
 .ARM.attributes
                0x000005df       0x22 /Applications/STM32CubeIDE.app/Contents/Eclipse/plugins/com.st.stm32cube.ide.mcu.externaltools.gnu-tools-for-stm32.12.3.rel1.macos64_1.0.200.202406191456/tools/bin/../lib/gcc/arm-none-eabi/12.3.1/thumb/v7e-m+fp/hard/libgcc.a(_aeabi_uldivmod.o)
 .ARM.attributes
                0x00000601       0x34 /Applications/STM32CubeIDE.app/Contents/Eclipse/plugins/com.st.stm32cube.ide.mcu.externaltools.gnu-tools-for-stm32.12.3.rel1.macos64_1.0.200.202406191456/tools/bin/../lib/gcc/arm-none-eabi/12.3.1/thumb/v7e-m+fp/hard/libgcc.a(_udivmoddi4.o)
 .ARM.attributes
                0x00000635       0x22 /Applications/STM32CubeIDE.app/Contents/Eclipse/plugins/com.st.stm32cube.ide.mcu.externaltools.gnu-tools-for-stm32.12.3.rel1.macos64_1.0.200.202406191456/tools/bin/../lib/gcc/arm-none-eabi/12.3.1/thumb/v7e-m+fp/hard/libgcc.a(_dvmd_tls.o)
 .ARM.attributes
                0x00000657       0x22 /Applications/STM32CubeIDE.app/Contents/Eclipse/plugins/com.st.stm32cube.ide.mcu.externaltools.gnu-tools-for-stm32.12.3.rel1.macos64_1.0.200.202406191456/tools/bin/../lib/gcc/arm-none-eabi/12.3.1/thumb/v7e-m+fp/hard/crtn.o
OUTPUT(cpp.elf elf32-littlearm)
LOAD linker stubs
LOAD /Applications/STM32CubeIDE.app/Contents/Eclipse/plugins/com.st.stm32cube.ide.mcu.externaltools.gnu-tools-for-stm32.12.3.rel1.macos64_1.0.200.202406191456/tools/bin/../lib/gcc/arm-none-eabi/12.3.1/../../../../arm-none-eabi/lib/thumb/v7e-m+fp/hard/libc.a
LOAD /Applications/STM32CubeIDE.app/Contents/Eclipse/plugins/com.st.stm32cube.ide.mcu.externaltools.gnu-tools-for-stm32.12.3.rel1.macos64_1.0.200.202406191456/tools/bin/../lib/gcc/arm-none-eabi/12.3.1/../../../../arm-none-eabi/lib/thumb/v7e-m+fp/hard/libm.a
LOAD /Applications/STM32CubeIDE.app/Contents/Eclipse/plugins/com.st.stm32cube.ide.mcu.externaltools.gnu-tools-for-stm32.12.3.rel1.macos64_1.0.200.202406191456/tools/bin/../lib/gcc/arm-none-eabi/12.3.1/thumb/v7e-m+fp/hard/libgcc.a

.debug_info     0x00000000    0x1403a
 .debug_info    0x00000000     0x10c6 ./Core/Src/main.o
 .debug_info    0x000010c6      0x2a0 ./Core/Src/stm32f4xx_hal_msp.o
 .debug_info    0x00001366      0xb83 ./Core/Src/stm32f4xx_hal_timebase_tim.o
 .debug_info    0x00001ee9      0x6a4 ./Core/Src/stm32f4xx_it.o
 .debug_info    0x0000258d      0x53e ./Core/Src/system_stm32f4xx.o
 .debug_info    0x00002acb       0x30 ./Core/Startup/startup_stm32f411retx.o
 .debug_info    0x00002afb      0x8c4 ./Drivers/STM32F4xx_HAL_Driver/Src/stm32f4xx_hal.o
 .debug_info    0x000033bf      0xcfc ./Drivers/STM32F4xx_HAL_Driver/Src/stm32f4xx_hal_cortex.o
 .debug_info    0x000040bb      0x6f9 ./Drivers/STM32F4xx_HAL_Driver/Src/stm32f4xx_hal_gpio.o
 .debug_info    0x000047b4      0x8f0 ./Drivers/STM32F4xx_HAL_Driver/Src/stm32f4xx_hal_rcc.o
 .debug_info    0x000050a4     0x2996 ./Drivers/STM32F4xx_HAL_Driver/Src/stm32f4xx_hal_tim.o
 .debug_info    0x00007a3a     0x14d4 ./Drivers/STM32F4xx_HAL_Driver/Src/stm32f4xx_hal_tim_ex.o
 .debug_info    0x00008f0e      0x2af ./common/third_party/FreeRTOS/list.o
 .debug_info    0x000091bd     0x194d ./common/third_party/FreeRTOS/queue.o
 .debug_info    0x0000ab0a     0x2593 ./common/third_party/FreeRTOS/tasks.o
 .debug_info    0x0000d09d      0xe25 ./common/third_party/FreeRTOS/timers.o
 .debug_info    0x0000dec2      0x59d ./common/third_party/FreeRTOS/portable/GCC/ARM_CM4F/port.o
 .debug_info    0x0000e45f      0x523 ./common/third_party/FreeRTOS/portable/MemMang/heap_4.o
 .debug_info    0x0000e982      0x411 ./common/third_party/SEGGER/OS/SEGGER_SYSVIEW_FreeRTOS.o
 .debug_info    0x0000ed93      0x814 ./common/third_party/SEGGER/Rec/segger_uart.o
 .debug_info    0x0000f5a7     0x13d7 ./common/third_party/SEGGER/SEGGER/SEGGER_RTT.o
 .debug_info    0x0001097e       0x25 ./common/third_party/SEGGER/SEGGER/SEGGER_RTT_ASM_ARMv7M.o
 .debug_info    0x000109a3     0x3524 ./common/third_party/SEGGER/SEGGER/SEGGER_SYSVIEW.o
 .debug_info    0x00013ec7      0x173 ./common/third_party/SEGGER/config/SEGGER_SYSVIEW_Config_FreeRTOS.o

.debug_abbrev   0x00000000     0x3253
 .debug_abbrev  0x00000000      0x37a ./Core/Src/main.o
 .debug_abbrev  0x0000037a       0xeb ./Core/Src/stm32f4xx_hal_msp.o
 .debug_abbrev  0x00000465      0x207 ./Core/Src/stm32f4xx_hal_timebase_tim.o
 .debug_abbrev  0x0000066c      0x190 ./Core/Src/stm32f4xx_it.o
 .debug_abbrev  0x000007fc      0x11a ./Core/Src/system_stm32f4xx.o
 .debug_abbrev  0x00000916       0x24 ./Core/Startup/startup_stm32f411retx.o
 .debug_abbrev  0x0000093a      0x24b ./Drivers/STM32F4xx_HAL_Driver/Src/stm32f4xx_hal.o
 .debug_abbrev  0x00000b85      0x31d ./Drivers/STM32F4xx_HAL_Driver/Src/stm32f4xx_hal_cortex.o
 .debug_abbrev  0x00000ea2      0x1d3 ./Drivers/STM32F4xx_HAL_Driver/Src/stm32f4xx_hal_gpio.o
 .debug_abbrev  0x00001075      0x2b6 ./Drivers/STM32F4xx_HAL_Driver/Src/stm32f4xx_hal_rcc.o
 .debug_abbrev  0x0000132b      0x28b ./Drivers/STM32F4xx_HAL_Driver/Src/stm32f4xx_hal_tim.o
 .debug_abbrev  0x000015b6      0x296 ./Drivers/STM32F4xx_HAL_Driver/Src/stm32f4xx_hal_tim_ex.o
 .debug_abbrev  0x0000184c       0xf5 ./common/third_party/FreeRTOS/list.o
 .debug_abbrev  0x00001941      0x323 ./common/third_party/FreeRTOS/queue.o
 .debug_abbrev  0x00001c64      0x3b0 ./common/third_party/FreeRTOS/tasks.o
 .debug_abbrev  0x00002014      0x2cb ./common/third_party/FreeRTOS/timers.o
 .debug_abbrev  0x000022df      0x25a ./common/third_party/FreeRTOS/portable/GCC/ARM_CM4F/port.o
 .debug_abbrev  0x00002539      0x256 ./common/third_party/FreeRTOS/portable/MemMang/heap_4.o
 .debug_abbrev  0x0000278f      0x1a4 ./common/third_party/SEGGER/OS/SEGGER_SYSVIEW_FreeRTOS.o
 .debug_abbrev  0x00002933      0x28c ./common/third_party/SEGGER/Rec/segger_uart.o
 .debug_abbrev  0x00002bbf      0x258 ./common/third_party/SEGGER/SEGGER/SEGGER_RTT.o
 .debug_abbrev  0x00002e17       0x14 ./common/third_party/SEGGER/SEGGER/SEGGER_RTT_ASM_ARMv7M.o
 .debug_abbrev  0x00002e2b      0x349 ./common/third_party/SEGGER/SEGGER/SEGGER_SYSVIEW.o
 .debug_abbrev  0x00003174       0xdf ./common/third_party/SEGGER/config/SEGGER_SYSVIEW_Config_FreeRTOS.o

.debug_aranges  0x00000000     0x1380
 .debug_aranges
                0x00000000       0x60 ./Core/Src/main.o
 .debug_aranges
                0x00000060       0x20 ./Core/Src/stm32f4xx_hal_msp.o
 .debug_aranges
                0x00000080       0x30 ./Core/Src/stm32f4xx_hal_timebase_tim.o
 .debug_aranges
                0x000000b0       0x50 ./Core/Src/stm32f4xx_it.o
 .debug_aranges
                0x00000100       0x28 ./Core/Src/system_stm32f4xx.o
 .debug_aranges
                0x00000128       0x28 ./Core/Startup/startup_stm32f411retx.o
 .debug_aranges
                0x00000150       0xf0 ./Drivers/STM32F4xx_HAL_Driver/Src/stm32f4xx_hal.o
 .debug_aranges
                0x00000240      0x130 ./Drivers/STM32F4xx_HAL_Driver/Src/stm32f4xx_hal_cortex.o
 .debug_aranges
                0x00000370       0x58 ./Drivers/STM32F4xx_HAL_Driver/Src/stm32f4xx_hal_gpio.o
 .debug_aranges
                0x000003c8       0x88 ./Drivers/STM32F4xx_HAL_Driver/Src/stm32f4xx_hal_rcc.o
 .debug_aranges
                0x00000450      0x3d0 ./Drivers/STM32F4xx_HAL_Driver/Src/stm32f4xx_hal_tim.o
 .debug_aranges
                0x00000820      0x168 ./Drivers/STM32F4xx_HAL_Driver/Src/stm32f4xx_hal_tim_ex.o
 .debug_aranges
                0x00000988       0x40 ./common/third_party/FreeRTOS/list.o
 .debug_aranges
                0x000009c8      0x130 ./common/third_party/FreeRTOS/queue.o
 .debug_aranges
                0x00000af8      0x208 ./common/third_party/FreeRTOS/tasks.o
 .debug_aranges
                0x00000d00       0xe8 ./common/third_party/FreeRTOS/timers.o
 .debug_aranges
                0x00000de8       0x88 ./common/third_party/FreeRTOS/portable/GCC/ARM_CM4F/port.o
 .debug_aranges
                0x00000e70       0x60 ./common/third_party/FreeRTOS/portable/MemMang/heap_4.o
 .debug_aranges
                0x00000ed0       0x48 ./common/third_party/SEGGER/OS/SEGGER_SYSVIEW_FreeRTOS.o
 .debug_aranges
                0x00000f18       0x68 ./common/third_party/SEGGER/Rec/segger_uart.o
 .debug_aranges
                0x00000f80      0x138 ./common/third_party/SEGGER/SEGGER/SEGGER_RTT.o
 .debug_aranges
                0x000010b8       0x20 ./common/third_party/SEGGER/SEGGER/SEGGER_RTT_ASM_ARMv7M.o
 .debug_aranges
                0x000010d8      0x280 ./common/third_party/SEGGER/SEGGER/SEGGER_SYSVIEW.o
 .debug_aranges
                0x00001358       0x28 ./common/third_party/SEGGER/config/SEGGER_SYSVIEW_Config_FreeRTOS.o

.debug_rnglists
                0x00000000      0xefb
 .debug_rnglists
                0x00000000       0x49 ./Core/Src/main.o
 .debug_rnglists
                0x00000049       0x13 ./Core/Src/stm32f4xx_hal_msp.o
 .debug_rnglists
                0x0000005c       0x20 ./Core/Src/stm32f4xx_hal_timebase_tim.o
 .debug_rnglists
                0x0000007c       0x37 ./Core/Src/stm32f4xx_it.o
 .debug_rnglists
                0x000000b3       0x1a ./Core/Src/system_stm32f4xx.o
 .debug_rnglists
                0x000000cd       0x19 ./Core/Startup/startup_stm32f411retx.o
 .debug_rnglists
                0x000000e6       0xaf ./Drivers/STM32F4xx_HAL_Driver/Src/stm32f4xx_hal.o
 .debug_rnglists
                0x00000195       0xe0 ./Drivers/STM32F4xx_HAL_Driver/Src/stm32f4xx_hal_cortex.o
 .debug_rnglists
                0x00000275       0x3f ./Drivers/STM32F4xx_HAL_Driver/Src/stm32f4xx_hal_gpio.o
 .debug_rnglists
                0x000002b4       0x66 ./Drivers/STM32F4xx_HAL_Driver/Src/stm32f4xx_hal_rcc.o
 .debug_rnglists
                0x0000031a      0x31a ./Drivers/STM32F4xx_HAL_Driver/Src/stm32f4xx_hal_tim.o
 .debug_rnglists
                0x00000634      0x125 ./Drivers/STM32F4xx_HAL_Driver/Src/stm32f4xx_hal_tim_ex.o
 .debug_rnglists
                0x00000759       0x2b ./common/third_party/FreeRTOS/list.o
 .debug_rnglists
                0x00000784       0xec ./common/third_party/FreeRTOS/queue.o
 .debug_rnglists
                0x00000870      0x1a1 ./common/third_party/FreeRTOS/tasks.o
 .debug_rnglists
                0x00000a11       0xad ./common/third_party/FreeRTOS/timers.o
 .debug_rnglists
                0x00000abe       0x64 ./common/third_party/FreeRTOS/portable/GCC/ARM_CM4F/port.o
 .debug_rnglists
                0x00000b22       0x48 ./common/third_party/FreeRTOS/portable/MemMang/heap_4.o
 .debug_rnglists
                0x00000b6a       0x36 ./common/third_party/SEGGER/OS/SEGGER_SYSVIEW_FreeRTOS.o
 .debug_rnglists
                0x00000ba0       0x4b ./common/third_party/SEGGER/Rec/segger_uart.o
 .debug_rnglists
                0x00000beb       0xf5 ./common/third_party/SEGGER/SEGGER/SEGGER_RTT.o
 .debug_rnglists
                0x00000ce0      0x202 ./common/third_party/SEGGER/SEGGER/SEGGER_SYSVIEW.o
 .debug_rnglists
                0x00000ee2       0x19 ./common/third_party/SEGGER/config/SEGGER_SYSVIEW_Config_FreeRTOS.o

.debug_macro    0x00000000    0x19193
 .debug_macro   0x00000000      0x3a3 ./Core/Src/main.o
 .debug_macro   0x000003a3      0xab4 ./Core/Src/main.o
 .debug_macro   0x00000e57      0x295 ./Core/Src/main.o
 .debug_macro   0x000010ec       0x2e ./Core/Src/main.o
 .debug_macro   0x0000111a       0x28 ./Core/Src/main.o
 .debug_macro   0x00001142       0x22 ./Core/Src/main.o
 .debug_macro   0x00001164       0x8e ./Core/Src/main.o
 .debug_macro   0x000011f2       0x51 ./Core/Src/main.o
 .debug_macro   0x00001243      0x103 ./Core/Src/main.o
 .debug_macro   0x00001346       0x6a ./Core/Src/main.o
 .debug_macro   0x000013b0      0x1df ./Core/Src/main.o
 .debug_macro   0x0000158f       0x1c ./Core/Src/main.o
 .debug_macro   0x000015ab       0x22 ./Core/Src/main.o
 .debug_macro   0x000015cd       0xfb ./Core/Src/main.o
 .debug_macro   0x000016c8     0x1011 ./Core/Src/main.o
 .debug_macro   0x000026d9      0x11f ./Core/Src/main.o
 .debug_macro   0x000027f8     0xb953 ./Core/Src/main.o
 .debug_macro   0x0000e14b       0x6d ./Core/Src/main.o
 .debug_macro   0x0000e1b8     0x369a ./Core/Src/main.o
 .debug_macro   0x00011852      0x189 ./Core/Src/main.o
 .debug_macro   0x000119db       0x5c ./Core/Src/main.o
 .debug_macro   0x00011a37      0x45c ./Core/Src/main.o
 .debug_macro   0x00011e93      0x9e9 ./Core/Src/main.o
 .debug_macro   0x0001287c      0x115 ./Core/Src/main.o
 .debug_macro   0x00012991      0x11b ./Core/Src/main.o
 .debug_macro   0x00012aac       0xa5 ./Core/Src/main.o
 .debug_macro   0x00012b51      0x15f ./Core/Src/main.o
 .debug_macro   0x00012cb0      0x287 ./Core/Src/main.o
 .debug_macro   0x00012f37       0x5f ./Core/Src/main.o
 .debug_macro   0x00012f96      0x236 ./Core/Src/main.o
 .debug_macro   0x000131cc      0x132 ./Core/Src/main.o
 .debug_macro   0x000132fe      0x264 ./Core/Src/main.o
 .debug_macro   0x00013562       0x2e ./Core/Src/main.o
 .debug_macro   0x00013590      0x127 ./Core/Src/main.o
 .debug_macro   0x000136b7       0x85 ./Core/Src/main.o
 .debug_macro   0x0001373c       0x89 ./Core/Src/main.o
 .debug_macro   0x000137c5      0x8ed ./Core/Src/main.o
 .debug_macro   0x000140b2       0x47 ./Core/Src/main.o
 .debug_macro   0x000140f9      0x126 ./Core/Src/main.o
 .debug_macro   0x0001421f       0x1c ./Core/Src/main.o
 .debug_macro   0x0001423b       0x61 ./Core/Src/main.o
 .debug_macro   0x0001429c       0x2a ./Core/Src/main.o
 .debug_macro   0x000142c6       0x43 ./Core/Src/main.o
 .debug_macro   0x00014309       0x34 ./Core/Src/main.o
 .debug_macro   0x0001433d       0x16 ./Core/Src/main.o
 .debug_macro   0x00014353       0x35 ./Core/Src/main.o
 .debug_macro   0x00014388      0x369 ./Core/Src/main.o
 .debug_macro   0x000146f1       0x10 ./Core/Src/main.o
 .debug_macro   0x00014701       0x16 ./Core/Src/main.o
 .debug_macro   0x00014717       0x43 ./Core/Src/main.o
 .debug_macro   0x0001475a       0x34 ./Core/Src/main.o
 .debug_macro   0x0001478e       0x10 ./Core/Src/main.o
 .debug_macro   0x0001479e       0x58 ./Core/Src/main.o
 .debug_macro   0x000147f6       0x8e ./Core/Src/main.o
 .debug_macro   0x00014884       0x1c ./Core/Src/main.o
 .debug_macro   0x000148a0      0x177 ./Core/Src/main.o
 .debug_macro   0x00014a17       0x16 ./Core/Src/main.o
 .debug_macro   0x00014a2d       0x16 ./Core/Src/main.o
 .debug_macro   0x00014a43      0x146 ./Core/Src/main.o
 .debug_macro   0x00014b89      0x106 ./Core/Src/main.o
 .debug_macro   0x00014c8f       0x4c ./Core/Src/main.o
 .debug_macro   0x00014cdb       0x46 ./Core/Src/main.o
 .debug_macro   0x00014d21       0x64 ./Core/Src/main.o
 .debug_macro   0x00014d85       0x16 ./Core/Src/main.o
 .debug_macro   0x00014d9b       0x49 ./Core/Src/main.o
 .debug_macro   0x00014de4       0xbc ./Core/Src/main.o
 .debug_macro   0x00014ea0      0x204 ./Core/Src/main.o
 .debug_macro   0x000150a4      0x450 ./Core/Src/main.o
 .debug_macro   0x000154f4      0x15a ./Core/Src/main.o
 .debug_macro   0x0001564e       0xea ./Core/Src/main.o
 .debug_macro   0x00015738       0x28 ./Core/Src/main.o
 .debug_macro   0x00015760       0x1f ./Core/Src/main.o
 .debug_macro   0x0001577f       0x12 ./Core/Src/main.o
 .debug_macro   0x00015791      0x400 ./Core/Src/main.o
 .debug_macro   0x00015b91       0xc3 ./Core/Src/main.o
 .debug_macro   0x00015c54      0x120 ./Core/Src/main.o
 .debug_macro   0x00015d74       0x10 ./Core/Src/main.o
 .debug_macro   0x00015d84       0x80 ./Core/Src/main.o
 .debug_macro   0x00015e04       0x77 ./Core/Src/main.o
 .debug_macro   0x00015e7b      0x288 ./Core/Src/stm32f4xx_hal_msp.o
 .debug_macro   0x00016103       0x58 ./Core/Src/stm32f4xx_hal_msp.o
 .debug_macro   0x0001615b      0x1c4 ./Core/Src/stm32f4xx_hal_timebase_tim.o
 .debug_macro   0x0001631f      0x1dd ./Core/Src/stm32f4xx_it.o
 .debug_macro   0x000164fc      0x1c4 ./Core/Src/system_stm32f4xx.o
 .debug_macro   0x000166c0      0x224 ./Drivers/STM32F4xx_HAL_Driver/Src/stm32f4xx_hal.o
 .debug_macro   0x000168e4      0x1c4 ./Drivers/STM32F4xx_HAL_Driver/Src/stm32f4xx_hal_cortex.o
 .debug_macro   0x00016aa8      0x1ca ./Drivers/STM32F4xx_HAL_Driver/Src/stm32f4xx_hal_gpio.o
 .debug_macro   0x00016c72      0x1e8 ./Drivers/STM32F4xx_HAL_Driver/Src/stm32f4xx_hal_rcc.o
 .debug_macro   0x00016e5a      0x1c5 ./Drivers/STM32F4xx_HAL_Driver/Src/stm32f4xx_hal_tim.o
 .debug_macro   0x0001701f      0x1c4 ./Drivers/STM32F4xx_HAL_Driver/Src/stm32f4xx_hal_tim_ex.o
 .debug_macro   0x000171e3      0x1f8 ./common/third_party/FreeRTOS/list.o
 .debug_macro   0x000173db      0x28e ./common/third_party/FreeRTOS/queue.o
 .debug_macro   0x00017669       0x16 ./common/third_party/FreeRTOS/queue.o
 .debug_macro   0x0001767f       0x20 ./common/third_party/FreeRTOS/queue.o
 .debug_macro   0x0001769f      0x2e5 ./common/third_party/FreeRTOS/tasks.o
 .debug_macro   0x00017984       0x17 ./common/third_party/FreeRTOS/tasks.o
 .debug_macro   0x0001799b      0x246 ./common/third_party/FreeRTOS/timers.o
 .debug_macro   0x00017be1       0x97 ./common/third_party/FreeRTOS/timers.o
 .debug_macro   0x00017c78      0x207 ./common/third_party/FreeRTOS/portable/GCC/ARM_CM4F/port.o
 .debug_macro   0x00017e7f      0x279 ./common/third_party/FreeRTOS/portable/MemMang/heap_4.o
 .debug_macro   0x000180f8      0x207 ./common/third_party/SEGGER/OS/SEGGER_SYSVIEW_FreeRTOS.o
 .debug_macro   0x000182ff      0x41c ./common/third_party/SEGGER/Rec/segger_uart.o
 .debug_macro   0x0001871b       0x3a ./common/third_party/SEGGER/Rec/segger_uart.o
 .debug_macro   0x00018755      0x138 ./common/third_party/SEGGER/Rec/segger_uart.o
 .debug_macro   0x0001888d       0x56 ./common/third_party/SEGGER/Rec/segger_uart.o
 .debug_macro   0x000188e3      0x1bd ./common/third_party/SEGGER/SEGGER/SEGGER_RTT.o
 .debug_macro   0x00018aa0       0x34 ./common/third_party/SEGGER/SEGGER/SEGGER_RTT.o
 .debug_macro   0x00018ad4      0x212 ./common/third_party/SEGGER/SEGGER/SEGGER_SYSVIEW.o
 .debug_macro   0x00018ce6      0x204 ./common/third_party/SEGGER/SEGGER/SEGGER_SYSVIEW.o
 .debug_macro   0x00018eea      0x16e ./common/third_party/SEGGER/SEGGER/SEGGER_SYSVIEW.o
 .debug_macro   0x00019058      0x13b ./common/third_party/SEGGER/config/SEGGER_SYSVIEW_Config_FreeRTOS.o

.debug_line     0x00000000    0x15ca1
 .debug_line    0x00000000      0xd36 ./Core/Src/main.o
 .debug_line    0x00000d36      0x9af ./Core/Src/stm32f4xx_hal_msp.o
 .debug_line    0x000016e5      0x747 ./Core/Src/stm32f4xx_hal_timebase_tim.o
 .debug_line    0x00001e2c      0x768 ./Core/Src/stm32f4xx_it.o
 .debug_line    0x00002594      0x750 ./Core/Src/system_stm32f4xx.o
 .debug_line    0x00002ce4       0x7a ./Core/Startup/startup_stm32f411retx.o
 .debug_line    0x00002d5e      0x9b9 ./Drivers/STM32F4xx_HAL_Driver/Src/stm32f4xx_hal.o
 .debug_line    0x00003717      0xcab ./Drivers/STM32F4xx_HAL_Driver/Src/stm32f4xx_hal_cortex.o
 .debug_line    0x000043c2      0xb09 ./Drivers/STM32F4xx_HAL_Driver/Src/stm32f4xx_hal_gpio.o
 .debug_line    0x00004ecb      0xd42 ./Drivers/STM32F4xx_HAL_Driver/Src/stm32f4xx_hal_rcc.o
 .debug_line    0x00005c0d     0x3537 ./Drivers/STM32F4xx_HAL_Driver/Src/stm32f4xx_hal_tim.o
 .debug_line    0x00009144     0x194a ./Drivers/STM32F4xx_HAL_Driver/Src/stm32f4xx_hal_tim_ex.o
 .debug_line    0x0000aa8e      0x91c ./common/third_party/FreeRTOS/list.o
 .debug_line    0x0000b3aa     0x1888 ./common/third_party/FreeRTOS/queue.o
 .debug_line    0x0000cc32     0x203c ./common/third_party/FreeRTOS/tasks.o
 .debug_line    0x0000ec6e      0xe63 ./common/third_party/FreeRTOS/timers.o
 .debug_line    0x0000fad1      0xa93 ./common/third_party/FreeRTOS/portable/GCC/ARM_CM4F/port.o
 .debug_line    0x00010564      0xb9d ./common/third_party/FreeRTOS/portable/MemMang/heap_4.o
 .debug_line    0x00011101      0x9ef ./common/third_party/SEGGER/OS/SEGGER_SYSVIEW_FreeRTOS.o
 .debug_line    0x00011af0      0xbaa ./common/third_party/SEGGER/Rec/segger_uart.o
 .debug_line    0x0001269a      0xed8 ./common/third_party/SEGGER/SEGGER/SEGGER_RTT.o
 .debug_line    0x00013572       0x86 ./common/third_party/SEGGER/SEGGER/SEGGER_RTT_ASM_ARMv7M.o
 .debug_line    0x000135f8     0x1fbc ./common/third_party/SEGGER/SEGGER/SEGGER_SYSVIEW.o
 .debug_line    0x000155b4      0x6ed ./common/third_party/SEGGER/config/SEGGER_SYSVIEW_Config_FreeRTOS.o

.debug_str      0x00000000    0x9bb10
 .debug_str     0x00000000    0x92d67 ./Core/Src/main.o
                              0x93148 (size before relaxing)
 .debug_str     0x00092d67       0x40 ./Core/Src/stm32f4xx_hal_msp.o
                              0x8c457 (size before relaxing)
 .debug_str     0x00092da7      0x4b9 ./Core/Src/stm32f4xx_hal_timebase_tim.o
                              0x85c67 (size before relaxing)
 .debug_str     0x00093260       0xb5 ./Core/Src/stm32f4xx_it.o
                              0x85702 (size before relaxing)
 .debug_str     0x00093315       0xdb ./Core/Src/system_stm32f4xx.o
                              0x852c8 (size before relaxing)
 .debug_str     0x000933f0       0x44 ./Core/Startup/startup_stm32f411retx.o
                                 0x80 (size before relaxing)
 .debug_str     0x00093434      0x5c9 ./Drivers/STM32F4xx_HAL_Driver/Src/stm32f4xx_hal.o
                              0x85cf4 (size before relaxing)
 .debug_str     0x000939fd      0x37f ./Drivers/STM32F4xx_HAL_Driver/Src/stm32f4xx_hal_cortex.o
                              0x85a5e (size before relaxing)
 .debug_str     0x00093d7c      0x120 ./Drivers/STM32F4xx_HAL_Driver/Src/stm32f4xx_hal_gpio.o
                              0x85443 (size before relaxing)
 .debug_str     0x00093e9c      0x1fd ./Drivers/STM32F4xx_HAL_Driver/Src/stm32f4xx_hal_rcc.o
                              0x856fc (size before relaxing)
 .debug_str     0x00094099      0xe79 ./Drivers/STM32F4xx_HAL_Driver/Src/stm32f4xx_hal_tim.o
                              0x86640 (size before relaxing)
 .debug_str     0x00094f12      0x503 ./Drivers/STM32F4xx_HAL_Driver/Src/stm32f4xx_hal_tim_ex.o
                              0x85e4c (size before relaxing)
 .debug_str     0x00095415      0x26d ./common/third_party/FreeRTOS/list.o
                               0xf0a4 (size before relaxing)
 .debug_str     0x00095682      0xd91 ./common/third_party/FreeRTOS/queue.o
                              0x11874 (size before relaxing)
 .debug_str     0x00096413     0x1c3d ./common/third_party/FreeRTOS/tasks.o
                              0x12450 (size before relaxing)
 .debug_str     0x00098050      0x54c ./common/third_party/FreeRTOS/timers.o
                              0x1192b (size before relaxing)
 .debug_str     0x0009859c      0x841 ./common/third_party/FreeRTOS/portable/GCC/ARM_CM4F/port.o
                               0xd962 (size before relaxing)
 .debug_str     0x00098ddd      0x5df ./common/third_party/FreeRTOS/portable/MemMang/heap_4.o
                              0x108ce (size before relaxing)
 .debug_str     0x000993bc      0x143 ./common/third_party/SEGGER/OS/SEGGER_SYSVIEW_FreeRTOS.o
                              0x102f9 (size before relaxing)
 .debug_str     0x000994ff     0x1028 ./common/third_party/SEGGER/Rec/segger_uart.o
                              0x8b195 (size before relaxing)
 .debug_str     0x0009a527      0x736 ./common/third_party/SEGGER/SEGGER/SEGGER_RTT.o
                               0x7c11 (size before relaxing)
 .debug_str     0x0009ac5d       0x3c ./common/third_party/SEGGER/SEGGER/SEGGER_RTT_ASM_ARMv7M.o
                                 0x86 (size before relaxing)
 .debug_str     0x0009ac99      0xd64 ./common/third_party/SEGGER/SEGGER/SEGGER_SYSVIEW.o
                               0x9c65 (size before relaxing)
 .debug_str     0x0009b9fd      0x113 ./common/third_party/SEGGER/config/SEGGER_SYSVIEW_Config_FreeRTOS.o
                               0xb415 (size before relaxing)

.comment        0x00000000       0x43
 .comment       0x00000000       0x43 ./Core/Src/main.o
                                 0x44 (size before relaxing)
 .comment       0x00000043       0x44 ./Core/Src/stm32f4xx_hal_msp.o
 .comment       0x00000043       0x44 ./Core/Src/stm32f4xx_hal_timebase_tim.o
 .comment       0x00000043       0x44 ./Core/Src/stm32f4xx_it.o
 .comment       0x00000043       0x44 ./Core/Src/system_stm32f4xx.o
 .comment       0x00000043       0x44 ./Drivers/STM32F4xx_HAL_Driver/Src/stm32f4xx_hal.o
 .comment       0x00000043       0x44 ./Drivers/STM32F4xx_HAL_Driver/Src/stm32f4xx_hal_cortex.o
 .comment       0x00000043       0x44 ./Drivers/STM32F4xx_HAL_Driver/Src/stm32f4xx_hal_gpio.o
 .comment       0x00000043       0x44 ./Drivers/STM32F4xx_HAL_Driver/Src/stm32f4xx_hal_rcc.o
 .comment       0x00000043       0x44 ./Drivers/STM32F4xx_HAL_Driver/Src/stm32f4xx_hal_tim.o
 .comment       0x00000043       0x44 ./Drivers/STM32F4xx_HAL_Driver/Src/stm32f4xx_hal_tim_ex.o
 .comment       0x00000043       0x44 ./common/third_party/FreeRTOS/list.o
 .comment       0x00000043       0x44 ./common/third_party/FreeRTOS/queue.o
 .comment       0x00000043       0x44 ./common/third_party/FreeRTOS/tasks.o
 .comment       0x00000043       0x44 ./common/third_party/FreeRTOS/timers.o
 .comment       0x00000043       0x44 ./common/third_party/FreeRTOS/portable/GCC/ARM_CM4F/port.o
 .comment       0x00000043       0x44 ./common/third_party/FreeRTOS/portable/MemMang/heap_4.o
 .comment       0x00000043       0x44 ./common/third_party/SEGGER/OS/SEGGER_SYSVIEW_FreeRTOS.o
 .comment       0x00000043       0x44 ./common/third_party/SEGGER/Rec/segger_uart.o
 .comment       0x00000043       0x44 ./common/third_party/SEGGER/SEGGER/SEGGER_RTT.o
 .comment       0x00000043       0x44 ./common/third_party/SEGGER/SEGGER/SEGGER_SYSVIEW.o
 .comment       0x00000043       0x44 ./common/third_party/SEGGER/config/SEGGER_SYSVIEW_Config_FreeRTOS.o

.debug_frame    0x00000000     0x5164
 .debug_frame   0x00000000      0x134 ./Core/Src/main.o
 .debug_frame   0x00000134       0x34 ./Core/Src/stm32f4xx_hal_msp.o
 .debug_frame   0x00000168       0x74 ./Core/Src/stm32f4xx_hal_timebase_tim.o
 .debug_frame   0x000001dc       0xc4 ./Core/Src/stm32f4xx_it.o
 .debug_frame   0x000002a0       0x58 ./Core/Src/system_stm32f4xx.o
 .debug_frame   0x000002f8      0x374 ./Drivers/STM32F4xx_HAL_Driver/Src/stm32f4xx_hal.o
 .debug_frame   0x0000066c      0x508 ./Drivers/STM32F4xx_HAL_Driver/Src/stm32f4xx_hal_cortex.o
 .debug_frame   0x00000b74      0x14c ./Drivers/STM32F4xx_HAL_Driver/Src/stm32f4xx_hal_gpio.o
 .debug_frame   0x00000cc0      0x1f4 ./Drivers/STM32F4xx_HAL_Driver/Src/stm32f4xx_hal_rcc.o
 .debug_frame   0x00000eb4     0x11b8 ./Drivers/STM32F4xx_HAL_Driver/Src/stm32f4xx_hal_tim.o
 .debug_frame   0x0000206c      0x638 ./Drivers/STM32F4xx_HAL_Driver/Src/stm32f4xx_hal_tim_ex.o
 .debug_frame   0x000026a4       0xd8 ./common/third_party/FreeRTOS/list.o
 .debug_frame   0x0000277c      0x544 ./common/third_party/FreeRTOS/queue.o
 .debug_frame   0x00002cc0      0x908 ./common/third_party/FreeRTOS/tasks.o
 .debug_frame   0x000035c8      0x3c8 ./common/third_party/FreeRTOS/timers.o
 .debug_frame   0x00003990      0x1d0 ./common/third_party/FreeRTOS/portable/GCC/ARM_CM4F/port.o
 .debug_frame   0x00003b60      0x150 ./common/third_party/FreeRTOS/portable/MemMang/heap_4.o
 .debug_frame   0x00003cb0      0x104 ./common/third_party/SEGGER/OS/SEGGER_SYSVIEW_FreeRTOS.o
 .debug_frame   0x00003db4      0x178 ./common/third_party/SEGGER/Rec/segger_uart.o
 .debug_frame   0x00003f2c      0x530 ./common/third_party/SEGGER/SEGGER/SEGGER_RTT.o
 .debug_frame   0x0000445c      0xbc4 ./common/third_party/SEGGER/SEGGER/SEGGER_SYSVIEW.o
 .debug_frame   0x00005020       0x48 ./common/third_party/SEGGER/config/SEGGER_SYSVIEW_Config_FreeRTOS.o
 .debug_frame   0x00005068       0x28 /Applications/STM32CubeIDE.app/Contents/Eclipse/plugins/com.st.stm32cube.ide.mcu.externaltools.gnu-tools-for-stm32.12.3.rel1.macos64_1.0.200.202406191456/tools/bin/../lib/gcc/arm-none-eabi/12.3.1/../../../../arm-none-eabi/lib/thumb/v7e-m+fp/hard/libc_nano.a(libc_a-memcmp.o)
 .debug_frame   0x00005090       0x20 /Applications/STM32CubeIDE.app/Contents/Eclipse/plugins/com.st.stm32cube.ide.mcu.externaltools.gnu-tools-for-stm32.12.3.rel1.macos64_1.0.200.202406191456/tools/bin/../lib/gcc/arm-none-eabi/12.3.1/../../../../arm-none-eabi/lib/thumb/v7e-m+fp/hard/libc_nano.a(libc_a-memset.o)
 .debug_frame   0x000050b0       0x2c /Applications/STM32CubeIDE.app/Contents/Eclipse/plugins/com.st.stm32cube.ide.mcu.externaltools.gnu-tools-for-stm32.12.3.rel1.macos64_1.0.200.202406191456/tools/bin/../lib/gcc/arm-none-eabi/12.3.1/../../../../arm-none-eabi/lib/thumb/v7e-m+fp/hard/libc_nano.a(libc_a-init.o)
 .debug_frame   0x000050dc       0x28 /Applications/STM32CubeIDE.app/Contents/Eclipse/plugins/com.st.stm32cube.ide.mcu.externaltools.gnu-tools-for-stm32.12.3.rel1.macos64_1.0.200.202406191456/tools/bin/../lib/gcc/arm-none-eabi/12.3.1/../../../../arm-none-eabi/lib/thumb/v7e-m+fp/hard/libc_nano.a(libc_a-memcpy-stub.o)
 .debug_frame   0x00005104       0x2c /Applications/STM32CubeIDE.app/Contents/Eclipse/plugins/com.st.stm32cube.ide.mcu.externaltools.gnu-tools-for-stm32.12.3.rel1.macos64_1.0.200.202406191456/tools/bin/../lib/gcc/arm-none-eabi/12.3.1/thumb/v7e-m+fp/hard/libgcc.a(_aeabi_uldivmod.o)
 .debug_frame   0x00005130       0x34 /Applications/STM32CubeIDE.app/Contents/Eclipse/plugins/com.st.stm32cube.ide.mcu.externaltools.gnu-tools-for-stm32.12.3.rel1.macos64_1.0.200.202406191456/tools/bin/../lib/gcc/arm-none-eabi/12.3.1/thumb/v7e-m+fp/hard/libgcc.a(_udivmoddi4.o)

.debug_line_str
                0x00000000       0xa0
 .debug_line_str
                0x00000000       0x64 ./Core/Startup/startup_stm32f411retx.o
 .debug_line_str
                0x00000064       0x3c ./common/third_party/SEGGER/SEGGER/SEGGER_RTT_ASM_ARMv7M.o
                                 0x78 (size before relaxing)